Archive member included because of file (symbol)

contiki-z1.a(contiki-z1-plat)
                              obj_z1/contiki-z1-main.o (init_platform)
contiki-z1.a(msp430.o)        obj_z1/contiki-z1-main.o (splhigh_)
contiki-z1.a(leds.o)          obj_z1/contiki-z1-main.o (leds_init)
contiki-z1.a(watchdog.o)      obj_z1/contiki-z1-main.o (watchdog_start)
contiki-z1.a(xmem.o)          obj_z1/contiki-z1-main.o (xmem_init)
contiki-z1.a(spi.o)           contiki-z1.a(xmem.o) (spi_init)
contiki-z1.a(cc2420.o)        obj_z1/contiki-z1-main.o (cc2420_set_pan_addr)
contiki-z1.a(cc2420-arch.o)   contiki-z1.a(cc2420.o) (cc2420_arch_init)
contiki-z1.a(node-id.o)       obj_z1/contiki-z1-main.o (node_id_restore)
contiki-z1.a(sensors.o)       hello-world.co (sensors_event)
contiki-z1.a(button-sensor.o)
                              hello-world.co (button_sensor)
contiki-z1.a(uart0.o)         obj_z1/contiki-z1-main.o (uart0_active)
contiki-z1.a(uart0-putchar.o)
                              obj_z1/contiki-z1-main.o (putchar)
contiki-z1.a(z1-sensors.o)    contiki-z1.a(sensors.o) (sensors_flags)
contiki-z1.a(adxl345.o)       obj_z1/contiki-z1-main.o (adxl345)
contiki-z1.a(tmp102.o)        contiki-z1.a(z1-sensors.o) (tmp102)
contiki-z1.a(clock.o)         obj_z1/contiki-z1-main.o (clock_init)
contiki-z1.a(leds-arch.o)     contiki-z1.a(leds.o) (leds_arch_init)
contiki-z1.a(rtimer-arch.o)   obj_z1/contiki-z1-main.o (rtimer_arch_now)
contiki-z1.a(autostart.o)     obj_z1/contiki-z1-main.o (autostart_start)
contiki-z1.a(ctimer.o)        obj_z1/contiki-z1-main.o (ctimer_init)
contiki-z1.a(energest.o)      obj_z1/contiki-z1-main.o (energest_init)
contiki-z1.a(etimer.o)        contiki-z1.a(clock.o) (etimer_request_poll)
contiki-z1.a(process.o)       contiki-z1.a(ctimer.o) (process_current)
contiki-z1.a(rtimer.o)        obj_z1/contiki-z1-main.o (rtimer_init)
contiki-z1.a(timer.o)         contiki-z1.a(button-sensor.o) (timer_set)
contiki-z1.a(list.o)          contiki-z1.a(ctimer.o) (list_init)
contiki-z1.a(random.o)        obj_z1/contiki-z1-main.o (random_init)
contiki-z1.a(sicslowpan.o)    obj_z1/contiki-z1-main.o (sicslowpan_driver)
contiki-z1.a(uip6.o)          contiki-z1.a(sicslowpan.o) (uip_aligned_buf)
contiki-z1.a(uip-ds6.o)       contiki-z1.a(uip6.o) (uip_ds6_is_addr_onlink)
contiki-z1.a(uip-ds6-nbr.o)   contiki-z1.a(uip-ds6.o) (uip_ds6_neighbors_init)
contiki-z1.a(uip-ds6-route.o)
                              contiki-z1.a(uip-ds6.o) (uip_ds6_route_init)
contiki-z1.a(uip-icmp6.o)     contiki-z1.a(uip6.o) (uip_icmp6_input)
contiki-z1.a(uip-nd6.o)       contiki-z1.a(uip6.o) (uip_nd6_init)
contiki-z1.a(tcpip.o)         contiki-z1.a(sicslowpan.o) (tcpip_set_outputfunc)
contiki-z1.a(uip-debug.o)     contiki-z1.a(uip-ds6-route.o) (uip_debug_ipaddr_print)
contiki-z1.a(rpl.o)           contiki-z1.a(uip-ds6-nbr.o) (rpl_link_neighbor_callback)
contiki-z1.a(rpl-dag.o)       contiki-z1.a(rpl.o) (rpl_dag_init)
contiki-z1.a(rpl-ext-header.)
                              contiki-z1.a(uip6.o) (rpl_verify_hbh_header)
contiki-z1.a(rpl-icmp6.o)     contiki-z1.a(rpl-dag.o) (rpl_icmp6_update_nbr_table)
contiki-z1.a(rpl-mrhof.o)     contiki-z1.a(rpl-dag.o) (rpl_mrhof)
contiki-z1.a(rpl-timers.o)    contiki-z1.a(rpl.o) (rpl_reset_periodic_timer)
contiki-z1.a(linkaddr.o)      obj_z1/contiki-z1-main.o (linkaddr_copy)
contiki-z1.a(link-stats.o)    contiki-z1.a(rpl-dag.o) (link_stats_from_lladdr)
contiki-z1.a(nbr-table.o)     contiki-z1.a(uip-ds6-nbr.o) (nbr_table_register)
contiki-z1.a(packetbuf.o)     contiki-z1.a(cc2420.o) (packetbuf_set_datalen)
contiki-z1.a(queuebuf.o)      obj_z1/contiki-z1-main.o (queuebuf_init)
contiki-z1.a(csma.o)          obj_z1/contiki-z1-main.o (csma_driver)
contiki-z1.a(framer-802154.o)
                              contiki-z1.a(sicslowpan.o) (framer_802154)
contiki-z1.a(mac.o)           contiki-z1.a(csma.o) (mac_call_sent_callback)
contiki-z1.a(contikimac.o)    obj_z1/contiki-z1-main.o (contikimac_driver)
contiki-z1.a(nullsec.o)       obj_z1/contiki-z1-main.o (nullsec_driver)
contiki-z1.a(i2cmaster.o)     contiki-z1.a(adxl345.o) (i2c_receiveinit)
contiki-z1.a(stimer.o)        contiki-z1.a(uip-ds6.o) (stimer_set)
contiki-z1.a(memb.o)          contiki-z1.a(uip-ds6-route.o) (memb_init)
contiki-z1.a(rpl-nbr-policy.)
                              contiki-z1.a(nbr-table.o) (rpl_nbr_policy_find_removable)
contiki-z1.a(frame802154.o)   contiki-z1.a(framer-802154.o) (frame802154_get_pan_id)
contiki-z1.a(mac-sequence.o)  contiki-z1.a(contikimac.o) (mac_sequence_is_duplicate)
/usr/local/msp430/bin/../lib/gcc/msp430/4.7.0/mcpu-430x/mmpy-16/msr20/mc20/libgcc.a(_mulsi3.o)
                              contiki-z1.a(rpl-timers.o) (__mulsi3)
/usr/local/msp430/bin/../lib/gcc/msp430/4.7.0/mcpu-430x/mmpy-16/msr20/mc20/libgcc.a(_udivmod16.o)
                              contiki-z1.a(rpl-dag.o) (__udivhi3)
/usr/local/msp430/bin/../lib/gcc/msp430/4.7.0/mcpu-430x/mmpy-16/msr20/mc20/libgcc.a(_divmod16.o)
[...]
Memory Configuration

Name             Origin             Length             Attributes
sfr              0x00000000         0x00000010
peripheral_8bit  0x00000010         0x000000f0
peripheral_16bit 0x00000100         0x00000100
ram_mirror       0x00000200         0x00000800         xw
infomem          0x00001000         0x00000100
infod            0x00001000         0x00000040
infoc            0x00001040         0x00000040
infob            0x00001080         0x00000040
infoa            0x000010c0         0x00000040
ram              0x00001100         0x00002000         xw
rom              0x00003100         0x0000cebe         xr
vectors          0x0000ffc0         0x00000040
far_rom          0x00010000         0x0000a000
bsl              0x00000000         0x00000000
ram2             0x00000000         0x00000000         xw
usbram           0x00000000         0x00000000         xw
*default*        0x00000000         0xffffffff

Linker script and memory map

LOAD /usr/local/msp430/bin/../lib/gcc/msp430/4.7.0/mcpu-430x/mmpy-16/msr20/mc20/crt0ivtbl32.o
                0x00000041                __P1SEL2 = 0x41
                0x00000045                __P5SEL2 = 0x45
LOAD hello-world.co
LOAD obj_z1/contiki-z1-main.o
LOAD contiki-z1.a
LOAD /usr/local/msp430/bin/../lib/gcc/msp430/4.7.0/mcpu-430x/mmpy-16/msr20/mc20/libgcc.a
LOAD /usr/local/msp430/bin/../lib/gcc/msp430/4.7.0/../../../../msp430/lib/mcpu-430x/mmpy-16/msr20/mc20/libc.a
LOAD /usr/local/msp430/bin/../lib/gcc/msp430/4.7.0/mcpu-430x/mmpy-16/msr20/mc20/libgcc.a
LOAD /usr/local/msp430/bin/../lib/gcc/msp430/4.7.0/mcpu-430x/mmpy-16/msr20/mc20/libcrt0.a
                0x00000040                PROVIDE (__info_segment_size, 0x40)
                0x00001000                PROVIDE (__infod, 0x1000)
                0x00001040                PROVIDE (__infoc, 0x1040)
                0x00001080                PROVIDE (__infob, 0x1080)
                0x000010c0                PROVIDE (__infoa, 0x10c0)
                0x00000000                __IE1 = 0x0
                0x00000002                __IFG1 = 0x2
                0x00000001                __IE2 = 0x1
                0x00000003                __IFG2 = 0x3
                0x00000006                __UC1IE = 0x6
                0x00000007                __UC1IFG = 0x7
                0x000001a0                __ADC12CTL0 = 0x1a0
                0x000001a2                __ADC12CTL1 = 0x1a2
                0x000001a4                __ADC12IFG = 0x1a4
                0x000001a6                __ADC12IE = 0x1a6
                0x000001a8                __ADC12IV = 0x1a8
                0x00000140                __ADC12MEM0 = 0x140
                0x00000142                __ADC12MEM1 = 0x142
                0x00000144                __ADC12MEM2 = 0x144
                0x00000146                __ADC12MEM3 = 0x146
                0x00000148                __ADC12MEM4 = 0x148
                0x0000014a                __ADC12MEM5 = 0x14a
                0x0000014c                __ADC12MEM6 = 0x14c
                0x0000014e                __ADC12MEM7 = 0x14e
                0x00000150                __ADC12MEM8 = 0x150
                0x00000152                __ADC12MEM9 = 0x152
                0x00000154                __ADC12MEM10 = 0x154
                0x00000156                __ADC12MEM11 = 0x156
                0x00000158                __ADC12MEM12 = 0x158
                0x0000015a                __ADC12MEM13 = 0x15a
                0x0000015c                __ADC12MEM14 = 0x15c
                0x0000015e                __ADC12MEM15 = 0x15e
                0x00000080                __ADC12MCTL0 = 0x80
                0x00000081                __ADC12MCTL1 = 0x81
                0x00000082                __ADC12MCTL2 = 0x82
                0x00000083                __ADC12MCTL3 = 0x83
                0x00000084                __ADC12MCTL4 = 0x84
                0x00000085                __ADC12MCTL5 = 0x85
                0x00000086                __ADC12MCTL6 = 0x86
                0x00000087                __ADC12MCTL7 = 0x87
                0x00000088                __ADC12MCTL8 = 0x88
                0x00000089                __ADC12MCTL9 = 0x89
                0x0000008a                __ADC12MCTL10 = 0x8a
                0x0000008b                __ADC12MCTL11 = 0x8b
                0x0000008c                __ADC12MCTL12 = 0x8c
                0x0000008d                __ADC12MCTL13 = 0x8d
                0x0000008e                __ADC12MCTL14 = 0x8e
                0x0000008f                __ADC12MCTL15 = 0x8f
                0x00000056                __DCOCTL = 0x56
                0x00000057                __BCSCTL1 = 0x57
                0x00000058                __BCSCTL2 = 0x58
                0x00000053                __BCSCTL3 = 0x53
                0x00000059                __CACTL1 = 0x59
                0x0000005a                __CACTL2 = 0x5a
                0x0000005b                __CAPD = 0x5b
                0x000001c0                __DAC12_0CTL = 0x1c0
                0x000001c2                __DAC12_1CTL = 0x1c2
                0x000001c8                __DAC12_0DAT = 0x1c8
                0x000001ca                __DAC12_1DAT = 0x1ca
                0x00000122                __DMACTL0 = 0x122
                0x00000124                __DMACTL1 = 0x124
                0x00000126                __DMAIV = 0x126
                0x000001d0                __DMA0CTL = 0x1d0
                0x000001dc                __DMA1CTL = 0x1dc
                0x000001e8                __DMA2CTL = 0x1e8
                0x000001d2                __DMA0SA = 0x1d2
                0x000001d2                __DMA0SAL = 0x1d2
                0x000001d6                __DMA0DA = 0x1d6
                0x000001d6                __DMA0DAL = 0x1d6
                0x000001da                __DMA0SZ = 0x1da
                0x000001de                __DMA1SA = 0x1de
                0x000001de                __DMA1SAL = 0x1de
                0x000001e2                __DMA1DA = 0x1e2
                0x000001e2                __DMA1DAL = 0x1e2
                0x000001e6                __DMA1SZ = 0x1e6
                0x000001ea                __DMA2SA = 0x1ea
                0x000001ea                __DMA2SAL = 0x1ea
                0x000001ee                __DMA2DA = 0x1ee
                0x000001ee                __DMA2DAL = 0x1ee
                0x000001f2                __DMA2SZ = 0x1f2
                0x00000128                __FCTL1 = 0x128
                0x0000012a                __FCTL2 = 0x12a
                0x0000012c                __FCTL3 = 0x12c
                0x000001be                __FCTL4 = 0x1be
                0x00000130                __MPY = 0x130
                0x00000132                __MPYS = 0x132
                0x00000134                __MAC = 0x134
                0x00000136                __MACS = 0x136
                0x00000138                __OP2 = 0x138
                0x0000013a                __RESLO = 0x13a
                0x0000013c                __RESHI = 0x13c
                0x0000013e                __SUMEXT = 0x13e
                0x00000020                __P1IN = 0x20
                0x00000021                __P1OUT = 0x21
                0x00000022                __P1DIR = 0x22
                0x00000023                __P1IFG = 0x23
                0x00000024                __P1IES = 0x24
                0x00000025                __P1IE = 0x25
                0x00000026                __P1SEL = 0x26
                0x00000027                __P1REN = 0x27
                0x00000028                __P2IN = 0x28
                0x00000029                __P2OUT = 0x29
                0x0000002a                __P2DIR = 0x2a
                0x0000002b                __P2IFG = 0x2b
                0x0000002c                __P2IES = 0x2c
                0x0000002d                __P2IE = 0x2d
                0x0000002e                __P2SEL = 0x2e
                0x0000002f                __P2REN = 0x2f
                0x00000018                __P3IN = 0x18
                0x00000019                __P3OUT = 0x19
                0x0000001a                __P3DIR = 0x1a
                0x0000001b                __P3SEL = 0x1b
                0x00000010                __P3REN = 0x10
                0x0000001c                __P4IN = 0x1c
                0x0000001d                __P4OUT = 0x1d
                0x0000001e                __P4DIR = 0x1e
                0x0000001f                __P4SEL = 0x1f
                0x00000011                __P4REN = 0x11
                0x00000030                __P5IN = 0x30
                0x00000031                __P5OUT = 0x31
                0x00000032                __P5DIR = 0x32
                0x00000033                __P5SEL = 0x33
                0x00000012                __P5REN = 0x12
                0x00000034                __P6IN = 0x34
                0x00000035                __P6OUT = 0x35
                0x00000036                __P6DIR = 0x36
                0x00000037                __P6SEL = 0x37
                0x00000013                __P6REN = 0x13
                0x00000038                __P7IN = 0x38
                0x0000003a                __P7OUT = 0x3a
                0x0000003c                __P7DIR = 0x3c
                0x0000003e                __P7SEL = 0x3e
                0x00000014                __P7REN = 0x14
                0x00000039                __P8IN = 0x39
                0x0000003b                __P8OUT = 0x3b
                0x0000003d                __P8DIR = 0x3d
                0x0000003f                __P8SEL = 0x3f
                0x00000015                __P8REN = 0x15
                0x00000038                __PAIN = 0x38
                0x0000003a                __PAOUT = 0x3a
                0x0000003c                __PADIR = 0x3c
                0x0000003e                __PASEL = 0x3e
                0x00000014                __PAREN = 0x14
                0x00000055                __SVSCTL = 0x55
                0x0000012e                __TAIV = 0x12e
                0x00000160                __TACTL = 0x160
                0x00000162                __TACCTL0 = 0x162
                0x00000164                __TACCTL1 = 0x164
                0x00000166                __TACCTL2 = 0x166
                0x00000170                __TAR = 0x170
                0x00000172                __TACCR0 = 0x172
                0x00000174                __TACCR1 = 0x174
                0x00000176                __TACCR2 = 0x176
                0x0000011e                __TBIV = 0x11e
                0x00000180                __TBCTL = 0x180
                0x00000182                __TBCCTL0 = 0x182
                0x00000184                __TBCCTL1 = 0x184
                0x00000186                __TBCCTL2 = 0x186
                0x00000188                __TBCCTL3 = 0x188
                0x0000018a                __TBCCTL4 = 0x18a
                0x0000018c                __TBCCTL5 = 0x18c
                0x0000018e                __TBCCTL6 = 0x18e
                0x00000190                __TBR = 0x190
                0x00000192                __TBCCR0 = 0x192
                0x00000194                __TBCCR1 = 0x194
                0x00000196                __TBCCR2 = 0x196
                0x00000198                __TBCCR3 = 0x198
                0x0000019a                __TBCCR4 = 0x19a
                0x0000019c                __TBCCR5 = 0x19c
                0x0000019e                __TBCCR6 = 0x19e
                0x00000060                __UCA0CTL0 = 0x60
                0x00000061                __UCA0CTL1 = 0x61
                0x00000062                __UCA0BR0 = 0x62
                0x00000063                __UCA0BR1 = 0x63
                0x00000064                __UCA0MCTL = 0x64
                0x00000065                __UCA0STAT = 0x65
                0x00000066                __UCA0RXBUF = 0x66
                0x00000067                __UCA0TXBUF = 0x67
                0x0000005d                __UCA0ABCTL = 0x5d
                0x0000005e                __UCA0IRTCTL = 0x5e
                0x0000005f                __UCA0IRRCTL = 0x5f
                0x00000068                __UCB0CTL0 = 0x68
                0x00000069                __UCB0CTL1 = 0x69
                0x0000006a                __UCB0BR0 = 0x6a
                0x0000006b                __UCB0BR1 = 0x6b
                0x0000006c                __UCB0I2CIE = 0x6c
                0x0000006d                __UCB0STAT = 0x6d
                0x0000006e                __UCB0RXBUF = 0x6e
                0x0000006f                __UCB0TXBUF = 0x6f
                0x00000118                __UCB0I2COA = 0x118
                0x0000011a                __UCB0I2CSA = 0x11a
                0x000000d0                __UCA1CTL0 = 0xd0
                0x000000d1                __UCA1CTL1 = 0xd1
                0x000000d2                __UCA1BR0 = 0xd2
                0x000000d3                __UCA1BR1 = 0xd3
                0x000000d4                __UCA1MCTL = 0xd4
                0x000000d5                __UCA1STAT = 0xd5
                0x000000d6                __UCA1RXBUF = 0xd6
                0x000000d7                __UCA1TXBUF = 0xd7
                0x000000cd                __UCA1ABCTL = 0xcd
                0x000000ce                __UCA1IRTCTL = 0xce
                0x000000cf                __UCA1IRRCTL = 0xcf
                0x000000d8                __UCB1CTL0 = 0xd8
                0x000000d9                __UCB1CTL1 = 0xd9
                0x000000da                __UCB1BR0 = 0xda
                0x000000db                __UCB1BR1 = 0xdb
                0x000000dc                __UCB1I2CIE = 0xdc
                0x000000dd                __UCB1STAT = 0xdd
                0x000000de                __UCB1RXBUF = 0xde
                0x000000df                __UCB1TXBUF = 0xdf
                0x0000017c                __UCB1I2COA = 0x17c
                0x0000017e                __UCB1I2CSA = 0x17e
                0x00000120                __WDTCTL = 0x120
                0x000010c0                __TLV_CHECKSUM = 0x10c0
                0x000010f6                __TLV_DCO_30_TAG = 0x10f6
                0x000010f7                __TLV_DCO_30_LEN = 0x10f7
                0x000010da                __TLV_ADC12_1_TAG = 0x10da
                0x000010db                __TLV_ADC12_1_LEN = 0x10db
                0x000010f8                __CALDCO_16MHZ = 0x10f8
                0x000010f9                __CALBC1_16MHZ = 0x10f9
                0x000010fa                __CALDCO_12MHZ = 0x10fa
                0x000010fb                __CALBC1_12MHZ = 0x10fb
                0x000010fc                __CALDCO_8MHZ = 0x10fc
                0x000010fd                __CALBC1_8MHZ = 0x10fd
                0x000010fe                __CALDCO_1MHZ = 0x10fe
                0x000010ff                __CALBC1_1MHZ = 0x10ff

.hash
 *(.hash)

.dynsym
 *(.dynsym)

.dynstr
 *(.dynstr)

.gnu.version
 *(.gnu.version)

.gnu.version_d
 *(.gnu.version_d)

.gnu.version_r
 *(.gnu.version_r)

.rel.init
 *(.rel.init)

.rela.init
 *(.rela.init)

.rel.fini
 *(.rel.fini)

.rela.fini
 *(.rela.fini)

.rel.text
 *(.rel.text .rel.text.* .rel.gnu.linkonce.t.*)

.rela.text
 *(.rela.text .rela.text.* .rela.gnu.linkonce.t.*)

.rel.rodata
 *(.rel.rodata .rel.rodata.* .rel.gnu.linkonce.r.*)

.rela.rodata
 *(.rela.rodata .rela.rodata.* .rela.gnu.linkonce.r.*)

.rel.data
 *(.rel.data .rel.data.* .rel.gnu.linkonce.d.*)

.rela.data
 *(.rela.data .rela.data.* .rela.gnu.linkonce.d.*)

.rel.bss
 *(.rel.bss .rel.bss.* .rel.gnu.linkonce.b.*)

.rela.bss
 *(.rela.bss .rela.bss.* .rela.gnu.linkonce.b.*)

.rel.ctors
 *(.rel.ctors)

.rela.ctors
 *(.rela.ctors)

.rel.dtors
 *(.rel.dtors)

.rela.dtors
 *(.rela.dtors)

.rel.got
 *(.rel.got)

.rela.got
 *(.rela.got)

.rel.plt
 *(.rel.plt)

.rela.plt
 *(.rela.plt)

.text           0x00003100     0xaccc
                0x00003100                . = ALIGN (0x2)
 *(.init .init.*)
 *(.init0)
 .init0         0x00003100        0x0 /usr/local/msp430/bin/../lib/gcc/msp430/4.7.0/mcpu-430x/mmpy-16/msr20/mc20/libcrt0.a(_reset_vector__.o)
                0x00003100                _reset_vector__
 *(.init1)
 .init1         0x00003100        0xc /usr/local/msp430/bin/../lib/gcc/msp430/4.7.0/mcpu-430x/mmpy-16/msr20/mc20/libcrt0.a(__watchdog_support.o)
                0x00003100                __watchdog_support
 *(.init2)
 .init2         0x0000310c        0x4 /usr/local/msp430/bin/../lib/gcc/msp430/4.7.0/mcpu-430x/mmpy-16/msr20/mc20/libcrt0.a(__init_stack.o)
                0x0000310c                __init_stack
 *(.init3)
 .init3         0x00003110        0x0 /usr/local/msp430/bin/../lib/gcc/msp430/4.7.0/mcpu-430x/mmpy-16/msr20/mc20/libcrt0.a(__low_level_init.o)
                0x00003110                __low_level_init
 *(.init4)
 .init4         0x00003110       0x18 /usr/local/msp430/bin/../lib/gcc/msp430/4.7.0/mcpu-430x/mmpy-16/msr20/mc20/libcrt0.a(_copy_data.o)
                0x00003110                __do_copy_data
 .init4         0x00003128       0x16 /usr/local/msp430/bin/../lib/gcc/msp430/4.7.0/mcpu-430x/mmpy-16/msr20/mc20/libcrt0.a(_clear_bss.o)
                0x00003128                __do_clear_bss
 *(.init5)
 *(.init6)
 *(.init7)
 *(.init8)
 *(.init9)
 .init9         0x0000313e      0x350 obj_z1/contiki-z1-main.o
                0x0000313e                main
 *(.fini9)
 .fini9         0x0000348e        0x0 /usr/local/msp430/bin/../lib/gcc/msp430/4.7.0/mcpu-430x/mmpy-16/msr20/mc20/libcrt0.a(__stop_progExec__.o)
                0x0000348e                __stop_progExec__
 *(.fini8)
 *(.fini7)
 *(.fini6)
 *(.fini5)
 *(.fini4)
 *(.fini3)
 *(.fini2)
 *(.fini1)
 *(.fini0)
 .fini0         0x0000348e        0x6 /usr/local/msp430/bin/../lib/gcc/msp430/4.7.0/mcpu-430x/mmpy-16/msr20/mc20/libcrt0.a(_endless_loop__.o)
                0x0000348e                _endless_loop__
 *(.fini .fini.*)
                0x00003494                . = ALIGN (0x2)
                0x00003494                __ctors_start = .
 *(.ctors)
                0x00003494                __ctors_end = .
                0x00003494                __dtors_start = .
 *(.dtors)
                0x00003494                __dtors_end = .
                0x00003494                . = ALIGN (0x2)
 *(.text .text.* .gnu.linkonce.t.*)
 .text          0x00003494        0x4 /usr/local/msp430/bin/../lib/gcc/msp430/4.7.0/mcpu-430x/mmpy-16/msr20/mc20/crt0ivtbl32.o
                0x00003494                __isr_14
                0x00003494                __isr_4
                0x00003494                __isr_29
                0x00003494                __isr_11
                0x00003494                __isr_5
                0x00003494                __isr_2
                0x00003494                __isr_10
                0x00003494                __isr_7
                0x00003494                __isr_0
                0x00003494                __isr_28
                0x00003494                __isr_8
                0x00003494                __isr_20
                0x00003494                __isr_3
                0x00003494                __isr_12
                0x00003494                __isr_13
                0x00003494                __isr_27
                0x00003494                __isr_9
                0x00003494                __isr_30
                0x00003494                __isr_6
                0x00003494                __isr_22
                0x00003494                __isr_1
                0x00003494                __isr_15
                0x00003494                __isr_21
 .text.libgcc   0x00003498       0x26 /usr/local/msp430/bin/../lib/gcc/msp430/4.7.0/mcpu-430x/mmpy-16/msr20/mc20/libgcc.a(_mulsi3.o)
                0x00003498                __mulsi3
 .text.libgcc   0x000034be       0x22 /usr/local/msp430/bin/../lib/gcc/msp430/4.7.0/mcpu-430x/mmpy-16/msr20/mc20/libgcc.a(_udivmod16.o)
                0x000034be                __udivhi3
                0x000034be                __ext_udivmod16
                0x000034d8                __umodhi3
 .text.libgcc   0x000034e0       0x3a /usr/local/msp430/bin/../lib/gcc/msp430/4.7.0/mcpu-430x/mmpy-16/msr20/mc20/libgcc.a(_divmod16.o)
                0x000034e0                __ext_divmod16
                0x000034e0                __divhi3
                0x00003512                __modhi3
 .text.libgcc   0x0000351a       0x38 /usr/local/msp430/bin/../lib/gcc/msp430/4.7.0/mcpu-430x/mmpy-16/msr20/mc20/libgcc.a(_udivmod32.o)
                0x0000351a                __udivsi3
                0x0000351a                __ext_udivmod32
                0x00003548                __umodsi3
 .text.libgcc   0x00003552       0x4c /usr/local/msp430/bin/../lib/gcc/msp430/4.7.0/mcpu-430x/mmpy-16/msr20/mc20/libgcc.a(_divmod32.o)
                0x00003552                __ext_divmod32
                0x00003552                __divsi3
                0x00003594                __modsi3
 .text.printf   0x0000359e       0x10 /usr/local/msp430/bin/../lib/gcc/msp430/4.7.0/../../../../msp430/lib/mcpu-430x/mmpy-16/msr20/mc20/libc.a(printf.o)
                0x0000359e                printf
 .text.print_field
                0x000035ae      0x176 /usr/local/msp430/bin/../lib/gcc/msp430/4.7.0/../../../../msp430/lib/mcpu-430x/mmpy-16/msr20/mc20/libc.a(vuprintf.o)
 .text.vuprintf
                0x00003724      0x74c /usr/local/msp430/bin/../lib/gcc/msp430/4.7.0/../../../../msp430/lib/mcpu-430x/mmpy-16/msr20/mc20/libc.a(vuprintf.o)
                0x00003724                vuprintf
 .text.puts     0x00003e70       0x2c /usr/local/msp430/bin/../lib/gcc/msp430/4.7.0/../../../../msp430/lib/mcpu-430x/mmpy-16/msr20/mc20/libc.a(puts.o)
                0x00003e70                puts
 .text.rand     0x00003e9c       0x26 /usr/local/msp430/bin/../lib/gcc/msp430/4.7.0/../../../../msp430/lib/mcpu-430x/mmpy-16/msr20/mc20/libc.a(rand.o)
                0x00003e9c                rand
 .text.srand    0x00003ec2        0xa /usr/local/msp430/bin/../lib/gcc/msp430/4.7.0/../../../../msp430/lib/mcpu-430x/mmpy-16/msr20/mc20/libc.a(rand.o)
                0x00003ec2                srand
 .text.memcmp   0x00003ecc       0x2c /usr/local/msp430/bin/../lib/gcc/msp430/4.7.0/../../../../msp430/lib/mcpu-430x/mmpy-16/msr20/mc20/libc.a(memcmp.o)
                0x00003ecc                memcmp
 .text.memcpy   0x00003ef8       0xe8 /usr/local/msp430/bin/../lib/gcc/msp430/4.7.0/../../../../msp430/lib/mcpu-430x/mmpy-16/msr20/mc20/libc.a(memcpy.o)
                0x00003ef8                memcpy
 .text.memmove  0x00003fe0       0xe8 /usr/local/msp430/bin/../lib/gcc/msp430/4.7.0/../../../../msp430/lib/mcpu-430x/mmpy-16/msr20/mc20/libc.a(memmove.o)
                0x00003fe0                memmove
 .text.memset   0x000040c8       0x5c /usr/local/msp430/bin/../lib/gcc/msp430/4.7.0/../../../../msp430/lib/mcpu-430x/mmpy-16/msr20/mc20/libc.a(memset.o)
                0x000040c8                memset
 .text.libgcc   0x00004124       0xbc /usr/local/msp430/bin/../lib/gcc/msp430/4.7.0/mcpu-430x/mmpy-16/msr20/mc20/libgcc.a(_udivmod64.o)
                0x00004124                __xabi_udivmod64
                0x00004176                __udivdi3
                0x00004190                __umoddi3
                0x000041b2                __udivmoddi4
 .text.crt0     0x000041e0        0x2 /usr/local/msp430/bin/../lib/gcc/msp430/4.7.0/mcpu-430x/mmpy-16/msr20/mc20/libcrt0.a(_unexpected_.o)
                0x000041e0                _unexpected_
 *(.near.text .near.text.*)
 .near.text.watchdog_interrupt
                0x000041e2        0x6 contiki-z1.a(watchdog.o)
                0x000041e2                __isr_26
                0x000041e2                watchdog_interrupt
 .near.text.irq_p2
                0x000041e8       0x76 contiki-z1.a(button-sensor.o)
                0x000041e8                irq_p2
                0x000041e8                __isr_19
 .near.text.uart0_rx_interrupt
                0x0000425e       0x64 contiki-z1.a(uart0.o)
                0x0000425e                __isr_23
                0x0000425e                uart0_rx_interrupt
 .near.text.port1_isr
                0x000042c2       0xbe contiki-z1.a(adxl345.o)
                0x000042c2                port1_isr
                0x000042c2                __isr_18
 .near.text.timera1
                0x00004380      0x10a contiki-z1.a(clock.o)
                0x00004380                __isr_24
                0x00004380                timera1
 .near.text.timera0
                0x0000448a       0x5c contiki-z1.a(rtimer-arch.o)
                0x0000448a                __isr_25
                0x0000448a                timera0
 .near.text.i2c_tx_interrupt
                0x000044e6       0x84 contiki-z1.a(i2cmaster.o)
                0x000044e6                __isr_16
                0x000044e6                i2c_tx_interrupt
 .near.text.i2c_rx_interrupt
                0x0000456a       0x14 contiki-z1.a(i2cmaster.o)
                0x0000456a                i2c_rx_interrupt
                0x0000456a                __isr_17
 .any.text.process_thread_process_timer
                0x0000457e       0x54 hello-world.co
 .any.text.f_leds_check
                0x000045d2       0x4c hello-world.co
                0x000045d2                f_leds_check
 .any.text.process_thread_process_leds
                0x0000461e       0xae hello-world.co
 .any.text.init_platform
                0x000046cc        0xc contiki-z1.a(contiki-z1-plat)
                0x000046cc                init_platform
 .any.text.msp430_init_dco
                0x000046d8       0x28 contiki-z1.a(msp430.o)
                0x000046d8                msp430_init_dco
 .any.text.splhigh_
                0x00004700        0x8 contiki-z1.a(msp430.o)
                0x00004700                splhigh_
 .any.text.msp430_sync_dco
                0x00004708       0x6e contiki-z1.a(msp430.o)
                0x00004708                msp430_sync_dco
 .any.text.msp430_cpu_init
                0x00004776       0x2e contiki-z1.a(msp430.o)
                0x00004776                msp430_cpu_init
 .any.text.show_leds
                0x000047a4       0xe8 contiki-z1.a(leds.o)
 .any.text.leds_init
                0x0000488c        0xa contiki-z1.a(leds.o)
                0x0000488c                leds_init
 .any.text.leds_get
                0x00004896        0x6 contiki-z1.a(leds.o)
                0x00004896                leds_get
 .any.text.leds_on
                0x0000489c        0xa contiki-z1.a(leds.o)
                0x0000489c                leds_on
 .any.text.leds_off
                0x000048a6        0xe contiki-z1.a(leds.o)
                0x000048a6                leds_off
 .any.text.leds_toggle
                0x000048b4        0xa contiki-z1.a(leds.o)
                0x000048b4                leds_toggle
 .any.text.watchdog_start
                0x000048be       0x14 contiki-z1.a(watchdog.o)
                0x000048be                watchdog_start
 .any.text.watchdog_periodic
                0x000048d2       0x12 contiki-z1.a(watchdog.o)
                0x000048d2                watchdog_periodic
 .any.text.watchdog_stop
                0x000048e4       0x16 contiki-z1.a(watchdog.o)
                0x000048e4                watchdog_stop
 .any.text.watchdog_init
                0x000048fa       0x12 contiki-z1.a(watchdog.o)
                0x000048fa                watchdog_init
 .any.text.wait_ready
                0x0000490c       0x46 contiki-z1.a(xmem.o)
 .any.text.xmem_init
                0x00004952       0x1e contiki-z1.a(xmem.o)
                0x00004952                xmem_init
 .any.text.xmem_pread
                0x00004970       0xc2 contiki-z1.a(xmem.o)
                0x00004970                xmem_pread
 .any.text.spi_init
                0x00004a32       0x32 contiki-z1.a(spi.o)
                0x00004a32                spi_init
 .any.text.get_object
                0x00004a64        0x4 contiki-z1.a(cc2420.o)
 .any.text.set_object
                0x00004a68        0x4 contiki-z1.a(cc2420.o)
 .any.text.strobe
                0x00004a6c       0x1a contiki-z1.a(cc2420.o)
 .any.text.getreg
                0x00004a86       0x46 contiki-z1.a(cc2420.o)
 .any.text.setreg
                0x00004acc       0x44 contiki-z1.a(cc2420.o)
 .any.text.write_ram
                0x00004b10       0x72 contiki-z1.a(cc2420.o)
 .any.text.write_fifo_buf
                0x00004b82       0x38 contiki-z1.a(cc2420.o)
 .any.text.get_status
                0x00004bba       0x1e contiki-z1.a(cc2420.o)
 .any.text.set_txpower
                0x00004bd8       0x24 contiki-z1.a(cc2420.o)
 .any.text.cc2420_receiving_packet
                0x00004bfc        0xa contiki-z1.a(cc2420.o)
 .any.text.pending_packet
                0x00004c06        0xa contiki-z1.a(cc2420.o)
 .any.text.on   0x00004c10       0x26 contiki-z1.a(cc2420.o)
 .any.text.wait_for_transmission
                0x00004c36       0x22 contiki-z1.a(cc2420.o)
 .any.text.wait_for_status
                0x00004c58       0x24 contiki-z1.a(cc2420.o)
 .any.text.getrxdata
                0x00004c7c       0x4c contiki-z1.a(cc2420.o)
 .any.text.flushrx
                0x00004cc8       0x1a contiki-z1.a(cc2420.o)
 .any.text.off  0x00004ce2       0x5a contiki-z1.a(cc2420.o)
 .any.text.RELEASE_LOCK
                0x00004d3c       0x28 contiki-z1.a(cc2420.o)
 .any.text.set_frame_filtering
                0x00004d64       0x30 contiki-z1.a(cc2420.o)
 .any.text.set_auto_ack
                0x00004d94       0x30 contiki-z1.a(cc2420.o)
 .any.text.set_poll_mode
                0x00004dc4       0x2c contiki-z1.a(cc2420.o)
 .any.text.cc2420_prepare
                0x00004df0       0x38 contiki-z1.a(cc2420.o)
 .any.text.cc2420_on
                0x00004e28       0x22 contiki-z1.a(cc2420.o)
                0x00004e28                cc2420_on
 .any.text.cc2420_off
                0x00004e4a       0x30 contiki-z1.a(cc2420.o)
                0x00004e4a                cc2420_off
 .any.text.cc2420_cca
                0x00004e7a       0x54 contiki-z1.a(cc2420.o)
 .any.text.cc2420_read
                0x00004ece       0xb8 contiki-z1.a(cc2420.o)
 .any.text.process_thread_cc2420_process
                0x00004f86       0x5c contiki-z1.a(cc2420.o)
 .any.text.cc2420_set_channel
                0x00004fe2       0x3a contiki-z1.a(cc2420.o)
                0x00004fe2                cc2420_set_channel
 .any.text.cc2420_set_pan_addr
                0x0000501c       0x4c contiki-z1.a(cc2420.o)
                0x0000501c                cc2420_set_pan_addr
 .any.text.cc2420_interrupt
                0x00005068       0x16 contiki-z1.a(cc2420.o)
                0x00005068                cc2420_interrupt
 .any.text.cc2420_set_txpower
                0x0000507e        0xe contiki-z1.a(cc2420.o)
                0x0000507e                cc2420_set_txpower
 .any.text.cc2420_get_txpower
                0x0000508c       0x1e contiki-z1.a(cc2420.o)
                0x0000508c                cc2420_get_txpower
 .any.text.cc2420_transmit
                0x000050aa      0x10e contiki-z1.a(cc2420.o)
 .any.text.cc2420_send
                0x000051b8       0x12 contiki-z1.a(cc2420.o)
 .any.text.cc2420_rssi
                0x000051ca       0x48 contiki-z1.a(cc2420.o)
                0x000051ca                cc2420_rssi
 .any.text.get_value
                0x00005212      0x104 contiki-z1.a(cc2420.o)
 .any.text.cc2420_set_cca_threshold
                0x00005316       0x16 contiki-z1.a(cc2420.o)
                0x00005316                cc2420_set_cca_threshold
 .any.text.set_value
                0x0000532c       0xb2 contiki-z1.a(cc2420.o)
 .any.text.cc2420_init
                0x000053de       0xea contiki-z1.a(cc2420.o)
                0x000053de                cc2420_init
 .any.text.cc2420_arch_init
                0x000054c8       0x1a contiki-z1.a(cc2420-arch.o)
                0x000054c8                cc2420_arch_init
 .any.text.node_id_restore
                0x000054e2       0x4c contiki-z1.a(node-id.o)
                0x000054e2                node_id_restore
 .any.text.process_thread_sensors_process
                0x0000552e       0xc2 contiki-z1.a(sensors.o)
 .any.text.sensors_changed
                0x000055f0       0x2a contiki-z1.a(sensors.o)
                0x000055f0                sensors_changed
 .any.text.status
                0x0000561a       0x18 contiki-z1.a(button-sensor.o)
 .any.text.value
                0x00005632       0x20 contiki-z1.a(button-sensor.o)
 .any.text.configure
                0x00005652       0x4e contiki-z1.a(button-sensor.o)
 .any.text.uart0_active
                0x000056a0        0xe contiki-z1.a(uart0.o)
                0x000056a0                uart0_active
 .any.text.uart0_writeb
                0x000056ae       0x16 contiki-z1.a(uart0.o)
                0x000056ae                uart0_writeb
 .any.text.uart0_init
                0x000056c4       0x4e contiki-z1.a(uart0.o)
                0x000056c4                uart0_init
 .any.text.putchar
                0x00005712       0x10 contiki-z1.a(uart0-putchar.o)
                0x00005712                putchar
 .any.text.status
                0x00005722       0x12 contiki-z1.a(adxl345.o)
 .any.text.accm_write_reg
                0x00005734       0x2e contiki-z1.a(adxl345.o)
 .any.text.accm_write_stream
                0x00005762       0x2a contiki-z1.a(adxl345.o)
 .any.text.accm_read_reg
                0x0000578c       0x54 contiki-z1.a(adxl345.o)
 .any.text.process_thread_accmeter_process
                0x000057e0       0x56 contiki-z1.a(adxl345.o)
 .any.text.accm_read_axis.part.0
                0x00005836       0x5a contiki-z1.a(adxl345.o)
 .any.text.value
                0x00005890       0x1e contiki-z1.a(adxl345.o)
 .any.text.accm_init
                0x000058ae       0x78 contiki-z1.a(adxl345.o)
                0x000058ae                accm_init
 .any.text.accm_stop
                0x00005926       0x32 contiki-z1.a(adxl345.o)
                0x00005926                accm_stop
 .any.text.configure
                0x00005958       0x26 contiki-z1.a(adxl345.o)
 .any.text.status
                0x0000597e       0x12 contiki-z1.a(tmp102.o)
 .any.text.tmp102_init
                0x00005990       0x24 contiki-z1.a(tmp102.o)
                0x00005990                tmp102_init
 .any.text.tmp102_stop
                0x000059b4        0xa contiki-z1.a(tmp102.o)
                0x000059b4                tmp102_stop
 .any.text.configure
                0x000059be       0x26 contiki-z1.a(tmp102.o)
 .any.text.tmp102_read_reg
                0x000059e4       0x5e contiki-z1.a(tmp102.o)
                0x000059e4                tmp102_read_reg
 .any.text.tmp102_read_temp_x100
                0x00005a42       0x58 contiki-z1.a(tmp102.o)
                0x00005a42                tmp102_read_temp_x100
 .any.text.value
                0x00005a9a        0x6 contiki-z1.a(tmp102.o)
 .any.text.clock_time
                0x00005aa0       0x1a contiki-z1.a(clock.o)
                0x00005aa0                clock_time
 .any.text.clock_init
                0x00005aba       0x28 contiki-z1.a(clock.o)
                0x00005aba                clock_init
 .any.text.clock_delay
                0x00005ae2        0xc contiki-z1.a(clock.o)
                0x00005ae2                clock_delay
 .any.text.clock_wait
                0x00005aee       0x24 contiki-z1.a(clock.o)
                0x00005aee                clock_wait
 .any.text.clock_seconds
                0x00005b12       0x1a contiki-z1.a(clock.o)
                0x00005b12                clock_seconds
 .any.text.leds_arch_init
                0x00005b2c        0xe contiki-z1.a(leds-arch.o)
                0x00005b2c                leds_arch_init
 .any.text.leds_arch_get
                0x00005b3a       0x2e contiki-z1.a(leds-arch.o)
                0x00005b3a                leds_arch_get
 .any.text.leds_arch_set
                0x00005b68       0x38 contiki-z1.a(leds-arch.o)
                0x00005b68                leds_arch_set
 .any.text.rtimer_arch_init
                0x00005ba0        0xe contiki-z1.a(rtimer-arch.o)
                0x00005ba0                rtimer_arch_init
 .any.text.rtimer_arch_now
                0x00005bae        0xe contiki-z1.a(rtimer-arch.o)
                0x00005bae                rtimer_arch_now
 .any.text.rtimer_arch_schedule
                0x00005bbc        0x6 contiki-z1.a(rtimer-arch.o)
                0x00005bbc                rtimer_arch_schedule
 .any.text.autostart_start
                0x00005bc2       0x16 contiki-z1.a(autostart.o)
                0x00005bc2                autostart_start
 .any.text.process_thread_ctimer_process
                0x00005bd8       0xa0 contiki-z1.a(ctimer.o)
 .any.text.ctimer_init
                0x00005c78       0x18 contiki-z1.a(ctimer.o)
                0x00005c78                ctimer_init
 .any.text.ctimer_set_with_process
                0x00005c90       0x4a contiki-z1.a(ctimer.o)
                0x00005c90                ctimer_set_with_process
 .any.text.ctimer_set
                0x00005cda       0x10 contiki-z1.a(ctimer.o)
                0x00005cda                ctimer_set
 .any.text.ctimer_reset
                0x00005cea       0x2c contiki-z1.a(ctimer.o)
                0x00005cea                ctimer_reset
 .any.text.ctimer_restart
                0x00005d16       0x2c contiki-z1.a(ctimer.o)
                0x00005d16                ctimer_restart
 .any.text.ctimer_stop
                0x00005d42       0x28 contiki-z1.a(ctimer.o)
                0x00005d42                ctimer_stop
 .any.text.energest_init
                0x00005d6a       0x24 contiki-z1.a(energest.o)
                0x00005d6a                energest_init
 .any.text.energest_type_time
                0x00005d8e       0x3c contiki-z1.a(energest.o)
                0x00005d8e                energest_type_time
 .any.text.energest_type_set
                0x00005dca        0xc contiki-z1.a(energest.o)
                0x00005dca                energest_type_set
 .any.text.energest_flush
                0x00005dd6       0x38 contiki-z1.a(energest.o)
                0x00005dd6                energest_flush
 .any.text.update_time
                0x00005e0e       0x70 contiki-z1.a(etimer.o)
 .any.text.etimer_request_poll
                0x00005e7e        0xa contiki-z1.a(etimer.o)
                0x00005e7e                etimer_request_poll
 .any.text.process_thread_etimer_process
                0x00005e88       0xc4 contiki-z1.a(etimer.o)
 .any.text.add_timer
                0x00005f4c       0x40 contiki-z1.a(etimer.o)
 .any.text.etimer_set
                0x00005f8c       0x12 contiki-z1.a(etimer.o)
                0x00005f8c                etimer_set
 .any.text.etimer_reset
                0x00005f9e       0x12 contiki-z1.a(etimer.o)
                0x00005f9e                etimer_reset
 .any.text.etimer_restart
                0x00005fb0       0x12 contiki-z1.a(etimer.o)
                0x00005fb0                etimer_restart
 .any.text.etimer_expired
                0x00005fc2        0xe contiki-z1.a(etimer.o)
                0x00005fc2                etimer_expired
 .any.text.etimer_expiration_time
                0x00005fd0       0x14 contiki-z1.a(etimer.o)
                0x00005fd0                etimer_expiration_time
 .any.text.etimer_pending
                0x00005fe4        0xc contiki-z1.a(etimer.o)
                0x00005fe4                etimer_pending
 .any.text.etimer_next_expiration_time
                0x00005ff0       0x16 contiki-z1.a(etimer.o)
                0x00005ff0                etimer_next_expiration_time
 .any.text.etimer_stop
                0x00006006       0x3e contiki-z1.a(etimer.o)
                0x00006006                etimer_stop
 .any.text.call_process
                0x00006044       0x40 contiki-z1.a(process.o)
 .any.text.exit_process
                0x00006084       0x88 contiki-z1.a(process.o)
 .any.text.do_poll
                0x0000610c       0x30 contiki-z1.a(process.o)
 .any.text.process_alloc_event
                0x0000613c        0xe contiki-z1.a(process.o)
                0x0000613c                process_alloc_event
 .any.text.process_init
                0x0000614a       0x1c contiki-z1.a(process.o)
                0x0000614a                process_init
 .any.text.process_run
                0x00006166       0x8c contiki-z1.a(process.o)
                0x00006166                process_run
 .any.text.process_nevents
                0x000061f2        0xe contiki-z1.a(process.o)
                0x000061f2                process_nevents
 .any.text.process_post
                0x00006200       0x4a contiki-z1.a(process.o)
                0x00006200                process_post
 .any.text.process_post_synch
                0x0000624a       0x12 contiki-z1.a(process.o)
                0x0000624a                process_post_synch
 .any.text.process_start
                0x0000625c       0x36 contiki-z1.a(process.o)
                0x0000625c                process_start
 .any.text.process_poll
                0x00006292       0x18 contiki-z1.a(process.o)
                0x00006292                process_poll
 .any.text.rtimer_init
                0x000062aa        0x6 contiki-z1.a(rtimer.o)
                0x000062aa                rtimer_init
 .any.text.rtimer_set
                0x000062b0       0x24 contiki-z1.a(rtimer.o)
                0x000062b0                rtimer_set
 .any.text.rtimer_run_next
                0x000062d4       0x26 contiki-z1.a(rtimer.o)
                0x000062d4                rtimer_run_next
 .any.text.timer_set
                0x000062fa       0x1c contiki-z1.a(timer.o)
                0x000062fa                timer_set
 .any.text.timer_reset
                0x00006316        0xe contiki-z1.a(timer.o)
                0x00006316                timer_reset
 .any.text.timer_restart
                0x00006324       0x14 contiki-z1.a(timer.o)
                0x00006324                timer_restart
 .any.text.timer_expired
                0x00006338       0x2a contiki-z1.a(timer.o)
                0x00006338                timer_expired
 .any.text.list_init
                0x00006362        0x6 contiki-z1.a(list.o)
                0x00006362                list_init
 .any.text.list_head
                0x00006368        0x4 contiki-z1.a(list.o)
                0x00006368                list_head
 .any.text.list_tail
                0x0000636c       0x12 contiki-z1.a(list.o)
                0x0000636c                list_tail
 .any.text.list_remove
                0x0000637e       0x34 contiki-z1.a(list.o)
                0x0000637e                list_remove
 .any.text.list_push
                0x000063b2       0x16 contiki-z1.a(list.o)
                0x000063b2                list_push
 .any.text.list_add
                0x000063c8       0x26 contiki-z1.a(list.o)
                0x000063c8                list_add
 .any.text.list_length
                0x000063ee       0x10 contiki-z1.a(list.o)
                0x000063ee                list_length
 .any.text.list_item_next
                0x000063fe        0xc contiki-z1.a(list.o)
                0x000063fe                list_item_next
 .any.text.random_init
                0x0000640a        0x6 contiki-z1.a(random.o)
                0x0000640a                random_init
 .any.text.random_rand
                0x00006410        0x6 contiki-z1.a(random.o)
                0x00006410                random_rand
 .any.text.clear_fragments
                0x00006416       0x38 contiki-z1.a(sicslowpan.o)
 .any.text.set_packet_attrs
                0x0000644e       0x46 contiki-z1.a(sicslowpan.o)
 .any.text.addr_context_lookup_by_number
                0x00006494       0x30 contiki-z1.a(sicslowpan.o)
 .any.text.compress_addr_64
                0x000064c4       0x9a contiki-z1.a(sicslowpan.o)
 .any.text.store_fragment
                0x0000655e       0x6e contiki-z1.a(sicslowpan.o)
 .any.text.uncompress_addr
                0x000065cc       0x96 contiki-z1.a(sicslowpan.o)
 .any.text.sicslowpan_init
                0x00006662       0x24 contiki-z1.a(sicslowpan.o)
                0x00006662                sicslowpan_init
 .any.text.addr_context_lookup_by_prefix
                0x00006686       0x4a contiki-z1.a(sicslowpan.o)
 .any.text.packet_sent
                0x000066d0       0x22 contiki-z1.a(sicslowpan.o)
 .any.text.add_fragment
                0x000066f2      0x160 contiki-z1.a(sicslowpan.o)
 .any.text.input
                0x00006852      0x60e contiki-z1.a(sicslowpan.o)
 .any.text.send_packet
                0x00006e60       0x1a contiki-z1.a(sicslowpan.o)
 .any.text.output
                0x00006e7a      0x67c contiki-z1.a(sicslowpan.o)
 .any.text.chksum
                0x000074f6       0x32 contiki-z1.a(uip6.o)
 .any.text.upper_layer_chksum
                0x00007528       0x56 contiki-z1.a(uip6.o)
 .any.text.ext_hdr_options_process
                0x0000757e       0xc2 contiki-z1.a(uip6.o)
 .any.text.uip_add32
                0x00007640       0x60 contiki-z1.a(uip6.o)
                0x00007640                uip_add32
 .any.text.uip_add_rcv_nxt
                0x000076a0       0x2e contiki-z1.a(uip6.o)
 .any.text.uip_icmp6chksum
                0x000076ce        0xa contiki-z1.a(uip6.o)
                0x000076ce                uip_icmp6chksum
 .any.text.uip_tcpchksum
                0x000076d8        0xa contiki-z1.a(uip6.o)
                0x000076d8                uip_tcpchksum
 .any.text.uip_udpchksum
                0x000076e2        0xa contiki-z1.a(uip6.o)
                0x000076e2                uip_udpchksum
 .any.text.uip_init
                0x000076ec       0x56 contiki-z1.a(uip6.o)
                0x000076ec                uip_init
 .any.text.remove_ext_hdr
                0x00007742       0x50 contiki-z1.a(uip6.o)
                0x00007742                remove_ext_hdr
 .any.text.uip_unlisten
                0x00007792       0x1a contiki-z1.a(uip6.o)
                0x00007792                uip_unlisten
 .any.text.uip_process
                0x000077ac      0xd94 contiki-z1.a(uip6.o)
                0x000077ac                uip_process
 .any.text.uip_htonl
                0x00008540       0x2a contiki-z1.a(uip6.o)
                0x00008540                uip_htonl
 .any.text.uip_ds6_list_loop
                0x0000856a       0x66 contiki-z1.a(uip-ds6.o)
                0x0000856a                uip_ds6_list_loop
 .any.text.uip_ds6_prefix_add
                0x000085d0       0x70 contiki-z1.a(uip-ds6.o)
                0x000085d0                uip_ds6_prefix_add
 .any.text.uip_ds6_is_addr_onlink
                0x00008640       0x42 contiki-z1.a(uip-ds6.o)
                0x00008640                uip_ds6_is_addr_onlink
 .any.text.uip_ds6_addr_lookup
                0x00008682       0x2a contiki-z1.a(uip-ds6.o)
                0x00008682                uip_ds6_addr_lookup
 .any.text.uip_ds6_get_link_local
                0x000086ac       0x3e contiki-z1.a(uip-ds6.o)
                0x000086ac                uip_ds6_get_link_local
 .any.text.uip_ds6_maddr_add
                0x000086ea       0x48 contiki-z1.a(uip-ds6.o)
                0x000086ea                uip_ds6_maddr_add
 .any.text.uip_ds6_addr_add
                0x00008732       0xb4 contiki-z1.a(uip-ds6.o)
                0x00008732                uip_ds6_addr_add
 .any.text.uip_ds6_maddr_rm
                0x000087e6        0xa contiki-z1.a(uip-ds6.o)
                0x000087e6                uip_ds6_maddr_rm
 .any.text.uip_ds6_maddr_lookup
                0x000087f0       0x2a contiki-z1.a(uip-ds6.o)
                0x000087f0                uip_ds6_maddr_lookup
 .any.text.uip_ds6_addr_rm
                0x0000881a       0x54 contiki-z1.a(uip-ds6.o)
                0x0000881a                uip_ds6_addr_rm
 .any.text.uip_ds6_periodic
                0x0000886e       0x46 contiki-z1.a(uip-ds6.o)
                0x0000886e                uip_ds6_periodic
 .any.text.uip_ds6_set_addr_iid
                0x000088b4       0x14 contiki-z1.a(uip-ds6.o)
                0x000088b4                uip_ds6_set_addr_iid
 .any.text.get_match_length
                0x000088c8       0x3c contiki-z1.a(uip-ds6.o)
                0x000088c8                get_match_length
 .any.text.uip_ds6_select_src
                0x00008904       0x9a contiki-z1.a(uip-ds6.o)
                0x00008904                uip_ds6_select_src
 .any.text.uip_ds6_compute_reachable_time
                0x0000899e       0x36 contiki-z1.a(uip-ds6.o)
                0x0000899e                uip_ds6_compute_reachable_time
 .any.text.uip_ds6_init
                0x000089d4      0x138 contiki-z1.a(uip-ds6.o)
                0x000089d4                uip_ds6_init
 .any.text.uip_ds6_nbr_rm
                0x00008b0c       0x1e contiki-z1.a(uip-ds6-nbr.o)
                0x00008b0c                uip_ds6_nbr_rm
 .any.text.uip_ds6_neighbors_init
                0x00008b2a       0x12 contiki-z1.a(uip-ds6-nbr.o)
                0x00008b2a                uip_ds6_neighbors_init
 .any.text.uip_ds6_nbr_add
                0x00008b3c       0x36 contiki-z1.a(uip-ds6-nbr.o)
                0x00008b3c                uip_ds6_nbr_add
 .any.text.uip_ds6_nbr_get_ll
                0x00008b72        0xc contiki-z1.a(uip-ds6-nbr.o)
                0x00008b72                uip_ds6_nbr_get_ll
 .any.text.uip_ds6_nbr_lookup
                0x00008b7e       0x3e contiki-z1.a(uip-ds6-nbr.o)
                0x00008b7e                uip_ds6_nbr_lookup
 .any.text.uip_ds6_nbr_ll_lookup
                0x00008bbc        0xc contiki-z1.a(uip-ds6-nbr.o)
                0x00008bbc                uip_ds6_nbr_ll_lookup
 .any.text.uip_ds6_nbr_ipaddr_from_lladdr
                0x00008bc8        0x6 contiki-z1.a(uip-ds6-nbr.o)
                0x00008bc8                uip_ds6_nbr_ipaddr_from_lladdr
 .any.text.uip_ds6_nbr_lladdr_from_ipaddr
                0x00008bce       0x12 contiki-z1.a(uip-ds6-nbr.o)
                0x00008bce                uip_ds6_nbr_lladdr_from_ipaddr
 .any.text.uip_ds6_link_neighbor_callback
                0x00008be0       0x32 contiki-z1.a(uip-ds6-nbr.o)
                0x00008be0                uip_ds6_link_neighbor_callback
 .any.text.call_route_callback
                0x00008c12       0x40 contiki-z1.a(uip-ds6-route.o)
 .any.text.uip_ds6_route_init
                0x00008c52       0x36 contiki-z1.a(uip-ds6-route.o)
                0x00008c52                uip_ds6_route_init
 .any.text.uip_ds6_route_nexthop
                0x00008c88       0x1a contiki-z1.a(uip-ds6-route.o)
                0x00008c88                uip_ds6_route_nexthop
 .any.text.uip_ds6_route_head
                0x00008ca2        0xa contiki-z1.a(uip-ds6-route.o)
                0x00008ca2                uip_ds6_route_head
 .any.text.uip_ds6_route_next
                0x00008cac        0xe contiki-z1.a(uip-ds6-route.o)
                0x00008cac                uip_ds6_route_next
 .any.text.uip_ds6_route_is_nexthop
                0x00008cba       0x22 contiki-z1.a(uip-ds6-route.o)
                0x00008cba                uip_ds6_route_is_nexthop
 .any.text.uip_ds6_route_lookup
                0x00008cdc       0x6e contiki-z1.a(uip-ds6-route.o)
                0x00008cdc                uip_ds6_route_lookup
 .any.text.uip_ds6_route_rm
                0x00008d4a       0xa2 contiki-z1.a(uip-ds6-route.o)
                0x00008d4a                uip_ds6_route_rm
 .any.text.rm_routelist
                0x00008dec       0x34 contiki-z1.a(uip-ds6-route.o)
 .any.text.rm_routelist_callback
                0x00008e20        0x6 contiki-z1.a(uip-ds6-route.o)
 .any.text.uip_ds6_route_add
                0x00008e26       0xfc contiki-z1.a(uip-ds6-route.o)
                0x00008e26                uip_ds6_route_add
 .any.text.uip_ds6_defrt_rm
                0x00008f22       0x44 contiki-z1.a(uip-ds6-route.o)
                0x00008f22                uip_ds6_defrt_rm
 .any.text.uip_ds6_defrt_lookup
                0x00008f66       0x32 contiki-z1.a(uip-ds6-route.o)
                0x00008f66                uip_ds6_defrt_lookup
 .any.text.uip_ds6_defrt_add
                0x00008f98       0x68 contiki-z1.a(uip-ds6-route.o)
                0x00008f98                uip_ds6_defrt_add
 .any.text.uip_ds6_defrt_choose
                0x00009000       0x36 contiki-z1.a(uip-ds6-route.o)
                0x00009000                uip_ds6_defrt_choose
 .any.text.uip_ds6_defrt_periodic
                0x00009036       0x38 contiki-z1.a(uip-ds6-route.o)
                0x00009036                uip_ds6_defrt_periodic
 .any.text.echo_reply_input
                0x0000906e       0xaa contiki-z1.a(uip-icmp6.o)
 .any.text.echo_request_input
                0x00009118       0xca contiki-z1.a(uip-icmp6.o)
 .any.text.uip_icmp6_input
                0x000091e2       0x44 contiki-z1.a(uip-icmp6.o)
                0x000091e2                uip_icmp6_input
 .any.text.uip_icmp6_register_input_handler
                0x00009226        0xc contiki-z1.a(uip-icmp6.o)
                0x00009226                uip_icmp6_register_input_handler
 .any.text.uip_icmp6_error_output
                0x00009232      0x16e contiki-z1.a(uip-icmp6.o)
                0x00009232                uip_icmp6_error_output
 .any.text.uip_icmp6_send
                0x000093a0       0x84 contiki-z1.a(uip-icmp6.o)
                0x000093a0                uip_icmp6_send
 .any.text.uip_icmp6_init
                0x00009424       0x12 contiki-z1.a(uip-icmp6.o)
                0x00009424                uip_icmp6_init
 .any.text.ns_input
                0x00009436      0x264 contiki-z1.a(uip-nd6.o)
 .any.text.uip_nd6_init
                0x0000969a        0xa contiki-z1.a(uip-nd6.o)
                0x0000969a                uip_nd6_init
 .any.text.start_periodic_tcp_timer
                0x000096a4       0x16 contiki-z1.a(tcpip.o)
 .any.text.tcpip_output
                0x000096ba       0x10 contiki-z1.a(tcpip.o)
                0x000096ba                tcpip_output
 .any.text.tcpip_set_outputfunc
                0x000096ca        0x6 contiki-z1.a(tcpip.o)
                0x000096ca                tcpip_set_outputfunc
 .any.text.tcpip_input
                0x000096d0       0x16 contiki-z1.a(tcpip.o)
                0x000096d0                tcpip_input
 .any.text.tcpip_ipv6_output
                0x000096e6       0xcc contiki-z1.a(tcpip.o)
                0x000096e6                tcpip_ipv6_output
 .any.text.process_thread_tcpip_process
                0x000097b2      0x1a8 contiki-z1.a(tcpip.o)
 .any.text.tcpip_uipcall
                0x0000995a       0x62 contiki-z1.a(tcpip.o)
                0x0000995a                tcpip_uipcall
 .any.text.uip_debug_ipaddr_print
                0x000099bc       0xbc contiki-z1.a(uip-debug.o)
                0x000099bc                uip_debug_ipaddr_print
 .any.text.rpl_get_mode
                0x00009a78        0x6 contiki-z1.a(rpl.o)
                0x00009a78                rpl_get_mode
 .any.text.rpl_purge_routes
                0x00009a7e       0x94 contiki-z1.a(rpl.o)
                0x00009a7e                rpl_purge_routes
 .any.text.rpl_remove_routes
                0x00009b12       0x22 contiki-z1.a(rpl.o)
                0x00009b12                rpl_remove_routes
 .any.text.rpl_remove_routes_by_nexthop
                0x00009b34       0x3e contiki-z1.a(rpl.o)
                0x00009b34                rpl_remove_routes_by_nexthop
 .any.text.rpl_add_route
                0x00009b72       0x5c contiki-z1.a(rpl.o)
                0x00009b72                rpl_add_route
 .any.text.rpl_link_neighbor_callback
                0x00009bce       0x4c contiki-z1.a(rpl.o)
                0x00009bce                rpl_link_neighbor_callback
 .any.text.rpl_ipv6_neighbor_callback
                0x00009c1a       0x1e contiki-z1.a(rpl.o)
                0x00009c1a                rpl_ipv6_neighbor_callback
 .any.text.rpl_purge_dags
                0x00009c38       0x60 contiki-z1.a(rpl.o)
                0x00009c38                rpl_purge_dags
 .any.text.rpl_init
                0x00009c98       0x44 contiki-z1.a(rpl.o)
                0x00009c98                rpl_init
 .any.text.lollipop_greater_than
                0x00009cdc       0x3c contiki-z1.a(rpl-dag.o)
 .any.text.find_parent_any_dag_any_instance
                0x00009d18       0x14 contiki-z1.a(rpl-dag.o)
 .any.text.rpl_set_preferred_parent
                0x00009d2c       0x2c contiki-z1.a(rpl-dag.o)
 .any.text.set_ip_from_prefix
                0x00009d58       0x30 contiki-z1.a(rpl-dag.o)
 .any.text.check_prefix
                0x00009d88       0x70 contiki-z1.a(rpl-dag.o)
 .any.text.rpl_dag_init
                0x00009df8        0xe contiki-z1.a(rpl-dag.o)
                0x00009df8                rpl_dag_init
 .any.text.rpl_get_parent
                0x00009e06        0xc contiki-z1.a(rpl-dag.o)
                0x00009e06                rpl_get_parent
 .any.text.rpl_rank_via_parent
                0x00009e12       0x2a contiki-z1.a(rpl-dag.o)
                0x00009e12                rpl_rank_via_parent
 .any.text.rpl_get_parent_lladdr
                0x00009e3c        0xc contiki-z1.a(rpl-dag.o)
                0x00009e3c                rpl_get_parent_lladdr
 .any.text.rpl_get_parent_ipaddr
                0x00009e48        0xa contiki-z1.a(rpl-dag.o)
                0x00009e48                rpl_get_parent_ipaddr
 .any.text.rpl_get_parent_link_stats
                0x00009e52        0xa contiki-z1.a(rpl-dag.o)
                0x00009e52                rpl_get_parent_link_stats
 .any.text.rpl_parent_is_fresh
                0x00009e5c        0xa contiki-z1.a(rpl-dag.o)
                0x00009e5c                rpl_parent_is_fresh
 .any.text.best_parent
                0x00009e66       0x72 contiki-z1.a(rpl-dag.o)
 .any.text.rpl_parent_is_reachable
                0x00009ed8       0x4a contiki-z1.a(rpl-dag.o)
                0x00009ed8                rpl_parent_is_reachable
 .any.text.rpl_set_prefix
                0x00009f22       0x74 contiki-z1.a(rpl-dag.o)
                0x00009f22                rpl_set_prefix
 .any.text.rpl_set_default_route
                0x00009f96       0x3a contiki-z1.a(rpl-dag.o)
                0x00009f96                rpl_set_default_route
 .any.text.rpl_alloc_instance
                0x00009fd0       0x34 contiki-z1.a(rpl-dag.o)
                0x00009fd0                rpl_alloc_instance
 .any.text.rpl_add_parent
                0x0000a004       0x3a contiki-z1.a(rpl-dag.o)
                0x0000a004                rpl_add_parent
 .any.text.rpl_find_parent
                0x0000a03e       0x1a contiki-z1.a(rpl-dag.o)
                0x0000a03e                rpl_find_parent
 .any.text.rpl_find_parent_any_dag
                0x0000a058       0x22 contiki-z1.a(rpl-dag.o)
                0x0000a058                rpl_find_parent_any_dag
 .any.text.rpl_select_parent
                0x0000a07a       0x62 contiki-z1.a(rpl-dag.o)
                0x0000a07a                rpl_select_parent
 .any.text.rpl_select_dag
                0x0000a0dc      0x192 contiki-z1.a(rpl-dag.o)
                0x0000a0dc                rpl_select_dag
 .any.text.rpl_nullify_parent
                0x0000a26e       0x5c contiki-z1.a(rpl-dag.o)
                0x0000a26e                rpl_nullify_parent
 .any.text.rpl_remove_parent
                0x0000a2ca       0x16 contiki-z1.a(rpl-dag.o)
                0x0000a2ca                rpl_remove_parent
 .any.text.nbr_callback
                0x0000a2e0        0x6 contiki-z1.a(rpl-dag.o)
 .any.text.remove_parents.constprop.4
                0x0000a2e6       0x2c contiki-z1.a(rpl-dag.o)
 .any.text.rpl_free_dag
                0x0000a312       0x42 contiki-z1.a(rpl-dag.o)
                0x0000a312                rpl_free_dag
 .any.text.rpl_move_parent
                0x0000a354       0x60 contiki-z1.a(rpl-dag.o)
                0x0000a354                rpl_move_parent
 .any.text.rpl_get_dag
                0x0000a3b4       0x5c contiki-z1.a(rpl-dag.o)
                0x0000a3b4                rpl_get_dag
 .any.text.rpl_get_any_dag
                0x0000a410       0x16 contiki-z1.a(rpl-dag.o)
                0x0000a410                rpl_get_any_dag
 .any.text.rpl_get_instance
                0x0000a426       0x16 contiki-z1.a(rpl-dag.o)
                0x0000a426                rpl_get_instance
 .any.text.rpl_alloc_dag
                0x0000a43c       0x60 contiki-z1.a(rpl-dag.o)
                0x0000a43c                rpl_alloc_dag
 .any.text.rpl_repair_root
                0x0000a49c       0x4c contiki-z1.a(rpl-dag.o)
                0x0000a49c                rpl_repair_root
 .any.text.rpl_find_of
                0x0000a4e8       0x10 contiki-z1.a(rpl-dag.o)
                0x0000a4e8                rpl_find_of
 .any.text.rpl_join_instance
                0x0000a4f8      0x142 contiki-z1.a(rpl-dag.o)
                0x0000a4f8                rpl_join_instance
 .any.text.rpl_local_repair
                0x0000a63a       0x82 contiki-z1.a(rpl-dag.o)
                0x0000a63a                rpl_local_repair
 .any.text.rpl_process_parent_event
                0x0000a6bc       0xa8 contiki-z1.a(rpl-dag.o)
                0x0000a6bc                rpl_process_parent_event
 .any.text.rpl_recalculate_ranks
                0x0000a764       0x44 contiki-z1.a(rpl-dag.o)
                0x0000a764                rpl_recalculate_ranks
 .any.text.rpl_add_dag
                0x0000a7a8      0x104 contiki-z1.a(rpl-dag.o)
                0x0000a7a8                rpl_add_dag
 .any.text.rpl_process_dio
                0x0000a8ac      0x32c contiki-z1.a(rpl-dag.o)
                0x0000a8ac                rpl_process_dio
 .any.text.update_hbh_header
                0x0000abd8       0xcc contiki-z1.a(rpl-ext-header.)
 .any.text.insert_hbh_header
                0x0000aca4       0x94 contiki-z1.a(rpl-ext-header.)
 .any.text.rpl_verify_hbh_header
                0x0000ad38       0xf4 contiki-z1.a(rpl-ext-header.)
                0x0000ad38                rpl_verify_hbh_header
 .any.text.rpl_remove_header
                0x0000ae2c       0x76 contiki-z1.a(rpl-ext-header.)
                0x0000ae2c                rpl_remove_header
 .any.text.rpl_update_header
                0x0000aea2       0x60 contiki-z1.a(rpl-ext-header.)
                0x0000aea2                rpl_update_header
 .any.text.get32
                0x0000af02       0x3e contiki-z1.a(rpl-icmp6.o)
 .any.text.set32
                0x0000af40       0x2a contiki-z1.a(rpl-icmp6.o)
 .any.text.get16
                0x0000af6a        0xe contiki-z1.a(rpl-icmp6.o)
 .any.text.set16
                0x0000af78       0x10 contiki-z1.a(rpl-icmp6.o)
 .any.text.dao_ack_input
                0x0000af88        0xa contiki-z1.a(rpl-icmp6.o)
 .any.text.dio_input
                0x0000af92      0x280 contiki-z1.a(rpl-icmp6.o)
 .any.text.rpl_icmp6_update_nbr_table
                0x0000b212       0x28 contiki-z1.a(rpl-icmp6.o)
                0x0000b212                rpl_icmp6_update_nbr_table
 .any.text.dao_input
                0x0000b23a      0x2c2 contiki-z1.a(rpl-icmp6.o)
 .any.text.dis_output
                0x0000b4fc       0x50 contiki-z1.a(rpl-icmp6.o)
                0x0000b4fc                dis_output
 .any.text.dio_output
                0x0000b54c      0x24c contiki-z1.a(rpl-icmp6.o)
                0x0000b54c                dio_output
 .any.text.dis_input
                0x0000b798       0x3e contiki-z1.a(rpl-icmp6.o)
 .any.text.dao_output_target
                0x0000b7d6       0xf6 contiki-z1.a(rpl-icmp6.o)
                0x0000b7d6                dao_output_target
 .any.text.dao_output
                0x0000b8cc       0x9e contiki-z1.a(rpl-icmp6.o)
                0x0000b8cc                dao_output
 .any.text.rpl_icmp6_register_handlers
                0x0000b96a       0x22 contiki-z1.a(rpl-icmp6.o)
                0x0000b96a                rpl_icmp6_register_handlers
 .any.text.reset
                0x0000b98c        0x2 contiki-z1.a(rpl-mrhof.o)
 .any.text.update_metric_container
                0x0000b98e        0x6 contiki-z1.a(rpl-mrhof.o)
 .any.text.parent_link_metric
                0x0000b994       0x10 contiki-z1.a(rpl-mrhof.o)
 .any.text.parent_has_usable_link
                0x0000b9a4       0x14 contiki-z1.a(rpl-mrhof.o)
 .any.text.best_dag
                0x0000b9b8       0x2e contiki-z1.a(rpl-mrhof.o)
 .any.text.parent_path_cost
                0x0000b9e6       0x40 contiki-z1.a(rpl-mrhof.o)
 .any.text.parent_is_acceptable
                0x0000ba26       0x2a contiki-z1.a(rpl-mrhof.o)
 .any.text.rank_via_parent
                0x0000ba50       0x4e contiki-z1.a(rpl-mrhof.o)
 .any.text.best_parent
                0x0000ba9e       0x76 contiki-z1.a(rpl-mrhof.o)
 .any.text.handle_unicast_dio_timer
                0x0000bb14       0x1c contiki-z1.a(rpl-timers.o)
 .any.text.new_dio_interval
                0x0000bb30       0x8a contiki-z1.a(rpl-timers.o)
 .any.text.set_dao_lifetime_timer
                0x0000bbba       0x7e contiki-z1.a(rpl-timers.o)
 .any.text.handle_periodic_timer
                0x0000bc38       0x50 contiki-z1.a(rpl-timers.o)
 .any.text.schedule_dao
                0x0000bc88       0x72 contiki-z1.a(rpl-timers.o)
 .any.text.handle_dio_timer
                0x0000bcfa       0x88 contiki-z1.a(rpl-timers.o)
 .any.text.handle_dao_timer
                0x0000bd82       0x64 contiki-z1.a(rpl-timers.o)
 .any.text.rpl_reset_periodic_timer
                0x0000bde6       0x54 contiki-z1.a(rpl-timers.o)
                0x0000bde6                rpl_reset_periodic_timer
 .any.text.rpl_reset_dio_timer
                0x0000be3a       0x18 contiki-z1.a(rpl-timers.o)
                0x0000be3a                rpl_reset_dio_timer
 .any.text.rpl_schedule_dao
                0x0000be52        0xc contiki-z1.a(rpl-timers.o)
                0x0000be52                rpl_schedule_dao
 .any.text.rpl_schedule_unicast_dio_immediately
                0x0000be5e       0x16 contiki-z1.a(rpl-timers.o)
                0x0000be5e                rpl_schedule_unicast_dio_immediately
 .any.text.get_probing_delay
                0x0000be74       0x40 contiki-z1.a(rpl-timers.o)
                0x0000be74                get_probing_delay
 .any.text.get_probing_target
                0x0000beb4       0xe2 contiki-z1.a(rpl-timers.o)
                0x0000beb4                get_probing_target
 .any.text.rpl_schedule_probing
                0x0000bf96       0x26 contiki-z1.a(rpl-timers.o)
                0x0000bf96                rpl_schedule_probing
 .any.text.handle_probing_timer
                0x0000bfbc       0x34 contiki-z1.a(rpl-timers.o)
 .any.text.linkaddr_copy
                0x0000bff0        0x8 contiki-z1.a(linkaddr.o)
                0x0000bff0                linkaddr_copy
 .any.text.linkaddr_cmp
                0x0000bff8       0x12 contiki-z1.a(linkaddr.o)
                0x0000bff8                linkaddr_cmp
 .any.text.linkaddr_set_node_addr
                0x0000c00a        0xc contiki-z1.a(linkaddr.o)
                0x0000c00a                linkaddr_set_node_addr
 .any.text.periodic
                0x0000c016       0x2c contiki-z1.a(link-stats.o)
 .any.text.link_stats_from_lladdr
                0x0000c042        0xc contiki-z1.a(link-stats.o)
                0x0000c042                link_stats_from_lladdr
 .any.text.link_stats_is_fresh
                0x0000c04e       0x32 contiki-z1.a(link-stats.o)
                0x0000c04e                link_stats_is_fresh
 .any.text.link_stats_packet_sent
                0x0000c080       0xc4 contiki-z1.a(link-stats.o)
                0x0000c080                link_stats_packet_sent
 .any.text.link_stats_input_callback
                0x0000c144       0xa8 contiki-z1.a(link-stats.o)
                0x0000c144                link_stats_input_callback
 .any.text.link_stats_init
                0x0000c1ec       0x22 contiki-z1.a(link-stats.o)
                0x0000c1ec                link_stats_init
 .any.text.key_from_index
                0x0000c20e       0x18 contiki-z1.a(nbr-table.o)
 .any.text.item_from_index
                0x0000c226       0x2a contiki-z1.a(nbr-table.o)
 .any.text.index_from_key
                0x0000c250       0x26 contiki-z1.a(nbr-table.o)
 .any.text.index_from_item
                0x0000c276       0x1e contiki-z1.a(nbr-table.o)
 .any.text.nbr_set_bit
                0x0000c294       0x50 contiki-z1.a(nbr-table.o)
 .any.text.index_from_lladdr
                0x0000c2e4       0x3e contiki-z1.a(nbr-table.o)
 .any.text.nbr_get_bit.constprop.0
                0x0000c322       0x2c contiki-z1.a(nbr-table.o)
 .any.text.remove_key
                0x0000c34e       0x56 contiki-z1.a(nbr-table.o)
 .any.text.nbr_table_register
                0x0000c3a4       0x26 contiki-z1.a(nbr-table.o)
                0x0000c3a4                nbr_table_register
 .any.text.nbr_table_next
                0x0000c3ca       0x3a contiki-z1.a(nbr-table.o)
                0x0000c3ca                nbr_table_next
 .any.text.nbr_table_head
                0x0000c404       0x36 contiki-z1.a(nbr-table.o)
                0x0000c404                nbr_table_head
 .any.text.nbr_table_add_lladdr
                0x0000c43a       0xfc contiki-z1.a(nbr-table.o)
                0x0000c43a                nbr_table_add_lladdr
 .any.text.nbr_table_get_from_lladdr
                0x0000c536       0x28 contiki-z1.a(nbr-table.o)
                0x0000c536                nbr_table_get_from_lladdr
 .any.text.nbr_table_remove
                0x0000c55e       0x2a contiki-z1.a(nbr-table.o)
                0x0000c55e                nbr_table_remove
 .any.text.nbr_table_lock
                0x0000c588       0x10 contiki-z1.a(nbr-table.o)
                0x0000c588                nbr_table_lock
 .any.text.nbr_table_unlock
                0x0000c598       0x10 contiki-z1.a(nbr-table.o)
                0x0000c598                nbr_table_unlock
 .any.text.nbr_table_get_lladdr
                0x0000c5a8       0x14 contiki-z1.a(nbr-table.o)
                0x0000c5a8                nbr_table_get_lladdr
 .any.text.nbr_table_update_lladdr
                0x0000c5bc       0x48 contiki-z1.a(nbr-table.o)
                0x0000c5bc                nbr_table_update_lladdr
 .any.text.packetbuf_hdrreduce
                0x0000c604       0x1a contiki-z1.a(packetbuf.o)
                0x0000c604                packetbuf_hdrreduce
 .any.text.packetbuf_set_datalen
                0x0000c61e        0x6 contiki-z1.a(packetbuf.o)
                0x0000c61e                packetbuf_set_datalen
 .any.text.packetbuf_hdrptr
                0x0000c624        0x6 contiki-z1.a(packetbuf.o)
                0x0000c624                packetbuf_hdrptr
 .any.text.packetbuf_datalen
                0x0000c62a        0x6 contiki-z1.a(packetbuf.o)
                0x0000c62a                packetbuf_datalen
 .any.text.packetbuf_hdrlen
                0x0000c630        0xa contiki-z1.a(packetbuf.o)
                0x0000c630                packetbuf_hdrlen
 .any.text.packetbuf_dataptr
                0x0000c63a        0xc contiki-z1.a(packetbuf.o)
                0x0000c63a                packetbuf_dataptr
 .any.text.packetbuf_copyto
                0x0000c646       0x3a contiki-z1.a(packetbuf.o)
                0x0000c646                packetbuf_copyto
 .any.text.packetbuf_totlen
                0x0000c680        0xc contiki-z1.a(packetbuf.o)
                0x0000c680                packetbuf_totlen
 .any.text.packetbuf_hdralloc
                0x0000c68c       0x3c contiki-z1.a(packetbuf.o)
                0x0000c68c                packetbuf_hdralloc
 .any.text.packetbuf_attr_clear
                0x0000c6c8       0x28 contiki-z1.a(packetbuf.o)
                0x0000c6c8                packetbuf_attr_clear
 .any.text.packetbuf_clear
                0x0000c6f0       0x12 contiki-z1.a(packetbuf.o)
                0x0000c6f0                packetbuf_clear
 .any.text.packetbuf_copyfrom
                0x0000c702       0x2a contiki-z1.a(packetbuf.o)
                0x0000c702                packetbuf_copyfrom
 .any.text.packetbuf_attr_copyto
                0x0000c72c       0x22 contiki-z1.a(packetbuf.o)
                0x0000c72c                packetbuf_attr_copyto
 .any.text.packetbuf_attr_copyfrom
                0x0000c74e       0x24 contiki-z1.a(packetbuf.o)
                0x0000c74e                packetbuf_attr_copyfrom
 .any.text.packetbuf_holds_broadcast
                0x0000c772        0xe contiki-z1.a(packetbuf.o)
                0x0000c772                packetbuf_holds_broadcast
 .any.text.queuebuf_init
                0x0000c780       0x12 contiki-z1.a(queuebuf.o)
                0x0000c780                queuebuf_init
 .any.text.queuebuf_numfree
                0x0000c792        0xa contiki-z1.a(queuebuf.o)
                0x0000c792                queuebuf_numfree
 .any.text.queuebuf_new_from_packetbuf
                0x0000c79c       0x4e contiki-z1.a(queuebuf.o)
                0x0000c79c                queuebuf_new_from_packetbuf
 .any.text.queuebuf_update_attr_from_packetbuf
                0x0000c7ea       0x12 contiki-z1.a(queuebuf.o)
                0x0000c7ea                queuebuf_update_attr_from_packetbuf
 .any.text.queuebuf_update_from_packetbuf
                0x0000c7fc       0x22 contiki-z1.a(queuebuf.o)
                0x0000c7fc                queuebuf_update_from_packetbuf
 .any.text.queuebuf_free
                0x0000c81e       0x2a contiki-z1.a(queuebuf.o)
                0x0000c81e                queuebuf_free
 .any.text.queuebuf_to_packetbuf
                0x0000c848       0x32 contiki-z1.a(queuebuf.o)
                0x0000c848                queuebuf_to_packetbuf
 .any.text.queuebuf_attr
                0x0000c87a        0xe contiki-z1.a(queuebuf.o)
                0x0000c87a                queuebuf_attr
 .any.text.input_packet
                0x0000c888        0x6 contiki-z1.a(csma.o)
 .any.text.on   0x0000c88e        0x6 contiki-z1.a(csma.o)
 .any.text.off  0x0000c894        0x6 contiki-z1.a(csma.o)
 .any.text.channel_check_interval
                0x0000c89a       0x10 contiki-z1.a(csma.o)
 .any.text.transmit_packet_list
                0x0000c8aa       0x24 contiki-z1.a(csma.o)
 .any.text.schedule_transmission
                0x0000c8ce       0x84 contiki-z1.a(csma.o)
 .any.text.init
                0x0000c952       0x1a contiki-z1.a(csma.o)
 .any.text.tx_done
                0x0000c96c       0x86 contiki-z1.a(csma.o)
 .any.text.send_packet
                0x0000c9f2      0x158 contiki-z1.a(csma.o)
 .any.text.packet_sent
                0x0000cb4a       0xca contiki-z1.a(csma.o)
 .any.text.create_frame.isra.0
                0x0000cc14      0x114 contiki-z1.a(framer-802154.o)
 .any.text.create
                0x0000cd28        0x8 contiki-z1.a(framer-802154.o)
 .any.text.hdr_length
                0x0000cd30        0x8 contiki-z1.a(framer-802154.o)
 .any.text.parse
                0x0000cd38       0x9a contiki-z1.a(framer-802154.o)
 .any.text.mac_call_sent_callback
                0x0000cdd2       0x14 contiki-z1.a(mac.o)
                0x0000cdd2                mac_call_sent_callback
 .any.text.duty_cycle
                0x0000cde6        0x6 contiki-z1.a(contikimac.o)
 .any.text.init
                0x0000cdec       0x2a contiki-z1.a(contikimac.o)
 .any.text.on   0x0000ce16       0x1a contiki-z1.a(contikimac.o)
 .any.text.off  0x0000ce30       0x22 contiki-z1.a(contikimac.o)
 .any.text.recv_burst_off
                0x0000ce52        0xa contiki-z1.a(contikimac.o)
 .any.text.powercycle_turn_radio_off
                0x0000ce5c       0x14 contiki-z1.a(contikimac.o)
 .any.text.turn_off
                0x0000ce70       0x20 contiki-z1.a(contikimac.o)
 .any.text.turn_on
                0x0000ce90       0x30 contiki-z1.a(contikimac.o)
 .any.text.schedule_powercycle_fixed.part.5
                0x0000cec0       0x32 contiki-z1.a(contikimac.o)
 .any.text.input_packet
                0x0000cef2       0x94 contiki-z1.a(contikimac.o)
 .any.text.send_packet.isra.8
                0x0000cf86      0x1d8 contiki-z1.a(contikimac.o)
 .any.text.qsend_list
                0x0000d15e       0xbe contiki-z1.a(contikimac.o)
 .any.text.qsend_packet
                0x0000d21c       0x28 contiki-z1.a(contikimac.o)
 .any.text.powercycle_wrapper
                0x0000d244      0x1c2 contiki-z1.a(contikimac.o)
 .any.text.init
                0x0000d406        0x2 contiki-z1.a(nullsec.o)
 .any.text.send
                0x0000d408        0xa contiki-z1.a(nullsec.o)
 .any.text.input
                0x0000d412        0x6 contiki-z1.a(nullsec.o)
 .any.text.i2c_receiveinit
                0x0000d418       0x36 contiki-z1.a(i2cmaster.o)
                0x0000d418                i2c_receiveinit
 .any.text.i2c_transmitinit
                0x0000d44e       0x30 contiki-z1.a(i2cmaster.o)
                0x0000d44e                i2c_transmitinit
 .any.text.i2c_receive_n
                0x0000d47e       0x3e contiki-z1.a(i2cmaster.o)
                0x0000d47e                i2c_receive_n
 .any.text.i2c_busy
                0x0000d4bc        0xa contiki-z1.a(i2cmaster.o)
                0x0000d4bc                i2c_busy
 .any.text.i2c_enable
                0x0000d4c6       0x22 contiki-z1.a(i2cmaster.o)
                0x0000d4c6                i2c_enable
 .any.text.i2c_transmit_n
                0x0000d4e8       0x14 contiki-z1.a(i2cmaster.o)
                0x0000d4e8                i2c_transmit_n
 .any.text.stimer_set
                0x0000d4fc       0x1c contiki-z1.a(stimer.o)
                0x0000d4fc                stimer_set
 .any.text.stimer_expired
                0x0000d518       0x30 contiki-z1.a(stimer.o)
                0x0000d518                stimer_expired
 .any.text.memb_init
                0x0000d548       0x36 contiki-z1.a(memb.o)
                0x0000d548                memb_init
 .any.text.memb_alloc
                0x0000d57e       0x3e contiki-z1.a(memb.o)
                0x0000d57e                memb_alloc
 .any.text.memb_free
                0x0000d5bc       0x3a contiki-z1.a(memb.o)
                0x0000d5bc                memb_free
 .any.text.memb_inmemb
                0x0000d5f6       0x2a contiki-z1.a(memb.o)
                0x0000d5f6                memb_inmemb
 .any.text.memb_numfree
                0x0000d620       0x26 contiki-z1.a(memb.o)
                0x0000d620                memb_numfree
 .any.text.update_nbr
                0x0000d646       0xda contiki-z1.a(rpl-nbr-policy.)
 .any.text.handle_periodic_timer
                0x0000d720        0xe contiki-z1.a(rpl-nbr-policy.)
 .any.text.find_removable_dis
                0x0000d72e       0x16 contiki-z1.a(rpl-nbr-policy.)
                0x0000d72e                find_removable_dis
 .any.text.find_removable_dio
                0x0000d744       0x3c contiki-z1.a(rpl-nbr-policy.)
                0x0000d744                find_removable_dio
 .any.text.find_removable_dao
                0x0000d780       0x34 contiki-z1.a(rpl-nbr-policy.)
                0x0000d780                find_removable_dao
 .any.text.rpl_nbr_policy_find_removable
                0x0000d7b4       0x30 contiki-z1.a(rpl-nbr-policy.)
                0x0000d7b4                rpl_nbr_policy_find_removable
 .any.text.frame802154_get_pan_id
                0x0000d7e4        0x6 contiki-z1.a(frame802154.o)
                0x0000d7e4                frame802154_get_pan_id
 .any.text.frame802154_has_panid
                0x0000d7ea       0xe0 contiki-z1.a(frame802154.o)
                0x0000d7ea                frame802154_has_panid
 .any.text.field_len
                0x0000d8ca       0xa8 contiki-z1.a(frame802154.o)
 .any.text.frame802154_is_broadcast_addr
                0x0000d972       0x28 contiki-z1.a(frame802154.o)
                0x0000d972                frame802154_is_broadcast_addr
 .any.text.frame802154_hdrlen
                0x0000d99a       0x32 contiki-z1.a(frame802154.o)
                0x0000d99a                frame802154_hdrlen
 .any.text.frame802154_create_fcf
                0x0000d9cc       0x6e contiki-z1.a(frame802154.o)
                0x0000d9cc                frame802154_create_fcf
 .any.text.frame802154_create
                0x0000da3a       0xd4 contiki-z1.a(frame802154.o)
                0x0000da3a                frame802154_create
 .any.text.frame802154_parse_fcf
                0x0000db0e       0x8c contiki-z1.a(frame802154.o)
                0x0000db0e                frame802154_parse_fcf
 .any.text.frame802154_parse
                0x0000db9a      0x15c contiki-z1.a(frame802154.o)
                0x0000db9a                frame802154_parse
 .any.text.mac_sequence_is_duplicate
                0x0000dcf6       0x60 contiki-z1.a(mac-sequence.o)
                0x0000dcf6                mac_sequence_is_duplicate
 .any.text.mac_sequence_register_seqno
                0x0000dd56       0x76 contiki-z1.a(mac-sequence.o)
                0x0000dd56                mac_sequence_register_seqno

.rodata         0x0000ddcc      0x413
                0x0000ddcc                . = ALIGN (0x2)
 *(.rodata .rodata.* .gnu.linkonce.r.*)
 .rodata.process_thread_process_leds
                0x0000ddcc       0x77 hello-world.co
 *fill*         0x0000de43        0x1 00
 .rodata.autostart_processes
                0x0000de44        0x6 hello-world.co
                0x0000de44                autostart_processes
 .rodata        0x0000de4a       0x1b hello-world.co
 .rodata        0x0000de65      0x118 obj_z1/contiki-z1-main.o
 *fill*         0x0000df7d        0x3 00
 .rodata.get_value
                0x0000df80       0x44 contiki-z1.a(cc2420.o)
 .rodata.set_value
                0x0000dfc4       0x20 contiki-z1.a(cc2420.o)
 .rodata.cc2420_driver
                0x0000dfe4       0x38 contiki-z1.a(cc2420.o)
                0x0000dfe4                cc2420_driver
 .rodata        0x0000e01c        0xe contiki-z1.a(cc2420.o)
 .rodata.output_power
                0x0000e02a       0x10 contiki-z1.a(cc2420.o)
 .rodata        0x0000e03a        0x8 contiki-z1.a(sensors.o)
 .rodata        0x0000e042        0x7 contiki-z1.a(button-sensor.o)
 *fill*         0x0000e049        0x1 00
 .rodata.button_sensor
                0x0000e04a        0xe contiki-z1.a(button-sensor.o)
                0x0000e04a                button_sensor
 .rodata        0x0000e058       0x25 contiki-z1.a(adxl345.o)
 *fill*         0x0000e07d        0x1 00
 .rodata.adxl345
                0x0000e07e        0xe contiki-z1.a(adxl345.o)
                0x0000e07e                adxl345
 .rodata        0x0000e08c        0xe contiki-z1.a(tmp102.o)
 .rodata.tmp102
                0x0000e09a        0xe contiki-z1.a(tmp102.o)
                0x0000e09a                tmp102
 .rodata        0x0000e0a8        0xf contiki-z1.a(ctimer.o)
 .rodata        0x0000e0b7        0xc contiki-z1.a(etimer.o)
 .rodata        0x0000e0c3        0xb contiki-z1.a(sicslowpan.o)
 .rodata.sicslowpan_driver
                0x0000e0ce        0xa contiki-z1.a(sicslowpan.o)
                0x0000e0ce                sicslowpan_driver
 .rodata.llprefix
                0x0000e0d8        0x2 contiki-z1.a(sicslowpan.o)
                0x0000e0d8                llprefix
 .rodata.unc_mxconf
                0x0000e0da        0x4 contiki-z1.a(sicslowpan.o)
                0x0000e0da                unc_mxconf
 .rodata.unc_ctxconf
                0x0000e0de        0x4 contiki-z1.a(sicslowpan.o)
                0x0000e0de                unc_ctxconf
 .rodata.unc_llconf
                0x0000e0e2        0x4 contiki-z1.a(sicslowpan.o)
                0x0000e0e2                unc_llconf
 .rodata.ttl_values
                0x0000e0e6        0x4 contiki-z1.a(sicslowpan.o)
 *fill*         0x0000e0ea        0x2 00
 .rodata.uip_process
                0x0000e0ec       0x40 contiki-z1.a(uip6.o)
 .rodata        0x0000e12c        0xd contiki-z1.a(tcpip.o)
 .rodata.uip_debug_ipaddr_print
                0x0000e139       0x28 contiki-z1.a(uip-debug.o)
 *fill*         0x0000e161        0x1 00
 .rodata.linkaddr_null
                0x0000e162        0x8 contiki-z1.a(linkaddr.o)
                0x0000e162                linkaddr_null
 .rodata        0x0000e16a        0x5 contiki-z1.a(csma.o)
 *fill*         0x0000e16f        0x1 00
 .rodata.csma_driver
                0x0000e170       0x1a contiki-z1.a(csma.o)
                0x0000e170                csma_driver
 .rodata.framer_802154
                0x0000e18a        0xc contiki-z1.a(framer-802154.o)
                0x0000e18a                framer_802154
 .rodata        0x0000e196        0xb contiki-z1.a(contikimac.o)
 *fill*         0x0000e1a1        0x1 00
 .rodata.contikimac_driver
                0x0000e1a2       0x1e contiki-z1.a(contikimac.o)
                0x0000e1a2                contikimac_driver
 .rodata        0x0000e1c0        0x8 contiki-z1.a(nullsec.o)
 .rodata.nullsec_driver
                0x0000e1c8        0xe contiki-z1.a(nullsec.o)
                0x0000e1c8                nullsec_driver
 .rodata.CSWTCH.16
                0x0000e1d6        0x2 contiki-z1.a(frame802154.o)
 .rodata.vuprintf
                0x0000e1d8        0x7 /usr/local/msp430/bin/../lib/gcc/msp430/4.7.0/../../../../msp430/lib/mcpu-430x/mmpy-16/msr20/mc20/libc.a(vuprintf.o)
 *(.near.rodata .near.rodata.*)
                0x0000e1e0                . = ALIGN (0x2)
                0x0000e1e0                _etext = .

.data           0x00001100      0x160 load address 0x0000e1e0
                0x00001100                . = ALIGN (0x2)
                0x00001100                __data_start = .
 *(.data .data.* .gnu.linkonce.d.*)
 .data.counter_leds
                0x00001100        0x3 hello-world.co
                0x00001100                counter_leds
 *fill*         0x00001103        0x1 00
 .data.process_timer
                0x00001104        0xc hello-world.co
                0x00001104                process_timer
 .data.process_leds
                0x00001110        0xc hello-world.co
                0x00001110                process_leds
 .data.cur_break
                0x0000111c        0x2 contiki-z1.a(msp430.o)
 .data.cc2420_process
                0x0000111e        0xc contiki-z1.a(cc2420.o)
                0x0000111e                cc2420_process
 .data.send_on_cca
                0x0000112a        0x1 contiki-z1.a(cc2420.o)
 *fill*         0x0000112b        0x1 00
 .data.sensors_process
                0x0000112c        0xc contiki-z1.a(sensors.o)
                0x0000112c                sensors_process
 .data.sensors  0x00001138        0x8 contiki-z1.a(z1-sensors.o)
                0x00001138                sensors
 .data.accmeter_process
                0x00001140        0xc contiki-z1.a(adxl345.o)
                0x00001140                accmeter_process
 .data.adxl345_default_settings
                0x0000114c       0x16 contiki-z1.a(adxl345.o)
 .data.ctimer_process
                0x00001162        0xc contiki-z1.a(ctimer.o)
                0x00001162                ctimer_process
 .data.etimer_process
                0x0000116e        0xc contiki-z1.a(etimer.o)
                0x0000116e                etimer_process
 .data.ds6_neighbors
                0x0000117a        0x2 contiki-z1.a(uip-ds6-nbr.o)
                0x0000117a                ds6_neighbors
 .data.ds6_neighbors_struct
                0x0000117c        0xa contiki-z1.a(uip-ds6-nbr.o)
 .data.nbr_routes
                0x00001186        0x2 contiki-z1.a(uip-ds6-route.o)
                0x00001186                nbr_routes
 .data.routememb
                0x00001188        0x8 contiki-z1.a(uip-ds6-route.o)
 .data.defaultroutermemb
                0x00001190        0x8 contiki-z1.a(uip-ds6-route.o)
 .data.neighborroutememb
                0x00001198        0x8 contiki-z1.a(uip-ds6-route.o)
 .data.nbr_routes_struct
                0x000011a0        0xa contiki-z1.a(uip-ds6-route.o)
 .data.echo_request_handler
                0x000011aa        0x8 contiki-z1.a(uip-icmp6.o)
 .data.echo_reply_handler
                0x000011b2        0x8 contiki-z1.a(uip-icmp6.o)
 .data.ns_input_handler
                0x000011ba        0x8 contiki-z1.a(uip-nd6.o)
 .data.tcpip_process
                0x000011c2        0xc contiki-z1.a(tcpip.o)
                0x000011c2                tcpip_process
 .data.rpl_parents
                0x000011ce        0x2 contiki-z1.a(rpl-dag.o)
                0x000011ce                rpl_parents
 .data.rpl_parents_struct
                0x000011d0        0xa contiki-z1.a(rpl-dag.o)
 .data.dao_sequence
                0x000011da        0x1 contiki-z1.a(rpl-icmp6.o)
 *fill*         0x000011db        0x1 00
 .data.dis_handler
                0x000011dc        0x8 contiki-z1.a(rpl-icmp6.o)
 .data.dio_handler
                0x000011e4        0x8 contiki-z1.a(rpl-icmp6.o)
 .data.dao_handler
                0x000011ec        0x8 contiki-z1.a(rpl-icmp6.o)
 .data.dao_ack_handler
                0x000011f4        0x8 contiki-z1.a(rpl-icmp6.o)
 .data.rpl_mrhof
                0x000011fc       0x22 contiki-z1.a(rpl-mrhof.o)
                0x000011fc                rpl_mrhof
 .data.link_stats_struct
                0x0000121e        0xa contiki-z1.a(link-stats.o)
 .data.neighbor_addr_mem
                0x00001228        0x8 contiki-z1.a(nbr-table.o)
 .data.buframmem
                0x00001230        0x8 contiki-z1.a(queuebuf.o)
 .data.bufmem   0x00001238        0x8 contiki-z1.a(queuebuf.o)
 .data.neighbor_memb
                0x00001240        0x8 contiki-z1.a(csma.o)
 .data.packet_memb
                0x00001248        0x8 contiki-z1.a(csma.o)
 .data.metadata_memb
                0x00001250        0x8 contiki-z1.a(csma.o)
 .data.prescale_lsb
                0x00001258        0x1 contiki-z1.a(i2cmaster.o)
                0x00001258                prescale_lsb
 *fill*         0x00001259        0x1 00
 .data.mac_pan_id
                0x0000125a        0x2 contiki-z1.a(frame802154.o)
 .data.next     0x0000125c        0x4 /usr/local/msp430/bin/../lib/gcc/msp430/4.7.0/../../../../msp430/lib/mcpu-430x/mmpy-16/msr20/mc20/libc.a(rand.o)
 *(.near.data .near.data.*)
                0x00001260                . = ALIGN (0x2)
                0x00001260                _edata = .
                0x0000e1e0                __data_load_start = LOADADDR (.data)
                0x00000160                __data_size = SIZEOF (.data)

.bss            0x00001260     0x18a0 load address 0x0000e340
                0x00001260                __bss_start = .
 *(.bss .bss.*)
 .bss.status_leds
                0x00001260        0x1 hello-world.co
                0x00001260                status_leds
 *fill*         0x00001261        0x1 00
 .bss.et.2016   0x00001262        0xc hello-world.co
 .bss.irq_energest.4230
                0x0000126e        0x4 obj_z1/contiki-z1-main.o
 .bss.leds      0x00001272        0x1 contiki-z1.a(leds.o)
 *fill*         0x00001273        0x1 00
 .bss.counter   0x00001274        0x2 contiki-z1.a(watchdog.o)
 .bss.poll_mode
                0x00001276        0x1 contiki-z1.a(cc2420.o)
 *fill*         0x00001277        0x1 00
 .bss.last_packet_timestamp
                0x00001278        0x2 contiki-z1.a(cc2420.o)
 .bss.locked    0x0000127a        0x1 contiki-z1.a(cc2420.o)
 .bss.lock_on   0x0000127b        0x1 contiki-z1.a(cc2420.o)
 .bss.lock_off  0x0000127c        0x1 contiki-z1.a(cc2420.o)
 .bss.receive_on
                0x0000127d        0x1 contiki-z1.a(cc2420.o)
 .bss.channel   0x0000127e        0x2 contiki-z1.a(cc2420.o)
 .bss.node_id   0x00001280        0x2 contiki-z1.a(node-id.o)
                0x00001280                node_id
 .bss.num_sensors
                0x00001282        0x1 contiki-z1.a(sensors.o)
 *fill*         0x00001283        0x1 00
 .bss.i.2088    0x00001284        0x2 contiki-z1.a(sensors.o)
 .bss.events.2089
                0x00001286        0x2 contiki-z1.a(sensors.o)
 .bss.debouncetimer
                0x00001288        0x8 contiki-z1.a(button-sensor.o)
 .bss.transmitting
                0x00001290        0x1 contiki-z1.a(uart0.o)
 *fill*         0x00001291        0x1 00
 .bss.uart0_input_handler
                0x00001292        0x4 contiki-z1.a(uart0.o)
 .bss.enabled   0x00001296        0x1 contiki-z1.a(adxl345.o)
 *fill*         0x00001297        0x1 00
 .bss.int1_mask
                0x00001298        0x2 contiki-z1.a(adxl345.o)
 .bss.int2_mask
                0x0000129a        0x2 contiki-z1.a(adxl345.o)
 .bss.suppressTimer1
                0x0000129c        0x8 contiki-z1.a(adxl345.o)
 .bss.suppressTimer2
                0x000012a4        0x8 contiki-z1.a(adxl345.o)
 .bss.enabled   0x000012ac        0x1 contiki-z1.a(tmp102.o)
 *fill*         0x000012ad        0x1 00
 .bss.last_tar  0x000012ae        0x2 contiki-z1.a(clock.o)
 .bss.count     0x000012b0        0x4 contiki-z1.a(clock.o)
 .bss.seconds   0x000012b4        0x4 contiki-z1.a(clock.o)
 .bss.initialized
                0x000012b8        0x1 contiki-z1.a(ctimer.o)
 *fill*         0x000012b9        0x1 00
 .bss.ctimer_list_list
                0x000012ba        0x2 contiki-z1.a(ctimer.o)
 .bss.timerlist
                0x000012bc        0x2 contiki-z1.a(etimer.o)
 .bss.next_expiration
                0x000012be        0x4 contiki-z1.a(etimer.o)
 .bss.poll_requested
                0x000012c2        0x1 contiki-z1.a(process.o)
 *fill*         0x000012c3        0x1 00
 .bss.process_current
                0x000012c4        0x2 contiki-z1.a(process.o)
                0x000012c4                process_current
 .bss.process_list
                0x000012c6        0x2 contiki-z1.a(process.o)
                0x000012c6                process_list
 .bss.lastevent
                0x000012c8        0x1 contiki-z1.a(process.o)
 .bss.fevent    0x000012c9        0x1 contiki-z1.a(process.o)
 .bss.nevents   0x000012ca        0x1 contiki-z1.a(process.o)
 *fill*         0x000012cb        0x1 00
 .bss.events    0x000012cc       0x30 contiki-z1.a(process.o)
 .bss.next_rtimer
                0x000012fc        0x2 contiki-z1.a(rtimer.o)
 .bss.callback  0x000012fe        0x2 contiki-z1.a(sicslowpan.o)
 .bss.addr_contexts
                0x00001300       0x14 contiki-z1.a(sicslowpan.o)
 .bss.uncomp_hdr_len
                0x00001314        0x1 contiki-z1.a(sicslowpan.o)
 .bss.packetbuf_hdr_len