Archive member included to satisfy reference by file (symbol)

obj_cooja/mtype338.a(simEnvChange.o)
                              obj_cooja/mtype338.o (simDontFallAsleep)
obj_cooja/mtype338.a(cooja_mt.o)
                              obj_cooja/mtype338.o (cooja_mt_start)
obj_cooja/mtype338.a(cooja_mtarch.o)
                              obj_cooja/mtype338.a(cooja_mt.o) (cooja_mtarch_init)
obj_cooja/mtype338.a(rtimer-arch.o)
                              obj_cooja/mtype338.o (rtimer_arch_check)
obj_cooja/mtype338.a(beep.o)  obj_cooja/mtype338.o (beep_interface)
obj_cooja/mtype338.a(button-sensor.o)
                              obj_cooja/mtype338.o (button_interface)
obj_cooja/mtype338.a(leds-arch.o)
                              obj_cooja/mtype338.o (leds_interface)
obj_cooja/mtype338.a(moteid.o)
                              obj_cooja/mtype338.o (moteid_interface)
obj_cooja/mtype338.a(pir-sensor.o)
                              obj_cooja/mtype338.o (pir_interface)
obj_cooja/mtype338.a(rs232.o)
                              obj_cooja/mtype338.o (rs232_interface)
obj_cooja/mtype338.a(vib-sensor.o)
                              obj_cooja/mtype338.o (vib_interface)
obj_cooja/mtype338.a(clock.o)
                              obj_cooja/mtype338.o (clock_interface)
obj_cooja/mtype338.a(log.o)   obj_cooja/mtype338.o (simlog_interface)
obj_cooja/mtype338.a(cfs-cooja.o)
                              obj_cooja/mtype338.o (cfs_interface)
obj_cooja/mtype338.a(cooja-radio.o)
                              obj_cooja/mtype338.o (radio_interface)
obj_cooja/mtype338.a(eeprom.o)
                              obj_cooja/mtype338.o (eeprom_interface)
obj_cooja/mtype338.a(random.o)
                              obj_cooja/mtype338.a(moteid.o) (random_init)
obj_cooja/mtype338.a(sensors.o)
                              obj_cooja/mtype338.o (sensors_process)
obj_cooja/mtype338.a(autostart.o)
                              obj_cooja/mtype338.o (autostart_start)
obj_cooja/mtype338.a(ctimer.o)
                              obj_cooja/mtype338.o (ctimer_init)
obj_cooja/mtype338.a(etimer.o)
                              obj_cooja/mtype338.o (etimer_process)
obj_cooja/mtype338.a(process.o)
                              obj_cooja/mtype338.a(ctimer.o) (process_current)
obj_cooja/mtype338.a(rtimer.o)
                              obj_cooja/mtype338.a(rtimer-arch.o) (rtimer_run_next)
obj_cooja/mtype338.a(timer.o)
                              obj_cooja/mtype338.a(button-sensor.o) (timer_set)
obj_cooja/mtype338.a(serial-line.o)
                              obj_cooja/mtype338.a(rs232.o) (serial_line_input_byte)
obj_cooja/mtype338.a(list.o)  obj_cooja/mtype338.a(ctimer.o) (list_init)
obj_cooja/mtype338.a(ringbuf.o)
                              obj_cooja/mtype338.a(serial-line.o) (ringbuf_init)
obj_cooja/mtype338.a(sicslowpan.o)
                              obj_cooja/mtype338.o (sicslowpan_driver)
obj_cooja/mtype338.a(uip-ds6-nbr.o)
                              obj_cooja/mtype338.a(sicslowpan.o) (uip_ds6_link_neighbor_callback)
obj_cooja/mtype338.a(uip-ds6.o)
                              obj_cooja/mtype338.o (uip_ds6_set_addr_iid)
obj_cooja/mtype338.a(uip6.o)  obj_cooja/mtype338.o (uip_lladdr)
obj_cooja/mtype338.a(tcpip.o)
                              obj_cooja/mtype338.a(sicslowpan.o) (tcpip_set_outputfunc)
obj_cooja/mtype338.a(uip-packetqueue)
                              obj_cooja/mtype338.a(uip-ds6-nbr.o) (uip_packetqueue_new)
obj_cooja/mtype338.a(rpl-dag.o)
                              obj_cooja/mtype338.a(tcpip.o) (rpl_repair_root)
obj_cooja/mtype338.a(rpl-ext-header.)
                              obj_cooja/mtype338.a(uip6.o) (rpl_verify_hbh_header)
obj_cooja/mtype338.a(rpl-icmp6.o)
                              obj_cooja/mtype338.a(rpl-dag.o) (rpl_icmp6_update_nbr_table)
obj_cooja/mtype338.a(rpl-mrhof.o)
                              obj_cooja/mtype338.a(rpl-dag.o) (rpl_mrhof)
obj_cooja/mtype338.a(rpl-timers.o)
                              obj_cooja/mtype338.a(rpl-dag.o) (rpl_reset_dio_timer)
obj_cooja/mtype338.a(rpl.o)   obj_cooja/mtype338.a(rpl-icmp6.o) (rpl_get_mode)
obj_cooja/mtype338.a(link-stats.o)
                              obj_cooja/mtype338.a(rpl-dag.o) (link_stats_from_lladdr)
obj_cooja/mtype338.a(linkaddr.o)
                              obj_cooja/mtype338.o (linkaddr_node_addr)
obj_cooja/mtype338.a(nbr-table.o)
                              obj_cooja/mtype338.a(uip-ds6-nbr.o) (nbr_table_register)
obj_cooja/mtype338.a(netstack.o)
                              obj_cooja/mtype338.o (netstack_init)
obj_cooja/mtype338.a(packetbuf.o)
                              obj_cooja/mtype338.a(cooja-radio.o) (packetbuf_attrs)
obj_cooja/mtype338.a(queuebuf.o)
                              obj_cooja/mtype338.o (queuebuf_init)
obj_cooja/mtype338.a(csma.o)  obj_cooja/mtype338.o (csma_driver)
obj_cooja/mtype338.a(framer-802154.o)
                              obj_cooja/mtype338.a(sicslowpan.o) (framer_802154)
[...]
Memory Configuration

Name             Origin             Length             Attributes
*default*        0x0000000000000000 0xffffffffffffffff

Linker script and memory map

LOAD /usr/lib/gcc/i686-linux-gnu/4.8/../../../i386-linux-gnu/crti.o
LOAD /usr/lib/gcc/i686-linux-gnu/4.8/crtbeginS.o
LOAD hello-world.co
LOAD obj_cooja/mtype338.o
LOAD obj_cooja/mtype338.a
LOAD /usr/lib/gcc/i686-linux-gnu/4.8/libgcc.a
LOAD /usr/lib/gcc/i686-linux-gnu/4.8/libgcc_s.so
LOAD /usr/lib/gcc/i686-linux-gnu/4.8/../../../i386-linux-gnu/libc.so
START GROUP
LOAD /lib/i386-linux-gnu/libc.so.6
LOAD /usr/lib/i386-linux-gnu/libc_nonshared.a
LOAD /lib/i386-linux-gnu/ld-linux.so.2
END GROUP
LOAD /usr/lib/gcc/i686-linux-gnu/4.8/libgcc.a
LOAD /usr/lib/gcc/i686-linux-gnu/4.8/libgcc_s.so
LOAD /usr/lib/gcc/i686-linux-gnu/4.8/crtendS.o
LOAD /usr/lib/gcc/i686-linux-gnu/4.8/../../../i386-linux-gnu/crtn.o
                0x0000000000000114                . = (0x0 + SIZEOF_HEADERS)

.note.gnu.build-id
                0x0000000000000114       0x24
 *(.note.gnu.build-id)
 .note.gnu.build-id
                0x0000000000000114       0x24 /usr/lib/gcc/i686-linux-gnu/4.8/../../../i386-linux-gnu/crti.o

.hash
 *(.hash)

.gnu.hash       0x0000000000000138     0x125c
 *(.gnu.hash)
 .gnu.hash      0x0000000000000138     0x125c /usr/lib/gcc/i686-linux-gnu/4.8/../../../i386-linux-gnu/crti.o

.dynsym         0x0000000000001394     0x21a0
 *(.dynsym)
 .dynsym        0x0000000000001394     0x21a0 /usr/lib/gcc/i686-linux-gnu/4.8/../../../i386-linux-gnu/crti.o

.dynstr         0x0000000000003534     0x2309
 *(.dynstr)
 .dynstr        0x0000000000003534     0x2309 /usr/lib/gcc/i686-linux-gnu/4.8/../../../i386-linux-gnu/crti.o

.gnu.version    0x000000000000583e      0x434
 *(.gnu.version)
 .gnu.version   0x000000000000583e      0x434 /usr/lib/gcc/i686-linux-gnu/4.8/../../../i386-linux-gnu/crti.o

.gnu.version_d  0x0000000000005c74        0x0
 *(.gnu.version_d)
 .gnu.version_d
                0x0000000000000000        0x0 /usr/lib/gcc/i686-linux-gnu/4.8/../../../i386-linux-gnu/crti.o

.gnu.version_r  0x0000000000005c74       0x40
 *(.gnu.version_r)
 .gnu.version_r
                0x0000000000005c74       0x40 /usr/lib/gcc/i686-linux-gnu/4.8/../../../i386-linux-gnu/crti.o

.rel.dyn        0x0000000000005cb4     0x7a68
 *(.rel.init)
 .rel.init      0x0000000000000000        0x0 /usr/lib/gcc/i686-linux-gnu/4.8/../../../i386-linux-gnu/crti.o
 *(.rel.text .rel.text.* .rel.gnu.linkonce.t.*)
 .rel.text      0x0000000000005cb4     0x72c0 /usr/lib/gcc/i686-linux-gnu/4.8/../../../i386-linux-gnu/crti.o
 *(.rel.fini)
 .rel.fini      0x0000000000000000        0x0 /usr/lib/gcc/i686-linux-gnu/4.8/../../../i386-linux-gnu/crti.o
 *(.rel.rodata .rel.rodata.* .rel.gnu.linkonce.r.*)
 .rel.rodata    0x000000000000cf74      0x4e0 /usr/lib/gcc/i686-linux-gnu/4.8/../../../i386-linux-gnu/crti.o
 *(.rel.data.rel.ro .rel.data.rel.ro.* .rel.gnu.linkonce.d.rel.ro.*)
 *(.rel.data .rel.data.* .rel.gnu.linkonce.d.*)
 .rel.data.rel  0x000000000000d454        0x8 /usr/lib/gcc/i686-linux-gnu/4.8/../../../i386-linux-gnu/crti.o
 .rel.data      0x000000000000d45c      0x288 /usr/lib/gcc/i686-linux-gnu/4.8/../../../i386-linux-gnu/crti.o
 *(.rel.tdata .rel.tdata.* .rel.gnu.linkonce.td.*)
 *(.rel.tbss .rel.tbss.* .rel.gnu.linkonce.tb.*)
 *(.rel.ctors)
 *(.rel.dtors)
 *(.rel.got)
 .rel.got       0x000000000000d6e4       0x28 /usr/lib/gcc/i686-linux-gnu/4.8/../../../i386-linux-gnu/crti.o
 *(.rel.bss .rel.bss.* .rel.gnu.linkonce.b.*)
 *(.rel.ifunc)
 .rel.ifunc     0x0000000000000000        0x0 /usr/lib/gcc/i686-linux-gnu/4.8/../../../i386-linux-gnu/crti.o
 .rel.fini_array
                0x000000000000d70c        0x8 /usr/lib/gcc/i686-linux-gnu/4.8/../../../i386-linux-gnu/crti.o
 .rel.init_array
                0x000000000000d714        0x8 /usr/lib/gcc/i686-linux-gnu/4.8/../../../i386-linux-gnu/crti.o

.rel.plt        0x000000000000d71c       0x10
 *(.rel.plt)
 .rel.plt       0x000000000000d71c       0x10 /usr/lib/gcc/i686-linux-gnu/4.8/../../../i386-linux-gnu/crti.o
 *(.rel.iplt)

.init           0x000000000000d72c       0x23
 *(SORT(.init))
 .init          0x000000000000d72c       0x1e /usr/lib/gcc/i686-linux-gnu/4.8/../../../i386-linux-gnu/crti.o
                0x000000000000d72c                _init
 .init          0x000000000000d74a        0x5 /usr/lib/gcc/i686-linux-gnu/4.8/../../../i386-linux-gnu/crtn.o

.plt            0x000000000000d750       0x30
 *(.plt)
 .plt           0x000000000000d750       0x30 /usr/lib/gcc/i686-linux-gnu/4.8/../../../i386-linux-gnu/crti.o
 *(.iplt)

.text           0x000000000000d780    0x144df
 *(.text.unlikely .text.*_unlikely .text.unlikely.*)
 *(.text.exit .text.exit.*)
 *(.text.startup .text.startup.*)
 *(.text.hot .text.hot.*)
 *(.text .stub .text.* .gnu.linkonce.t.*)
 .text          0x000000000000d780        0x0 /usr/lib/gcc/i686-linux-gnu/4.8/../../../i386-linux-gnu/crti.o
 .gnu.linkonce.t.__x86.get_pc_thunk.bx
                0x000000000000d780        0x4 /usr/lib/gcc/i686-linux-gnu/4.8/../../../i386-linux-gnu/crti.o
                0x000000000000d780                __x86.get_pc_thunk.bx
 *fill*         0x000000000000d784        0xc 
 .text          0x000000000000d790      0x11b /usr/lib/gcc/i686-linux-gnu/4.8/crtbeginS.o
 .text          0x000000000000d8ab       0x3c hello-world.co
 .text          0x000000000000d8e7      0x68d obj_cooja/mtype338.o
                0x000000000000da1d                contiki_init
                0x000000000000de0c                Java_org_contikios_cooja_corecomm_Lib1_init
                0x000000000000de4c                Java_org_contikios_cooja_corecomm_Lib1_getMemory
                0x000000000000de8c                Java_org_contikios_cooja_corecomm_Lib1_setMemory
                0x000000000000df03                Java_org_contikios_cooja_corecomm_Lib1_tick
                0x000000000000df62                Java_org_contikios_cooja_corecomm_Lib1_setReferenceAddress
 .text          0x000000000000df74       0x63 obj_cooja/mtype338.a(simEnvChange.o)
                0x000000000000df74                doActionsBeforeTick
                0x000000000000dfa5                doActionsAfterTick
 .text          0x000000000000dfd7       0xbc obj_cooja/mtype338.a(cooja_mt.o)
                0x000000000000dfd7                cooja_mt_init
                0x000000000000dfe4                cooja_mt_remove
                0x000000000000dff1                cooja_mt_start
                0x000000000000e01e                cooja_mt_exec
                0x000000000000e04f                cooja_mt_exit
                0x000000000000e071                cooja_mt_yield
 .text          0x000000000000e093      0x115 obj_cooja/mtype338.a(cooja_mtarch.o)
                0x000000000000e093                cooja_mtarch_init
                0x000000000000e098                cooja_mtarch_start
                0x000000000000e113                cooja_sw
                0x000000000000e135                cooja_mtarch_exec
                0x000000000000e151                cooja_mtarch_remove
                0x000000000000e156                cooja_mtarch_yield
                0x000000000000e160                cooja_mtarch_pstop
                0x000000000000e165                cooja_mtarch_pstart
                0x000000000000e16a                cooja_mtarch_stack_usage
 .text          0x000000000000e1a8       0xc3 obj_cooja/mtype338.a(rtimer-arch.o)
                0x000000000000e1a8                rtimer_arch_init
                0x000000000000e1cb                rtimer_arch_schedule
                0x000000000000e1fa                rtimer_arch_next
                0x000000000000e20a                rtimer_arch_pending
                0x000000000000e214                rtimer_arch_check
                0x000000000000e25b                rtimer_arch_now
 .text          0x000000000000e26b       0x76 obj_cooja/mtype338.a(beep.o)
                0x000000000000e26b                beep_alarm
                0x000000000000e277                beep_beep
                0x000000000000e283                beep
                0x000000000000e28f                beep_down
                0x000000000000e29b                beep_on
                0x000000000000e2a7                beep_off
                0x000000000000e2b3                beep_spinup
                0x000000000000e2bf                beep_quick
                0x000000000000e2cb                beep_long
 .text          0x000000000000e2e1      0x103 obj_cooja/mtype338.a(button-sensor.o)
 .text          0x000000000000e3e4       0x45 obj_cooja/mtype338.a(leds-arch.o)
                0x000000000000e3e4                leds_arch_init
                0x000000000000e3f0                leds_arch_get
                0x000000000000e3fc                leds_arch_set
 .text          0x000000000000e429       0x2f obj_cooja/mtype338.a(moteid.o)
 .text          0x000000000000e458       0xb1 obj_cooja/mtype338.a(pir-sensor.o)
 .text          0x000000000000e509      0x131 obj_cooja/mtype338.a(rs232.o)
                0x000000000000e509                rs232_init
                0x000000000000e50e                rs232_set_speed
                0x000000000000e51c                rs232_set_input
                0x000000000000e529                rs232_send
                0x000000000000e54b                rs232_print
                0x000000000000e566                slip_arch_writeb
 .text          0x000000000000e63a       0xb1 obj_cooja/mtype338.a(vib-sensor.o)
 .text          0x000000000000e6eb       0x34 obj_cooja/mtype338.a(clock.o)
                0x000000000000e6eb                clock_init
                0x000000000000e6f0                clock_time
                0x000000000000e6fa                clock_seconds
                0x000000000000e710                clock_delay
 .text          0x000000000000e71f      0x1ed obj_cooja/mtype338.a(log.o)
                0x000000000000e71f                simlog_char
                0x000000000000e761                simlog
                0x000000000000e7ce                log_message
                0x000000000000e7f6                log_set_putchar_with_slip
                0x000000000000e803                log_putchar
                0x000000000000e887                log_puts
                0x000000000000e8ab                log_printf
 .text          0x000000000000e90c      0x2c4 obj_cooja/mtype338.a(cfs-cooja.o)
                0x000000000000e90c                cfs_open
                0x000000000000e975                cfs_close
                0x000000000000e981                cfs_read
                0x000000000000ea1f                cfs_write
                0x000000000000eafc                cfs_seek
                0x000000000000eb84                cfs_remove
                0x000000000000ebad                cfs_opendir
                0x000000000000ebb7                cfs_readdir
                0x000000000000ebc1                cfs_closedir
 .text          0x000000000000ebd0      0x639 obj_cooja/mtype338.a(cooja-radio.o)
                0x000000000000ec38                radio_set_channel
                0x000000000000ec45                radio_set_txpower
                0x000000000000ec5c                radio_signal_strength_last
                0x000000000000ec66                radio_signal_strength_current
                0x000000000000ec70                radio_LQI
 .text          0x000000000000f209       0xef obj_cooja/mtype338.a(eeprom.o)
                0x000000000000f209                eeprom_init
                0x000000000000f20e                eeprom_read
                0x000000000000f27e                eeprom_write
 .text          0x000000000000f2f8       0x28 obj_cooja/mtype338.a(random.o)
                0x000000000000f2f8                random_init
                0x000000000000f313                random_rand
 .text          0x000000000000f320      0x2a1 obj_cooja/mtype338.a(sensors.o)
                0x000000000000f35b                sensors_first
                0x000000000000f365                sensors_next
                0x000000000000f382                sensors_changed
                0x000000000000f3b1                sensors_find
 .text          0x000000000000f5c1       0x8e obj_cooja/mtype338.a(autostart.o)
                0x000000000000f5c1                autostart_start
                0x000000000000f60c                autostart_exit
 .text          0x000000000000f64f      0x334 obj_cooja/mtype338.a(ctimer.o)
                0x000000000000f766                ctimer_init
                0x000000000000f796                ctimer_set
                0x000000000000f7c7                ctimer_set_with_process
                0x000000000000f843                ctimer_reset
                0x000000000000f892                ctimer_restart
                0x000000000000f8e1                ctimer_stop
                0x000000000000f92c                ctimer_expired
 .text          0x000000000000f983      0x40b obj_cooja/mtype338.a(etimer.o)
                0x000000000000fb96                etimer_request_poll
                0x000000000000fc1a                etimer_set
                0x000000000000fc3f                etimer_reset_with_new_interval
                0x000000000000fc66                etimer_reset
                0x000000000000fc84                etimer_restart
                0x000000000000fca2                etimer_adjust
                0x000000000000fcbe                etimer_expired
                0x000000000000fcd1                etimer_expiration_time
                0x000000000000fce3                etimer_start_time
                0x000000000000fced                etimer_pending
                0x000000000000fcff                etimer_next_expiration_time
                0x000000000000fd19                etimer_stop
 .text          0x000000000000fd8e      0x51a obj_cooja/mtype338.a(process.o)
                0x000000000000fd8e                process_alloc_event
                0x000000000000fda3                process_start
                0x000000000000ff8c                process_exit
                0x000000000000ffa8                process_init
                0x000000000001014a                process_run
                0x000000000001017d                process_nevents
                0x0000000000010198                process_post
                0x000000000001022d                process_post_synch
                0x0000000000010265                process_poll
                0x0000000000010294                process_is_running
 .text          0x00000000000102a8       0xe6 obj_cooja/mtype338.a(rtimer.o)
                0x00000000000102a8                rtimer_init
                0x00000000000102b5                rtimer_set
                0x0000000000010331                rtimer_run_next
 .text          0x000000000001038e       0x91 obj_cooja/mtype338.a(timer.o)
                0x000000000001038e                timer_set
                0x00000000000103a9                timer_reset
                0x00000000000103c0                timer_restart
                0x00000000000103d2                timer_expired
                0x00000000000103fb                timer_remaining
 .text          0x000000000001041f      0x1fb obj_cooja/mtype338.a(serial-line.o)
                0x000000000001041f                serial_line_input_byte
                0x00000000000105e2                serial_line_init
 .text          0x000000000001061a      0x244 obj_cooja/mtype338.a(list.o)
                0x000000000001061a                list_init
                0x0000000000010628                list_head
                0x0000000000010632                list_copy
                0x0000000000010641                list_tail
                0x0000000000010677                list_add
                0x00000000000106c0                list_push
                0x00000000000106ec                list_chop
                0x0000000000010756                list_pop
                0x000000000001077e                list_remove
                0x00000000000107e5                list_length
                0x0000000000010813                list_insert
                0x0000000000010847                list_item_next
 .text          0x000000000001085e      0x155 obj_cooja/mtype338.a(ringbuf.o)
                0x000000000001085e                ringbuf_init
                0x000000000001088f                ringbuf_put
                0x000000000001090d                ringbuf_get
                0x000000000001097a                ringbuf_size
                0x000000000001098c                ringbuf_elements
 .text          0x00000000000109b3     0x259f obj_cooja/mtype338.a(sicslowpan.o)
                0x0000000000010f3d                rime_sniffer_add
                0x0000000000010f4a                rime_sniffer_remove
                0x0000000000012ef1                sicslowpan_init
                0x0000000000012f48                sicslowpan_get_last_rssi
 .text          0x0000000000012f52      0x2b6 obj_cooja/mtype338.a(uip-ds6-nbr.o)
                0x0000000000012f6f                uip_ds6_neighbors_init
                0x0000000000012f91                uip_ds6_nbr_add
                0x0000000000013019                uip_ds6_nbr_rm
                0x000000000001305b                uip_ds6_nbr_get_ipaddr
                0x0000000000013070                uip_ds6_nbr_get_ll
                0x000000000001308c                uip_ds6_nbr_num
                0x00000000000130d1                uip_ds6_nbr_lookup
                0x0000000000013136                uip_ds6_nbr_ll_lookup
                0x0000000000013152                uip_ds6_nbr_ipaddr_from_lladdr
                0x0000000000013178                uip_ds6_nbr_lladdr_from_ipaddr
                0x00000000000131a6                uip_ds6_link_neighbor_callback
 .text          0x0000000000013208      0xb97 obj_cooja/mtype338.a(uip-ds6.o)
                0x0000000000013208                uip_ds6_init
                0x00000000000133db                uip_ds6_periodic
                0x0000000000013454                uip_ds6_list_loop
                0x00000000000134fb                uip_ds6_prefix_add
                0x00000000000135b9                uip_ds6_prefix_rm
                0x00000000000135cb                uip_ds6_prefix_lookup
                0x000000000001361c                uip_ds6_is_addr_onlink
                0x0000000000013690                uip_ds6_addr_add
                0x00000000000137be                uip_ds6_addr_rm
                0x000000000001385e                uip_ds6_addr_lookup
                0x00000000000138a9                uip_ds6_get_link_local
                0x0000000000013928                uip_ds6_get_global
                0x00000000000139a7                uip_ds6_maddr_add
                0x0000000000013a19                uip_ds6_maddr_rm
                0x0000000000013a2b                uip_ds6_maddr_lookup
                0x0000000000013a76                uip_ds6_aaddr_add
                0x0000000000013ae8                uip_ds6_aaddr_rm
                0x0000000000013afa                uip_ds6_aaddr_lookup
                0x0000000000013b45                uip_ds6_select_src
                0x0000000000013c8a                uip_ds6_set_addr_iid
                0x0000000000013cc1                get_match_length
                0x0000000000013d53                uip_ds6_compute_reachable_time
 .text          0x0000000000013d9f     0x2746 obj_cooja/mtype338.a(uip6.o)
                0x0000000000013d9f                uip_add32
                0x0000000000013f38                uip_chksum
                0x0000000000014026                uip_icmp6chksum
                0x000000000001403a                uip_tcpchksum
                0x000000000001404e                uip_udpchksum
                0x0000000000014062                uip_init
                0x00000000000140ed                uip_connect
                0x000000000001426e                remove_ext_hdr
                0x0000000000014343                uip_udp_new
                0x000000000001446a                uip_unlisten
                0x00000000000144ac                uip_listen
                0x0000000000014750                uip_process
                0x00000000000163d9                uip_htons
                0x00000000000163fb                uip_htonl
                0x000000000001643b                uip_send
 .text          0x00000000000164e5      0x9af obj_cooja/mtype338.a(tcpip.o)
                0x00000000000164e5                tcpip_output
                0x0000000000016513                tcpip_set_outputfunc
                0x00000000000165a7                tcp_connect
                0x00000000000165fc                tcp_unlisten
                0x0000000000016657                tcp_listen
                0x00000000000166b0                tcp_attach
                0x00000000000166d5                udp_attach
                0x00000000000166fa                udp_new
                0x000000000001674c                udp_broadcast_new
                0x00000000000169c0                tcpip_input
                0x00000000000169f4                tcpip_ipv6_output
                0x0000000000016cda                tcpip_poll_udp
                0x0000000000016cfd                tcpip_poll_tcp
                0x0000000000016d20                tcpip_uipcall
 .text          0x0000000000016e94      0x141 obj_cooja/mtype338.a(uip-packetqueue)
                0x0000000000016ec0                uip_packetqueue_new
                0x0000000000016ece                uip_packetqueue_alloc
                0x0000000000016f2e                uip_packetqueue_free
                0x0000000000016f6f                uip_packetqueue_buf
                0x0000000000016f8c                uip_packetqueue_buflen
                0x0000000000016fad                uip_packetqueue_set_buflen
 .text          0x0000000000016fd5     0x2789 obj_cooja/mtype338.a(rpl-dag.o)
                0x0000000000016fd5                rpl_print_neighbor_list
                0x00000000000171bb                rpl_get_nbr
                0x0000000000017205                rpl_dag_init
                0x0000000000017222                rpl_get_parent
                0x0000000000017244                rpl_get_parent_rank
                0x0000000000017277                rpl_get_parent_link_metric
                0x00000000000172ce                rpl_rank_via_parent
                0x0000000000017325                rpl_get_parent_lladdr
                0x0000000000017341                rpl_get_parent_ipaddr
                0x0000000000017362                rpl_get_parent_link_stats
                0x0000000000017383                rpl_parent_is_fresh
                0x00000000000173a4                rpl_parent_is_reachable
                0x00000000000176eb                rpl_set_root
                0x0000000000017942                rpl_repair_root
                0x0000000000017b7e                rpl_set_prefix
                0x0000000000017c7d                rpl_set_default_route
                0x0000000000017ceb                rpl_alloc_instance
                0x0000000000017d7e                rpl_alloc_dag
                0x0000000000017e2f                rpl_set_default_instance
                0x0000000000017e3c                rpl_get_default_instance
                0x0000000000017e46                rpl_free_instance
                0x0000000000017ef5                rpl_free_dag
                0x0000000000017f76                rpl_add_parent
                0x0000000000018023                rpl_find_parent
                0x000000000001807b                rpl_find_parent_any_dag
                0x00000000000180b7                rpl_select_dag
                0x00000000000184ae                rpl_select_parent
                0x0000000000018588                rpl_remove_parent
                0x00000000000185af                rpl_nullify_parent
                0x0000000000018670                rpl_move_parent
                0x0000000000018728                rpl_has_downward_route
                0x000000000001877b                rpl_get_dag
                0x0000000000018867                rpl_get_any_dag
                0x00000000000188c9                rpl_get_instance
                0x000000000001892c                rpl_find_of
                0x0000000000018969                rpl_join_instance
                0x0000000000018c29                rpl_add_dag
                0x0000000000018ff9                rpl_local_repair
                0x00000000000190d1                rpl_recalculate_ranks
                0x0000000000019157                rpl_process_parent_event
                0x0000000000019284                rpl_process_dio
 .text          0x000000000001975e      0x9cf obj_cooja/mtype338.a(rpl-ext-header.)
                0x000000000001977b                rpl_verify_hbh_header
                0x0000000000019efe                rpl_remove_header
                0x000000000001a061                rpl_update_header
 .text          0x000000000001a12d     0x1b37 obj_cooja/mtype338.a(rpl-icmp6.o)
                0x000000000001a38c                rpl_icmp6_update_nbr_table
                0x000000000001a47c                dis_output
                0x000000000001aab5                dio_output
                0x000000000001b813                dao_output
                0x000000000001b8ce                dao_output_target
                0x000000000001bc18                dao_ack_output
                0x000000000001bc2c                rpl_icmp6_register_handlers
 .text          0x000000000001bc64      0x2e9 obj_cooja/mtype338.a(rpl-mrhof.o)
 .text          0x000000000001bf4d      0x86f obj_cooja/mtype338.a(rpl-timers.o)
                0x000000000001c1c8                rpl_reset_periodic_timer
                0x000000000001c21d                rpl_reset_dio_timer
                0x000000000001c444                rpl_schedule_dao
                0x000000000001c45f                rpl_schedule_dao_immediately
                0x000000000001c47a                rpl_cancel_dao
                0x000000000001c4dc                rpl_schedule_unicast_dio_immediately
                0x000000000001c50c                get_probing_delay
                0x000000000001c58b                get_probing_target
                0x000000000001c782                rpl_schedule_probing
 .text          0x000000000001c7bc      0x56a obj_cooja/mtype338.a(rpl.o)
                0x000000000001c7bc                rpl_get_mode
                0x000000000001c7c6                rpl_set_mode
                0x000000000001c854                rpl_purge_routes
                0x000000000001c959                rpl_remove_routes
                0x000000000001c99f                rpl_remove_routes_by_nexthop
                0x000000000001ca00                rpl_add_route
                0x000000000001ca93                rpl_link_neighbor_callback
                0x000000000001cb5d                rpl_ipv6_neighbor_callback
                0x000000000001cbcc                rpl_purge_dags
                0x000000000001ccae                rpl_init
 .text          0x000000000001cd26      0x33d obj_cooja/mtype338.a(link-stats.o)
                0x000000000001cd40                link_stats_from_lladdr
                0x000000000001cd5c                link_stats_is_fresh
                0x000000000001cd95                guess_etx_from_rssi
                0x000000000001ce11                link_stats_packet_sent
                0x000000000001cf1f                link_stats_input_callback
                0x000000000001d022                link_stats_init
 .text          0x000000000001d063       0x67 obj_cooja/mtype338.a(linkaddr.o)
                0x000000000001d063                linkaddr_copy
                0x000000000001d085                linkaddr_cmp
                0x000000000001d0af                linkaddr_set_node_addr
 .text          0x000000000001d0ca      0x80f obj_cooja/mtype338.a(nbr-table.o)
                0x000000000001d539                nbr_table_register
                0x000000000001d581                nbr_table_head
                0x000000000001d5dd                nbr_table_next
                0x000000000001d644                nbr_table_add_lladdr
                0x000000000001d720                nbr_table_get_from_lladdr
                0x000000000001d76d                nbr_table_remove
                0x000000000001d7bf                nbr_table_lock
                0x000000000001d7e9                nbr_table_unlock
                0x000000000001d813                nbr_table_get_lladdr
                0x000000000001d843                nbr_table_update_lladdr
 .text          0x000000000001d8d9       0x2b obj_cooja/mtype338.a(netstack.o)
                0x000000000001d8d9                netstack_init
 .text          0x000000000001d904      0x3e0 obj_cooja/mtype338.a(packetbuf.o)
                0x000000000001d904                packetbuf_clear
                0x000000000001d92e                packetbuf_copyfrom
                0x000000000001d980                packetbuf_compact
                0x000000000001d9fd                packetbuf_copyto
                0x000000000001da94                packetbuf_hdralloc
                0x000000000001db11                packetbuf_hdrreduce
                0x000000000001db59                packetbuf_set_datalen
                0x000000000001db72                packetbuf_dataptr
                0x000000000001db8f                packetbuf_hdrptr
                0x000000000001db99                packetbuf_datalen
                0x000000000001dba5                packetbuf_hdrlen
                0x000000000001dbbc                packetbuf_totlen
                0x000000000001dbd2                packetbuf_remaininglen
                0x000000000001dbe5                packetbuf_attr_clear
                0x000000000001dc37                packetbuf_attr_copyto
                0x000000000001dc80                packetbuf_attr_copyfrom
                0x000000000001dcc8                packetbuf_holds_broadcast
 .text          0x000000000001dce4      0x2b4 obj_cooja/mtype338.a(queuebuf.o)
                0x000000000001dcee                queuebuf_init
                0x000000000001dd0e                queuebuf_numfree
                0x000000000001dd22                queuebuf_new_from_packetbuf
                0x000000000001ddb2                queuebuf_update_attr_from_packetbuf
                0x000000000001dde5                queuebuf_update_from_packetbuf
                0x000000000001de2f                queuebuf_free
                0x000000000001de76                queuebuf_to_packetbuf
                0x000000000001dedc                queuebuf_dataptr
                0x000000000001df13                queuebuf_datalen
                0x000000000001df36                queuebuf_addr
                0x000000000001df68                queuebuf_attr
                0x000000000001df93                queuebuf_debug_print
 .text          0x000000000001df98      0x835 obj_cooja/mtype338.a(csma.o)
 .text          0x000000000001e7cd      0x3f9 obj_cooja/mtype338.a(framer-802154.o)
 .text          0x000000000001ebc6       0x3c obj_cooja/mtype338.a(mac.o)
                0x000000000001ebc6                mac_call_sent_callback
 .text          0x000000000001ec02      0x426 obj_cooja/mtype338.a(nullrdc.o)
 .text          0x000000000001f028       0x6e obj_cooja/mtype338.a(nullsec.o)
 .text          0x000000000001f096       0x19 obj_cooja/mtype338.a(watchdog.o)
                0x000000000001f096                watchdog_init
                0x000000000001f09b                watchdog_start
                0x000000000001f0a0                watchdog_periodic
                0x000000000001f0a5                watchdog_stop
                0x000000000001f0aa                watchdog_reboot
 .text          0x000000000001f0af        0x0 obj_cooja/mtype338.a(rimestats.o)
 .text          0x000000000001f0af       0xa3 obj_cooja/mtype338.a(stimer.o)
                0x000000000001f0af                stimer_set
                0x000000000001f0ca                stimer_reset
                0x000000000001f0e1                stimer_restart
                0x000000000001f0f3                stimer_expired
                0x000000000001f11a                stimer_remaining
                0x000000000001f13e                stimer_elapsed
 .text          0x000000000001f152      0x1c1 obj_cooja/mtype338.a(memb.o)
                0x000000000001f152                memb_init
                0x000000000001f1b0                memb_alloc
                0x000000000001f215                memb_free
                0x000000000001f290                memb_inmemb
                0x000000000001f2cf                memb_numfree
 .text          0x000000000001f313      0x92d obj_cooja/mtype338.a(uip-ds6-route.o)
                0x000000000001f38a                uip_ds6_notification_add
                0x000000000001f3bb                uip_ds6_notification_rm
                0x000000000001f3d7                uip_ds6_route_init
                0x000000000001f45f                uip_ds6_route_nexthop
                0x000000000001f487                uip_ds6_route_head
                0x000000000001f49c                uip_ds6_route_next
                0x000000000001f4c2                uip_ds6_route_is_nexthop
                0x000000000001f501                uip_ds6_route_num_routes
                0x000000000001f50b                uip_ds6_route_lookup
                0x000000000001f5cd                uip_ds6_route_add
                0x000000000001f803                uip_ds6_route_rm
                0x000000000001f997                uip_ds6_route_rm_by_nexthop
                0x000000000001f9cf                uip_ds6_defrt_head
                0x000000000001f9e4                uip_ds6_defrt_add
                0x000000000001fa95                uip_ds6_defrt_rm
                0x000000000001fb14                uip_ds6_defrt_lookup
                0x000000000001fb6d                uip_ds6_defrt_choose
                0x000000000001fbd8                uip_ds6_defrt_periodic
 .text          0x000000000001fc40      0x8c8 obj_cooja/mtype338.a(uip-icmp6.o)
                0x000000000001fcae                uip_icmp6_input
                0x000000000001fd04                uip_icmp6_register_input_handler
                0x000000000001fee7                uip_icmp6_error_output
                0x0000000000020227                uip_icmp6_send
                0x000000000002049b                uip_icmp6_echo_reply_callback_add
                0x00000000000204cc                uip_icmp6_echo_reply_callback_rm
                0x00000000000204e8                uip_icmp6_init
 .text          0x0000000000020508      0x6ac obj_cooja/mtype338.a(uip-nd6.o)
                0x0000000000020ba0                uip_nd6_init
 .text          0x0000000000020bb4      0x162 obj_cooja/mtype338.a(uip-debug.o)
                0x0000000000020bb4                uip_debug_ipaddr_print
 .text          0x0000000000020d16      0x31d obj_cooja/mtype338.a(rpl-nbr-policy.)
                0x0000000000020ee6                find_removable_dis
                0x0000000000020f0b                find_removable_dio
                0x0000000000020f8c                find_removable_dao
                0x0000000000020fdc                rpl_nbr_policy_find_removable
 .text          0x0000000000021033      0xa8d obj_cooja/mtype338.a(frame802154.o)
                0x0000000000021064                frame802154_get_pan_id
                0x0000000000021070                frame802154_set_pan_id
                0x0000000000021089                frame802154_has_panid
                0x0000000000021236                frame802154_check_dest_panid
                0x00000000000212a5                frame802154_is_broadcast_addr
                0x00000000000212f2                frame802154_extract_linkaddr
                0x0000000000021532                frame802154_hdrlen
                0x0000000000021583                frame802154_create_fcf
                0x000000000002163a                frame802154_create
                0x0000000000021787                frame802154_parse_fcf
                0x0000000000021840                frame802154_parse
 .text          0x0000000000021ac0      0x19f obj_cooja/mtype338.a(mac-sequence.o)
                0x0000000000021af7                mac_sequence_is_duplicate
                0x0000000000021b95                mac_sequence_register_seqno
 .text          0x0000000000021c5f        0x0 /usr/lib/gcc/i686-linux-gnu/4.8/crtendS.o
 .text          0x0000000000021c5f        0x0 /usr/lib/gcc/i686-linux-gnu/4.8/../../../i386-linux-gnu/crtn.o
 *(.gnu.warning)

.fini           0x0000000000021c60       0x14
 *(SORT(.fini))
 .fini          0x0000000000021c60        0xf /usr/lib/gcc/i686-linux-gnu/4.8/../../../i386-linux-gnu/crti.o
                0x0000000000021c60                _fini
 .fini          0x0000000000021c6f        0x5 /usr/lib/gcc/i686-linux-gnu/4.8/../../../i386-linux-gnu/crtn.o
                0x0000000000021c74                PROVIDE (__etext, .)
                0x0000000000021c74                PROVIDE (_etext, .)
                0x0000000000021c74                PROVIDE (etext, .)

.rodata         0x0000000000021c80      0x5c2
 *(.rodata .rodata.* .gnu.linkonce.r.*)
 .rodata        0x0000000000021c80       0x2c hello-world.co
                0x0000000000021c94                autostart_processes
 .rodata        0x0000000000021cac      0x133 obj_cooja/mtype338.o
 *fill*         0x0000000000021ddf        0x1 
 .rodata        0x0000000000021de0        0x8 obj_cooja/mtype338.a(beep.o)
                0x0000000000021de0                beep_interface
 .rodata        0x0000000000021de8       0x20 obj_cooja/mtype338.a(button-sensor.o)
                0x0000000000021de8                button_interface
                0x0000000000021df8                button_sensor
 .rodata        0x0000000000021e08        0x8 obj_cooja/mtype338.a(leds-arch.o)
                0x0000000000021e08                leds_interface
 .rodata        0x0000000000021e10        0x8 obj_cooja/mtype338.a(moteid.o)
                0x0000000000021e10                moteid_interface
 .rodata        0x0000000000021e18       0x1c obj_cooja/mtype338.a(pir-sensor.o)
                0x0000000000021e18                pir_interface
                0x0000000000021e24                pir_sensor
 .rodata        0x0000000000021e34        0xe obj_cooja/mtype338.a(rs232.o)
                0x0000000000021e34                rs232_interface
 *fill*         0x0000000000021e42        0x2 
 .rodata        0x0000000000021e44       0x24 obj_cooja/mtype338.a(vib-sensor.o)
                0x0000000000021e44                vib_interface
                0x0000000000021e58                vib_sensor
 .rodata        0x0000000000021e68        0x8 obj_cooja/mtype338.a(clock.o)
                0x0000000000021e68                clock_interface
 .rodata        0x0000000000021e70        0x8 obj_cooja/mtype338.a(log.o)
                0x0000000000021e70                simlog_interface
 .rodata        0x0000000000021e78       0x2f obj_cooja/mtype338.a(cfs-cooja.o)
                0x0000000000021e78                cfs_interface
 *fill*         0x0000000000021ea7       0x19 
 .rodata        0x0000000000021ec0       0x58 obj_cooja/mtype338.a(cooja-radio.o)
                0x0000000000021ec0                radio_interface
                0x0000000000021ee0                cooja_radio_driver
 .rodata        0x0000000000021f18        0x8 obj_cooja/mtype338.a(eeprom.o)
                0x0000000000021f18                eeprom_interface
 .rodata        0x0000000000021f20        0x8 obj_cooja/mtype338.a(sensors.o)
 .rodata        0x0000000000021f28        0xf obj_cooja/mtype338.a(ctimer.o)
 .rodata        0x0000000000021f37        0xc obj_cooja/mtype338.a(etimer.o)
 .rodata        0x0000000000021f43        0xe obj_cooja/mtype338.a(serial-line.o)
 *fill*         0x0000000000021f51        0x3 
 .rodata        0x0000000000021f54       0x2c obj_cooja/mtype338.a(sicslowpan.o)
                0x0000000000021f54                unc_llconf
                0x0000000000021f58                unc_ctxconf
                0x0000000000021f5c                unc_mxconf
                0x0000000000021f60                llprefix
                0x0000000000021f74                sicslowpan_driver
 .rodata        0x0000000000021f80      0x13c obj_cooja/mtype338.a(uip6.o)
 .rodata        0x00000000000220bc       0x29 obj_cooja/mtype338.a(tcpip.o)
 *fill*         0x00000000000220e5        0x3 
 .rodata        0x00000000000220e8       0x89 obj_cooja/mtype338.a(rpl-dag.o)
 .rodata        0x0000000000022171        0x8 obj_cooja/mtype338.a(linkaddr.o)
                0x0000000000022171                linkaddr_null
 *fill*         0x0000000000022179        0x3 
 .rodata        0x000000000002217c       0x24 obj_cooja/mtype338.a(csma.o)
                0x0000000000022184                csma_driver
 .rodata        0x00000000000221a0        0xc obj_cooja/mtype338.a(framer-802154.o)
                0x00000000000221a0                framer_802154
 *fill*         0x00000000000221ac       0x14 
 .rodata        0x00000000000221c0       0x40 obj_cooja/mtype338.a(nullrdc.o)
                0x00000000000221e0                nullrdc_driver
 .rodata        0x0000000000022200       0x18 obj_cooja/mtype338.a(nullsec.o)
                0x0000000000022208                nullsec_driver
 .rodata        0x0000000000022218       0x2a obj_cooja/mtype338.a(uip-debug.o)

.rodata1
 *(.rodata1)

.eh_frame_hdr   0x0000000000022244     0x1344
 *(.eh_frame_hdr)
 .eh_frame_hdr  0x0000000000022244     0x1344 hello-world.co

.eh_frame       0x0000000000023588     0x4e44
 *(.eh_frame)
 .eh_frame      0x0000000000023588       0x3c /usr/lib/gcc/i686-linux-gnu/4.8/../../../i386-linux-gnu/crti.o
                                         0x40 (size before relaxing)
 .eh_frame      0x00000000000235c4       0x20 hello-world.co
                                         0x38 (size before relaxing)
 .eh_frame      0x00000000000235e4      0x148 obj_cooja/mtype338.o
                                        0x160 (size before relaxing)
 .eh_frame      0x000000000002372c       0x40 obj_cooja/mtype338.a(simEnvChange.o)
                                         0x58 (size before relaxing)
 .eh_frame      0x000000000002376c       0xc0 obj_cooja/mtype338.a(cooja_mt.o)
                                         0xd8 (size before relaxing)
 .eh_frame      0x000000000002382c      0x120 obj_cooja/mtype338.a(cooja_mtarch.o)
                                        0x138 (size before relaxing)
 .eh_frame      0x000000000002394c       0xc8 obj_cooja/mtype338.a(rtimer-arch.o)
                                         0xe0 (size before relaxing)
 .eh_frame      0x0000000000023a14      0x160 obj_cooja/mtype338.a(beep.o)
                                        0x178 (size before relaxing)
 .eh_frame      0x0000000000023b74       0xa0 obj_cooja/mtype338.a(button-sensor.o)
                                         0xb8 (size before relaxing)
 .eh_frame      0x0000000000023c14       0xa0 obj_cooja/mtype338.a(leds-arch.o)
                                         0xb8 (size before relaxing)
 .eh_frame      0x0000000000023cb4       0x40 obj_cooja/mtype338.a(moteid.o)
                                         0x58 (size before relaxing)
 .eh_frame      0x0000000000023cf4       0xa0 obj_cooja/mtype338.a(pir-sensor.o)
                                         0xb8 (size before relaxing)
 .eh_frame      0x0000000000023d94      0x100 obj_cooja/mtype338.a(rs232.o)
                                        0x118 (size before relaxing)
 .eh_frame      0x0000000000023e94       0xa0 obj_cooja/mtype338.a(vib-sensor.o)
                                         0xb8 (size before relaxing)
 .eh_frame      0x0000000000023f34       0xc0 obj_cooja/mtype338.a(clock.o)
                                         0xd8 (size before relaxing)
 .eh_frame      0x0000000000023ff4      0x120 obj_cooja/mtype338.a(log.o)
                                        0x138 (size before relaxing)
 .eh_frame      0x0000000000024114      0x160 obj_cooja/mtype338.a(cfs-cooja.o)
                                        0x178 (size before relaxing)
 .eh_frame      0x0000000000024274      0x360 obj_cooja/mtype338.a(cooja-radio.o)
                                        0x378 (size before relaxing)
 .eh_frame      0x00000000000245d4       0xa0 obj_cooja/mtype338.a(eeprom.o)
                                         0xb8 (size before relaxing)
 .eh_frame      0x0000000000024674       0x40 obj_cooja/mtype338.a(random.o)
                                         0x58 (size before relaxing)
 .eh_frame      0x00000000000246b4       0xc0 obj_cooja/mtype338.a(sensors.o)
                                         0xd8 (size before relaxing)
 .eh_frame      0x0000000000024774       0x40 obj_cooja/mtype338.a(autostart.o)
                                         0x58 (size before relaxing)
 .eh_frame      0x00000000000247b4      0x100 obj_cooja/mtype338.a(ctimer.o)
                                        0x118 (size before relaxing)
 .eh_frame      0x00000000000248b4      0x1e0 obj_cooja/mtype338.a(etimer.o)
                                        0x1f8 (size before relaxing)
 .eh_frame      0x0000000000024a94      0x1c8 obj_cooja/mtype338.a(process.o)
                                        0x1e0 (size before relaxing)
 .eh_frame      0x0000000000024c5c       0x60 obj_cooja/mtype338.a(rtimer.o)
                                         0x78 (size before relaxing)
 .eh_frame      0x0000000000024cbc       0xa4 obj_cooja/mtype338.a(timer.o)
                                         0xbc (size before relaxing)
 .eh_frame      0x0000000000024d60       0x60 obj_cooja/mtype338.a(serial-line.o)
                                         0x78 (size before relaxing)
 .eh_frame      0x0000000000024dc0      0x180 obj_cooja/mtype338.a(list.o)
                                        0x198 (size before relaxing)
 .eh_frame      0x0000000000024f40       0xa0 obj_cooja/mtype338.a(ringbuf.o)
                                         0xb8 (size before relaxing)
 .eh_frame      0x0000000000024fe0      0x350 obj_cooja/mtype338.a(sicslowpan.o)
                                        0x368 (size before relaxing)
 .eh_frame      0x0000000000025330      0x180 obj_cooja/mtype338.a(uip-ds6-nbr.o)
                                        0x198 (size before relaxing)
 .eh_frame      0x00000000000254b0      0x2c8 obj_cooja/mtype338.a(uip-ds6.o)
                                        0x2e0 (size before relaxing)
 .eh_frame      0x0000000000025778      0x27c obj_cooja/mtype338.a(uip6.o)
                                        0x294 (size before relaxing)
 .eh_frame      0x00000000000259f4      0x270 obj_cooja/mtype338.a(tcpip.o)
                                        0x288 (size before relaxing)
 .eh_frame      0x0000000000025c64       0xe0 obj_cooja/mtype338.a(uip-packetqueue)
                                         0xf8 (size before relaxing)
 .eh_frame      0x0000000000025d44      0x720 obj_cooja/mtype338.a(rpl-dag.o)
                                        0x738 (size before relaxing)
 .eh_frame      0x0000000000026464       0xc0 obj_cooja/mtype338.a(rpl-ext-header.)
                                         0xd8 (size before relaxing)
 .eh_frame      0x0000000000026524      0x2b8 obj_cooja/mtype338.a(rpl-icmp6.o)
                                        0x2d0 (size before relaxing)
 .eh_frame      0x00000000000267dc      0x124 obj_cooja/mtype338.a(rpl-mrhof.o)
                                        0x13c (size before relaxing)
 .eh_frame      0x0000000000026900      0x22c obj_cooja/mtype338.a(rpl-timers.o)
                                        0x244 (size before relaxing)
 .eh_frame      0x0000000000026b2c      0x140 obj_cooja/mtype338.a(rpl.o)
                                        0x158 (size before relaxing)
 .eh_frame      0x0000000000026c6c      0x100 obj_cooja/mtype338.a(link-stats.o)
                                        0x118 (size before relaxing)
 .eh_frame      0x0000000000026d6c       0x60 obj_cooja/mtype338.a(linkaddr.o)
                                         0x78 (size before relaxing)
 .eh_frame      0x0000000000026dcc      0x2ac obj_cooja/mtype338.a(nbr-table.o)
                                        0x2c4 (size before relaxing)
 .eh_frame      0x0000000000027078       0x20 obj_cooja/mtype338.a(netstack.o)
                                         0x38 (size before relaxing)
 .eh_frame      0x0000000000027098      0x234 obj_cooja/mtype338.a(packetbuf.o)
                                        0x24c (size before relaxing)
 .eh_frame      0x00000000000272cc      0x1a0 obj_cooja/mtype338.a(queuebuf.o)
                                        0x1b8 (size before relaxing)
 .eh_frame      0x000000000002746c      0x28c obj_cooja/mtype338.a(csma.o)
                                        0x2a4 (size before relaxing)
 .eh_frame      0x00000000000276f8      0x108 obj_cooja/mtype338.a(framer-802154.o)
                                        0x120 (size before relaxing)
 .eh_frame      0x0000000000027800       0x20 obj_cooja/mtype338.a(mac.o)
                                         0x38 (size before relaxing)
 .eh_frame      0x0000000000027820      0x16c obj_cooja/mtype338.a(nullrdc.o)
                                        0x184 (size before relaxing)
 .eh_frame      0x000000000002798c       0x80 obj_cooja/mtype338.a(nullsec.o)
                                         0x98 (size before relaxing)
 .eh_frame      0x0000000000027a0c       0xa0 obj_cooja/mtype338.a(watchdog.o)
                                         0xb8 (size before relaxing)
 .eh_frame      0x0000000000027aac       0xc4 obj_cooja/mtype338.a(stimer.o)
                                         0xdc (size before relaxing)
 .eh_frame      0x0000000000027b70       0xa0 obj_cooja/mtype338.a(memb.o)
                                         0xb8 (size before relaxing)
 .eh_frame      0x0000000000027c10      0x2c0 obj_cooja/mtype338.a(uip-ds6-route.o)
                                        0x2d8 (size before relaxing)
 .eh_frame      0x0000000000027ed0      0x15c obj_cooja/mtype338.a(uip-icmp6.o)
                                        0x174 (size before relaxing)
 .eh_frame      0x000000000002802c       0x88 obj_cooja/mtype338.a(uip-nd6.o)
                                         0xa0 (size before relaxing)
 .eh_frame      0x00000000000280b4       0x28 obj_cooja/mtype338.a(uip-debug.o)
                                         0x40 (size before relaxing)
 .eh_frame      0x00000000000280dc       0xc0 obj_cooja/mtype338.a(rpl-nbr-policy.)
                                         0xd8 (size before relaxing)
 .eh_frame      0x000000000002819c      0x1a4 obj_cooja/mtype338.a(frame802154.o)
                                        0x1bc (size before relaxing)
 .eh_frame      0x0000000000028340       0x88 obj_cooja/mtype338.a(mac-sequence.o)
                                         0xa0 (size before relaxing)
 .eh_frame      0x00000000000283c8        0x4 /usr/lib/gcc/i686-linux-gnu/4.8/crtendS.o

.gcc_except_table
 *(.gcc_except_table .gcc_except_table.*)

.exception_ranges
 *(.exception_ranges .exception_ranges*)
                0x00000000000283cc                . = (ALIGN (0x1000) - ((0x1000 - .) & 0xfff))
                0x0000000000029ef8                . = DATA_SEGMENT_ALIGN (0x1000, 0x1000)

.eh_frame
 *(.eh_frame)

.gcc_except_table
 *(.gcc_except_table .gcc_except_table.*)

.exception_ranges
 *(.exception_ranges .exception_ranges*)

.tdata
 *(.tdata .tdata.* .gnu.linkonce.td.*)

.tbss
 *(.tbss .tbss.* .gnu.linkonce.tb.*)
 *(.tcommon)

.preinit_array
 *(.preinit_array)

.init_array     0x0000000000029ef8        0x4
 *(SORT(.init_array.*) SORT(.ctors.*))
 *(.init_array EXCLUDE_FILE(*crtend?.o *crtend.o *crtbegin?.o *crtbegin.o) .ctors)
 .init_array    0x0000000000029ef8        0x4 /usr/lib/gcc/i686-linux-gnu/4.8/crtbeginS.o

.fini_array     0x0000000000029efc        0x4
 *(SORT(.fini_array.*) SORT(.dtors.*))
 *(.fini_array EXCLUDE_FILE(*crtend?.o *crtend.o *crtbegin?.o *crtbegin.o) .dtors)
 .fini_array    0x0000000000029efc        0x4 /usr/lib/gcc/i686-linux-gnu/4.8/crtbeginS.o

.ctors
 *crtbegin.o(.ctors)
 *crtbegin?.o(.ctors)
 *(EXCLUDE_FILE(*crtend?.o *crtend.o) .ctors)
 *(SORT(.ctors.*))
 *(.ctors)

.dtors
 *crtbegin.o(.dtors)
 *crtbegin?.o(.dtors)
 *(EXCLUDE_FILE(*crtend?.o *crtend.o) .dtors)
 *(SORT(.dtors.*))
 *(.dtors)

.jcr            0x0000000000029f00        0x4
 *(.jcr)
 .jcr           0x0000000000029f00        0x0 /usr/lib/gcc/i686-linux-gnu/4.8/crtbeginS.o
 .jcr           0x0000000000029f00        0x4 /usr/lib/gcc/i686-linux-gnu/4.8/crtendS.o

.data.rel.ro
 *(.data.rel.ro.local* .gnu.linkonce.d.rel.ro.local.*)
 *(.data.rel.ro .data.rel.ro.* .gnu.linkonce.d.rel.ro.*)

.dynamic        0x0000000000029f04       0xe8
 *(.dynamic)
 .dynamic       0x0000000000029f04       0xe8 /usr/lib/gcc/i686-linux-gnu/4.8/../../../i386-linux-gnu/crti.o
                0x0000000000029f04                _DYNAMIC

.got            0x0000000000029fec       0x14
 *(.got)
 .got           0x0000000000029fec       0x14 /usr/lib/gcc/i686-linux-gnu/4.8/../../../i386-linux-gnu/crti.o
 *(.igot)
                0x000000000002aff4                . = DATA_SEGMENT_RELRO_END (., (SIZEOF (.got.plt) >= 0xc)?0xc:0x0)

.got.plt        0x000000000002a000       0x14
 *(.got.plt)
 .got.plt       0x000000000002a000       0x14 /usr/lib/gcc/i686-linux-gnu/4.8/../../../i386-linux-gnu/crti.o
                0x000000000002a000                _GLOBAL_OFFSET_TABLE_
 *(.igot.plt)

.data           0x000000000002a020      0x25e
 *(.data .data.* .gnu.linkonce.d.*)
 .data          0x000000000002a020        0x0 /usr/lib/gcc/i686-linux-gnu/4.8/../../../i386-linux-gnu/crti.o
 .data          0x000000000002a020        0x0 /usr/lib/gcc/i686-linux-gnu/4.8/crtbeginS.o
 .data.rel      0x000000000002a020        0x4 /usr/lib/gcc/i686-linux-gnu/4.8/crtbeginS.o
                0x000000000002a020                __dso_handle
 .data          0x000000000002a024       0x10 hello-world.co
                0x000000000002a024                hello_world_process
 *fill*         0x000000000002a034        0xc 
 .data          0x000000000002a040       0x44 obj_cooja/mtype338.o
                0x000000000002a040                simInterfaces
                0x000000000002a074                sensors
 .data          0x000000000002a084        0x0 obj_cooja/mtype338.a(simEnvChange.o)
 .data          0x000000000002a084        0x0 obj_cooja/mtype338.a(cooja_mt.o)
 .data          0x000000000002a084        0x0 obj_cooja/mtype338.a(cooja_mtarch.o)
 .data          0x000000000002a084        0x0 obj_cooja/mtype338.a(rtimer-arch.o)
 .data          0x000000000002a084        0x0 obj_cooja/mtype338.a(beep.o)
 .data          0x000000000002a084        0x0 obj_cooja/mtype338.a(button-sensor.o)
 .data          0x000000000002a084        0x0 obj_cooja/mtype338.a(leds-arch.o)
 .data          0x000000000002a084        0x0 obj_cooja/mtype338.a(moteid.o)
 .data          0x000000000002a084        0x0 obj_cooja/mtype338.a(pir-sensor.o)
 .data          0x000000000002a084        0x0 obj_cooja/mtype338.a(rs232.o)
 .data          0x000000000002a084        0x0 obj_cooja/mtype338.a(vib-sensor.o)
 .data          0x000000000002a084        0x0 obj_cooja/mtype338.a(clock.o)
 .data          0x000000000002a084        0x0 obj_cooja/mtype338.a(log.o)
 .data          0x000000000002a084        0x0 obj_cooja/mtype338.a(cfs-cooja.o)
 .data          0x000000000002a084       0x2c obj_cooja/mtype338.a(cooja-radio.o)
                0x000000000002a084                simRadioHWOn
                0x000000000002a088                simSignalStrength
                0x000000000002a08c                simLastSignalStrength
                0x000000000002a090                simPower
                0x000000000002a094                simRadioChannel
                0x000000000002a098                simLQI
                0x000000000002a0a0                cooja_radio_process
 .data          0x000000000002a0b0        0x0 obj_cooja/mtype338.a(eeprom.o)
 .data          0x000000000002a0b0        0x0 obj_cooja/mtype338.a(random.o)
 .data          0x000000000002a0b0       0x10 obj_cooja/mtype338.a(sensors.o)
                0x000000000002a0b0                sensors_process
 .data          0x000000000002a0c0        0x0 obj_cooja/mtype338.a(autostart.o)
 .data          0x000000000002a0c0       0x14 obj_cooja/mtype338.a(ctimer.o)
                0x000000000002a0c4                ctimer_process
 .data          0x000000000002a0d4       0x10 obj_cooja/mtype338.a(etimer.o)
                0x000000000002a0d4                etimer_process
 .data          0x000000000002a0e4        0x0 obj_cooja/mtype338.a(process.o)
 .data          0x000000000002a0e4        0x0 obj_cooja/mtype338.a(rtimer.o)
 .data          0x000000000002a0e4        0x0 obj_cooja/mtype338.a(timer.o)
 .data          0x000000000002a0e4       0x10 obj_cooja/mtype338.a(serial-line.o)
                0x000000000002a0e4                serial_line_process
 .data          0x000000000002a0f4        0x0 obj_cooja/mtype338.a(list.o)
 .data          0x000000000002a0f4        0x0 obj_cooja/mtype338.a(ringbuf.o)
 .data          0x000000000002a0f4        0x0 obj_cooja/mtype338.a(sicslowpan.o)
 .data          0x000000000002a0f4       0x14 obj_cooja/mtype338.a(uip-ds6-nbr.o)
                0x000000000002a104                ds6_neighbors
 .data          0x000000000002a108        0x0 obj_cooja/mtype338.a(uip-ds6.o)
 .data          0x000000000002a108        0x0 obj_cooja/mtype338.a(uip6.o)
 .data          0x000000000002a108       0x10 obj_cooja/mtype338.a(tcpip.o)
                0x000000000002a108                tcpip_process
 .data          0x000000000002a118        0xc obj_cooja/mtype338.a(uip-packetqueue)
 .data          0x000000000002a124       0x14 obj_cooja/mtype338.a(rpl-dag.o)
                0x000000000002a134                rpl_parents
 .data          0x000000000002a138        0x0 obj_cooja/mtype338.a(rpl-ext-header.)
 .data          0x000000000002a138       0x34 obj_cooja/mtype338.a(rpl-icmp6.o)
 *fill*         0x000000000002a16c       0x14 
 .data          0x000000000002a180       0x24 obj_cooja/mtype338.a(rpl-mrhof.o)
                0x000000000002a180                rpl_mrhof
 .data          0x000000000002a1a4        0x0 obj_cooja/mtype338.a(rpl-timers.o)
 .data          0x000000000002a1a4        0x0 obj_cooja/mtype338.a(rpl.o)
 .data          0x000000000002a1a4       0x14 obj_cooja/mtype338.a(link-stats.o)
 .data          0x000000000002a1b8        0x0 obj_cooja/mtype338.a(linkaddr.o)
 .data          0x000000000002a1b8       0x10 obj_cooja/mtype338.a(nbr-table.o)
 .data          0x000000000002a1c8        0x0 obj_cooja/mtype338.a(netstack.o)
 .data          0x000000000002a1c8        0x4 obj_cooja/mtype338.a(packetbuf.o)
 .data          0x000000000002a1cc       0x18 obj_cooja/mtype338.a(queuebuf.o)
 .data          0x000000000002a1e4       0x28 obj_cooja/mtype338.a(csma.o)
 .data          0x000000000002a20c        0x0 obj_cooja/mtype338.a(framer-802154.o)
 .data          0x000000000002a20c        0x0 obj_cooja/mtype338.a(mac.o)
 .data          0x000000000002a20c        0x0 obj_cooja/mtype338.a(nullrdc.o)
 .data          0x000000000002a20c        0x0 obj_cooja/mtype338.a(nullsec.o)
 .data          0x000000000002a20c        0x0 obj_cooja/mtype338.a(watchdog.o)
 .data          0x000000000002a20c        0x0 obj_cooja/mtype338.a(rimestats.o)
 .data          0x000000000002a20c        0x0 obj_cooja/mtype338.a(stimer.o)
 .data          0x000000000002a20c        0x0 obj_cooja/mtype338.a(memb.o)
 .data          0x000000000002a20c       0x44 obj_cooja/mtype338.a(uip-ds6-route.o)
                0x000000000002a21c                nbr_routes
 .data          0x000000000002a250       0x20 obj_cooja/mtype338.a(uip-icmp6.o)
 .data          0x000000000002a270        0xc obj_cooja/mtype338.a(uip-nd6.o)
 .data          0x000000000002a27c        0x0 obj_cooja/mtype338.a(uip-debug.o)
 .data          0x000000000002a27c        0x0 obj_cooja/mtype338.a(rpl-nbr-policy.)
 .data          0x000000000002a27c        0x2 obj_cooja/mtype338.a(frame802154.o)
 .data          0x000000000002a27e        0x0 obj_cooja/mtype338.a(mac-sequence.o)
 .data          0x000000000002a27e        0x0 /usr/lib/gcc/i686-linux-gnu/4.8/crtendS.o
 .data          0x000000000002a27e        0x0 /usr/lib/gcc/i686-linux-gnu/4.8/../../../i386-linux-gnu/crtn.o

.tm_clone_table
                0x000000000002a280        0x0
 .tm_clone_table
                0x000000000002a280        0x0 /usr/lib/gcc/i686-linux-gnu/4.8/crtbeginS.o
 .tm_clone_table
                0x000000000002a280        0x0 /usr/lib/gcc/i686-linux-gnu/4.8/crtendS.o

.data1
 *(.data1)
                0x000000000002a280                _edata = .
                0x000000000002a280                PROVIDE (edata, .)
                0x000000000002a280                . = .
                0x000000000002a280                __bss_start = .

.bss            0x000000000002a280    0x10608
 *(.dynbss)
 .dynbss        0x0000000000000000        0x0 /usr/lib/gcc/i686-linux-gnu/4.8/../../../i386-linux-gnu/crti.o
 *(.bss .bss.* .gnu.linkonce.b.*)
 .bss           0x000000000002a280        0x0 /usr/lib/gcc/i686-linux-gnu/4.8/../../../i386-linux-gnu/crti.o
 .bss           0x000000000002a280        0x1 /usr/lib/gcc/i686-linux-gnu/4.8/crtbeginS.o
 .bss           0x000000000002a281        0x0 hello-world.co
 *fill*         0x000000000002a281       0x1f 
 .bss           0x000000000002a2a0     0x2030 obj_cooja/mtype338.o
 .bss           0x000000000002c2d0        0x1 obj_cooja/mtype338.a(simEnvChange.o)
                0x000000000002c2d0                simDontFallAsleep
 *fill*         0x000000000002c2d1        0x3 
 .bss           0x000000000002c2d4        0x4 obj_cooja/mtype338.a(cooja_mt.o)
 .bss           0x000000000002c2d8        0x4 obj_cooja/mtype338.a(cooja_mtarch.o)
 .bss           0x000000000002c2dc        0x0 obj_cooja/mtype338.a(rtimer-arch.o)
 .bss           0x000000000002c2dc        0x0 obj_cooja/mtype338.a(beep.o)
 .bss           0x000000000002c2dc        0x8 obj_cooja/mtype338.a(button-sensor.o)
 .bss           0x000000000002c2e4        0x0 obj_cooja/mtype338.a(leds-arch.o)
 .bss           0x000000000002c2e4        0x0 obj_cooja/mtype338.a(moteid.o)
 .bss           0x000000000002c2e4        0x1 obj_cooja/mtype338.a(pir-sensor.o)
                0x000000000002c2e4                simPirValue
 *fill*         0x000000000002c2e5        0x3 
 .bss           0x000000000002c2e8        0x4 obj_cooja/mtype338.a(rs232.o)
 .bss           0x000000000002c2ec        0x1 obj_cooja/mtype338.a(vib-sensor.o)
                0x000000000002c2ec                simVibValue
 .bss           0x000000000002c2ed        0x0 obj_cooja/mtype338.a(clock.o)
 *fill*         0x000000000002c2ed       0x13 
 .bss           0x000000000002c300      0x420 obj_cooja/mtype338.a(log.o)
 .bss           0x000000000002c720      0xfc0 obj_cooja/mtype338.a(cfs-cooja.o)
                0x000000000002c720                simCFSData
                0x000000000002d6c0                simCFSSize
                0x000000000002d6c4                simCFSChanged
                0x000000000002d6c8                simCFSRead
                0x000000000002d6cc                simCFSWritten
 .bss           0x000000000002d6e0       0x24 obj_cooja/mtype338.a(cooja-radio.o)
                0x000000000002d6e0                simReceiving
                0x000000000002d6e4                simInSize
                0x000000000002d6e8                simLastPacketTimestamp
                0x000000000002d6f0                simOutSize
 .bss           0x000000000002d704        0xc obj_cooja/mtype338.a(eeprom.o)
                0x000000000002d704                simEEPROMChanged
                0x000000000002d708                simEEPROMRead
                0x000000000002d70c                simEEPROMWritten
 .bss           0x000000000002d710        0x0 obj_cooja/mtype338.a(random.o)
 .bss           0x000000000002d710        0xc obj_cooja/mtype338.a(sensors.o)
 .bss           0x000000000002d71c        0x0 obj_cooja/mtype338.a(autostart.o)
 .bss           0x000000000002d71c        0x5 obj_cooja/mtype338.a(ctimer.o)
 *fill*         0x000000000002d721        0x3 
 .bss           0x000000000002d724        0x8 obj_cooja/mtype338.a(etimer.o)
 *fill*         0x000000000002d72c       0x14 
 .bss           0x000000000002d740      0x1a1 obj_cooja/mtype338.a(process.o)
                0x000000000002d740                process_list
                0x000000000002d744                process_current
 *fill*         0x000000000002d8e1        0x3 
 .bss           0x000000000002d8e4        0x4 obj_cooja/mtype338.a(rtimer.o)
 .bss           0x000000000002d8e8        0x0 obj_cooja/mtype338.a(timer.o)
 *fill*         0x000000000002d8e8       0x18 
 .bss           0x000000000002d900      0x140 obj_cooja/mtype338.a(serial-line.o)
 .bss           0x000000000002da40        0x0 obj_cooja/mtype338.a(list.o)
 .bss           0x000000000002da40        0x0 obj_cooja/mtype338.a(ringbuf.o)
 .bss           0x000000000002da40      0x70c obj_cooja/mtype338.a(sicslowpan.o)
 *fill*         0x000000000002e14c       0x14 
 .bss           0x000000000002e160     0x1c20 obj_cooja/mtype338.a(uip-ds6-nbr.o)
 .bss           0x000000000002fd80       0x20 obj_cooja/mtype338.a(uip-ds6.o)
 .bss           0x000000000002fda0        0xa obj_cooja/mtype338.a(uip6.o)
                0x000000000002fda0                uip_ext_bitmap
                0x000000000002fda1                uip_ext_len
                0x000000000002fda2                uip_ext_opt_offset
 *fill*         0x000000000002fdaa       0x16 
 .bss           0x000000000002fdc0       0x6a obj_cooja/mtype338.a(tcpip.o)
 *fill*         0x000000000002fe2a       0x16 
 .bss           0x000000000002fe40      0xcf8 obj_cooja/mtype338.a(uip-packetqueue)
 *fill*         0x0000000000030b38        0x8 
 .bss           0x0000000000030b40      0x960 obj_cooja/mtype338.a(rpl-dag.o)
 .bss           0x00000000000314a0        0x0 obj_cooja/mtype338.a(rpl-ext-header.)
 .bss           0x00000000000314a0        0x0 obj_cooja/mtype338.a(rpl-icmp6.o)
 .bss           0x00000000000314a0        0x0 obj_cooja/mtype338.a(rpl-mrhof.o)
 .bss           0x00000000000314a0       0x23 obj_cooja/mtype338.a(rpl-timers.o)
 *fill*         0x00000000000314c3        0x1 
 .bss           0x00000000000314c4        0x4 obj_cooja/mtype338.a(rpl.o)
 *fill*         0x00000000000314c8       0x18 
 .bss           0x00000000000314e0      0xe10 obj_cooja/mtype338.a(link-stats.o)
 .bss           0x00000000000322f0        0x0 obj_cooja/mtype338.a(linkaddr.o)
 *fill*         0x00000000000322f0       0x10 
 .bss           0x0000000000032300     0x1214 obj_cooja/mtype338.a(nbr-table.o)
 .bss           0x0000000000033514        0x0 obj_cooja/mtype338.a(netstack.o)
 *fill*         0x0000000000033514        0xc 
 .bss           0x0000000000033520       0xa0 obj_cooja/mtype338.a(packetbuf.o)
 .bss           0x00000000000335c0      0xb80 obj_cooja/mtype338.a(queuebuf.o)
 .bss           0x0000000000034140      0x248 obj_cooja/mtype338.a(csma.o)
 .bss           0x0000000000034388        0x2 obj_cooja/mtype338.a(framer-802154.o)
 .bss           0x000000000003438a        0x0 obj_cooja/mtype338.a(mac.o)
 .bss           0x000000000003438a        0x0 obj_cooja/mtype338.a(nullrdc.o)
 .bss           0x000000000003438a        0x0 obj_cooja/mtype338.a(nullsec.o)
 .bss           0x000000000003438a        0x0 obj_cooja/mtype338.a(watchdog.o)
 .bss           0x000000000003438a        0x0 obj_cooja/mtype338.a(rimestats.o)
 .bss           0x000000000003438a        0x0 obj_cooja/mtype338.a(stimer.o)
 .bss           0x000000000003438a        0x0 obj_cooja/mtype338.a(memb.o)
 *fill*         0x000000000003438a       0x16 
 .bss           0x00000000000343a0     0x44a4 obj_cooja/mtype338.a(uip-ds6-route.o)
 .bss           0x0000000000038844       0x18 obj_cooja/mtype338.a(uip-icmp6.o)
 .bss           0x000000000003885c       0x10 obj_cooja/mtype338.a(uip-nd6.o)
 .bss           0x000000000003886c        0x0 obj_cooja/mtype338.a(uip-debug.o)
 *fill*         0x000000000003886c       0x14 
 .bss           0x0000000000038880       0x44 obj_cooja/mtype338.a(rpl-nbr-policy.)
 .bss           0x00000000000388c4        0x0 obj_cooja/mtype338.a(frame802154.o)
 *fill*         0x00000000000388c4       0x1c 
 .bss           0x00000000000388e0      0x100 obj_cooja/mtype338.a(mac-sequence.o)
 .bss           0x00000000000389e0        0x0 /usr/lib/gcc/i686-linux-gnu/4.8/crtendS.o
 .bss           0x00000000000389e0        0x0 /usr/lib/gcc/i686-linux-gnu/4.8/../../../i386-linux-gnu/crtn.o
 *(COMMON)
 COMMON         0x00000000000389e0        0x8 obj_cooja/mtype338.o
                0x00000000000389e0                referenceVar
                0x00000000000389e4                sensors_flags
 COMMON         0x00000000000389e8        0xc obj_cooja/mtype338.a(simEnvChange.o)
                0x00000000000389e8                simEtimerPending
                0x00000000000389ec                simProcessRunValue
                0x00000000000389f0                simEtimerNextExpirationTime
 *fill*         0x00000000000389f4        0x4 
 COMMON         0x00000000000389f8       0x18 obj_cooja/mtype338.a(rtimer-arch.o)
                0x00000000000389f8                simRtimerPending
                0x0000000000038a00                simRtimerCurrentTicks
                0x0000000000038a08                simRtimerNextExpirationTime
 COMMON         0x0000000000038a10        0x1 obj_cooja/mtype338.a(beep.o)
                0x0000000000038a10                simBeeped
 COMMON         0x0000000000038a11        0x3 obj_cooja/mtype338.a(button-sensor.o)
                0x0000000000038a11                simButtonIsActive
                0x0000000000038a12                simButtonIsDown
                0x0000000000038a13                simButtonChanged
 COMMON         0x0000000000038a14        0x1 obj_cooja/mtype338.a(leds-arch.o)
                0x0000000000038a14                simLedsValue
 *fill*         0x0000000000038a15        0x3 
 COMMON         0x0000000000038a18        0xc obj_cooja/mtype338.a(moteid.o)
                0x0000000000038a18                simRandomSeed
                0x0000000000038a1c                simMoteIDChanged
                0x0000000000038a20                simMoteID
 COMMON         0x0000000000038a24        0x2 obj_cooja/mtype338.a(pir-sensor.o)
                0x0000000000038a24                simPirIsActive
                0x0000000000038a25                simPirChanged
 *fill*         0x0000000000038a26       0x1a 
 COMMON         0x0000000000038a40      0x820 obj_cooja/mtype338.a(rs232.o)
                0x0000000000038a40                simSerialReceivingFlag
                0x0000000000038a44                simSerialReceivingLength
                0x0000000000038a60                simSerialReceivingData
 COMMON         0x0000000000039260        0x2 obj_cooja/mtype338.a(vib-sensor.o)
                0x0000000000039260                simVibChanged
                0x0000000000039261                simVibIsActive
 *fill*         0x0000000000039262        0x2 
 COMMON         0x0000000000039264        0x4 obj_cooja/mtype338.a(clock.o)
                0x0000000000039264                simCurrentTime
 *fill*         0x0000000000039268       0x18 
 COMMON         0x0000000000039280      0x420 obj_cooja/mtype338.a(log.o)
                0x0000000000039280                simLoggedLength
                0x0000000000039284                simLoggedFlag
                0x00000000000392a0                simLoggedData
 COMMON         0x00000000000396a0      0x100 obj_cooja/mtype338.a(cooja-radio.o)
                0x00000000000396a0                simOutDataBuffer
                0x0000000000039720                simInDataBuffer
 COMMON         0x00000000000397a0      0x400 obj_cooja/mtype338.a(eeprom.o)
                0x00000000000397a0                simEEPROMData
 COMMON         0x0000000000039ba0        0x1 obj_cooja/mtype338.a(sensors.o)
                0x0000000000039ba0                sensors_event
 COMMON         0x0000000000039ba1        0x1 obj_cooja/mtype338.a(serial-line.o)
                0x0000000000039ba1                serial_line_event_message
 *fill*         0x0000000000039ba2       0x1e 
 COMMON         0x0000000000039bc0      0x181 obj_cooja/mtype338.a(uip-ds6.o)
                0x0000000000039bc0                uip_ds6_prefix_list
                0x0000000000039c20                uip_ds6_timer_periodic
                0x0000000000039c30                uip_ds6_netif_addr_list_offset
                0x0000000000039c40                uip_ds6_if
                0x0000000000039d38                uip_ds6_timer_ra
                0x0000000000039d40                uip_ds6_addr_size
 *fill*         0x0000000000039d41       0x1f 
 COMMON         0x0000000000039d60      0x8ec obj_cooja/mtype338.a(uip6.o)
                0x0000000000039d60                uip_slen
                0x0000000000039d62                uip_acc32
                0x0000000000039d80                uip_conns
                0x0000000000039e40                uip_lladdr
                0x0000000000039e48                uip_appdata
                0x0000000000039e4c                uip_flags
                0x0000000000039e60                uip_aligned_buf
                0x000000000003a4a0                uip_listenports
                0x000000000003a4b0                uip_len
                0x000000000003a4b4                uip_sappdata
                0x000000000003a4c0                uip_udp_conns
                0x000000000003a640                uip_udp_conn
                0x000000000003a644                uip_next_hdr
                0x000000000003a648                uip_conn
 COMMON         0x000000000003a64c        0x1 obj_cooja/mtype338.a(tcpip.o)
                0x000000000003a64c                tcpip_event
 *fill*         0x000000000003a64d       0x13 
 COMMON         0x000000000003a660      0x174 obj_cooja/mtype338.a(rpl-dag.o)
                0x000000000003a660                default_instance
                0x000000000003a680                instance_table
 *fill*         0x000000000003a7d4        0xc 
 COMMON         0x000000000003a7e0       0x20 obj_cooja/mtype338.a(link-stats.o)
                0x000000000003a7e0                periodic_timer
 COMMON         0x000000000003a800        0x8 obj_cooja/mtype338.a(linkaddr.o)
                0x000000000003a800                linkaddr_node_addr
 COMMON         0x000000000003a808       0x2e obj_cooja/mtype338.a(packetbuf.o)
                0x000000000003a808                packetbuf_attrs
                0x000000000003a826                packetbuf_addrs
 *fill*         0x000000000003a836        0xa 
 COMMON         0x000000000003a840       0x48 obj_cooja/mtype338.a(rimestats.o)
                0x000000000003a840                rimestats
                0x000000000003a888                . = ALIGN ((. != 0x0)?0x4:0x1)
                0x000000000003a888                . = ALIGN (0x4)
                0x000000000003a888                . = SEGMENT_START ("ldata-segment", .)
                0x000000000003a888                . = ALIGN (0x4)
                0x000000000003a888                _end = .
                0x000000000003a888                PROVIDE (end, .)
                0x000000000003a888                . = DATA_SEGMENT_END (.)

.stab
 *(.stab)

.stabstr
 *(.stabstr)

.stab.excl
 *(.stab.excl)

.stab.exclstr
 *(.stab.exclstr)

.stab.index
 *(.stab.index)

.stab.indexstr
 *(.stab.indexstr)

.comment        0x0000000000000000       0x2b
 *(.comment)
 .comment       0x0000000000000000       0x2b /usr/lib/gcc/i686-linux-gnu/4.8/crtbeginS.o
                                         0x2c (size before relaxing)
 .comment       0x0000000000000000       0x2c hello-world.co
 .comment       0x0000000000000000       0x2c obj_cooja/mtype338.o
 .comment       0x0000000000000000       0x2c obj_cooja/mtype338.a(simEnvChange.o)
 .comment       0x0000000000000000       0x2c obj_cooja/mtype338.a(cooja_mt.o)
 .comment       0x0000000000000000       0x2c obj_cooja/mtype338.a(cooja_mtarch.o)
 .comment       0x0000000000000000       0x2c obj_cooja/mtype338.a(rtimer-arch.o)
 .comment       0x0000000000000000       0x2c obj_cooja/mtype338.a(beep.o)
 .comment       0x0000000000000000       0x2c obj_cooja/mtype338.a(button-sensor.o)
 .comment       0x0000000000000000       0x2c obj_cooja/mtype338.a(leds-arch.o)
 .comment       0x0000000000000000       0x2c obj_cooja/mtype338.a(moteid.o)
 .comment       0x0000000000000000       0x2c obj_cooja/mtype338.a(pir-sensor.o)
 .comment       0x0000000000000000       0x2c obj_cooja/mtype338.a(rs232.o)
 .comment       0x0000000000000000       0x2c obj_cooja/mtype338.a(vib-sensor.o)
 .comment       0x0000000000000000       0x2c obj_cooja/mtype338.a(clock.o)
 .comment       0x0000000000000000       0x2c obj_cooja/mtype338.a(log.o)
 .comment       0x0000000000000000       0x2c obj_cooja/mtype338.a(cfs-cooja.o)
 .comment       0x0000000000000000       0x2c obj_cooja/mtype338.a(cooja-radio.o)
 .comment       0x0000000000000000       0x2c obj_cooja/mtype338.a(eeprom.o)
 .comment       0x0000000000000000       0x2c obj_cooja/mtype338.a(random.o)
 .comment       0x0000000000000000       0x2c obj_cooja/mtype338.a(sensors.o)
 .comment       0x0000000000000000       0x2c obj_cooja/mtype338.a(autostart.o)
 .comment       0x0000000000000000       0x2c obj_cooja/mtype338.a(ctimer.o)
 .comment       0x0000000000000000       0x2c obj_cooja/mtype338.a(etimer.o)
 .comment       0x0000000000000000       0x2c obj_cooja/mtype338.a(process.o)
 .comment       0x0000000000000000       0x2c obj_cooja/mtype338.a(rtimer.o)
 .comment       0x0000000000000000       0x2c obj_cooja/mtype338.a(timer.o)
 .comment       0x0000000000000000       0x2c obj_cooja/mtype338.a(serial-line.o)
 .comment       0x0000000000000000       0x2c obj_cooja/mtype338.a(list.o)
 .comment       0x0000000000000000       0x2c obj_cooja/mtype338.a(ringbuf.o)
 .comment       0x0000000000000000       0x2c obj_cooja/mtype338.a(sicslowpan.o)
 .comment       0x0000000000000000       0x2c obj_cooja/mtype338.a(uip-ds6-nbr.o)
 .comment       0x0000000000000000       0x2c obj_cooja/mtype338.a(uip-ds6.o)
 .comment       0x0000000000000000       0x2c obj_cooja/mtype338.a(uip6.o)
 .comment       0x0000000000000000       0x2c obj_cooja/mtype338.a(tcpip.o)
 .comment       0x0000000000000000       0x2c obj_cooja/mtype338.a(uip-packetqueue)
 .comment       0x0000000000000000       0x2c obj_cooja/mtype338.a(rpl-dag.o)
 .comment       0x0000000000000000       0x2c obj_cooja/mtype338.a(rpl-ext-header.)
 .comment       0x0000000000000000       0x2c obj_cooja/mtype338.a(rpl-icmp6.o)
 .comment       0x0000000000000000       0x2c obj_cooja/mtype338.a(rpl-mrhof.o)
 .comment       0x0000000000000000       0x2c obj_cooja/mtype338.a(rpl-timers.o)
 .comment       0x0000000000000000       0x2c obj_cooja/mtype338.a(rpl.o)
 .comment       0x0000000000000000       0x2c obj_cooja/mtype338.a(link-stats.o)
 .comment       0x0000000000000000       0x2c obj_cooja/mtype338.a(linkaddr.o)
 .comment       0x0000000000000000       0x2c obj_cooja/mtype338.a(nbr-table.o)
 .comment       0x0000000000000000       0x2c obj_cooja/mtype338.a(netstack.o)
 .comment       0x0000000000000000       0x2c obj_cooja/mtype338.a(packetbuf.o)
 .comment       0x0000000000000000       0x2c obj_cooja/mtype338.a(queuebuf.o)
 .comment       0x0000000000000000       0x2c obj_cooja/mtype338.a(csma.o)
 .comment       0x0000000000000000       0x2c obj_cooja/mtype338.a(framer-802154.o)
 .comment       0x0000000000000000       0x2c obj_cooja/mtype338.a(mac.o)
 .comment       0x0000000000000000       0x2c obj_cooja/mtype338.a(nullrdc.o)
 .comment       0x0000000000000000       0x2c obj_cooja/mtype338.a(nullsec.o)
 .comment       0x0000000000000000       0x2c obj_cooja/mtype338.a(watchdog.o)
 .comment       0x0000000000000000       0x2c obj_cooja/mtype338.a(rimestats.o)
 .comment       0x0000000000000000       0x2c obj_cooja/mtype338.a(stimer.o)
 .comment       0x0000000000000000       0x2c obj_cooja/mtype338.a(memb.o)
 .comment       0x0000000000000000       0x2c obj_cooja/mtype338.a(uip-ds6-route.o)
 .comment       0x0000000000000000       0x2c obj_cooja/mtype338.a(uip-icmp6.o)
 .comment       0x0000000000000000       0x2c obj_cooja/mtype338.a(uip-nd6.o)
 .comment       0x0000000000000000       0x2c obj_cooja/mtype338.a(uip-debug.o)
 .comment       0x0000000000000000       0x2c obj_cooja/mtype338.a(rpl-nbr-policy.)
 .comment       0x0000000000000000       0x2c obj_cooja/mtype338.a(frame802154.o)
 .comment       0x0000000000000000       0x2c obj_cooja/mtype338.a(mac-sequence.o)
 .comment       0x0000000000000000       0x2c /usr/lib/gcc/i686-linux-gnu/4.8/crtendS.o

.debug
 *(.debug)

.line
 *(.line)

.debug_srcinfo
 *(.debug_srcinfo)

.debug_sfnames
 *(.debug_sfnames)

.debug_aranges  0x0000000000000000      0x7d8
 *(.debug_aranges)
 .debug_aranges
                0x0000000000000000       0x20 hello-world.co
 .debug_aranges
                0x0000000000000020       0x20 obj_cooja/mtype338.o
 .debug_aranges
                0x0000000000000040       0x20 obj_cooja/mtype338.a(simEnvChange.o)
 .debug_aranges
                0x0000000000000060       0x20 obj_cooja/mtype338.a(cooja_mt.o)
 .debug_aranges
                0x0000000000000080       0x20 obj_cooja/mtype338.a(cooja_mtarch.o)
 .debug_aranges
                0x00000000000000a0       0x20 obj_cooja/mtype338.a(rtimer-arch.o)
 .debug_aranges
                0x00000000000000c0       0x20 obj_cooja/mtype338.a(beep.o)
 .debug_aranges
                0x00000000000000e0       0x20 obj_cooja/mtype338.a(button-sensor.o)
 .debug_aranges
                0x0000000000000100       0x20 obj_cooja/mtype338.a(leds-arch.o)
 .debug_aranges
                0x0000000000000120       0x20 obj_cooja/mtype338.a(moteid.o)
 .debug_aranges
                0x0000000000000140       0x20 obj_cooja/mtype338.a(pir-sensor.o)
 .debug_aranges
                0x0000000000000160       0x20 obj_cooja/mtype338.a(rs232.o)
 .debug_aranges
                0x0000000000000180       0x20 obj_cooja/mtype338.a(vib-sensor.o)
 .debug_aranges
                0x00000000000001a0       0x20 obj_cooja/mtype338.a(clock.o)
 .debug_aranges
                0x00000000000001c0       0x20 obj_cooja/mtype338.a(log.o)
 .debug_aranges
                0x00000000000001e0       0x20 obj_cooja/mtype338.a(cfs-cooja.o)
 .debug_aranges
                0x0000000000000200       0x20 obj_cooja/mtype338.a(cooja-radio.o)
 .debug_aranges
                0x0000000000000220       0x20 obj_cooja/mtype338.a(eeprom.o)
 .debug_aranges
                0x0000000000000240       0x20 obj_cooja/mtype338.a(random.o)
 .debug_aranges
                0x0000000000000260       0x20 obj_cooja/mtype338.a(sensors.o)
 .debug_aranges
                0x0000000000000280       0x20 obj_cooja/mtype338.a(autostart.o)
 .debug_aranges
                0x00000000000002a0       0x20 obj_cooja/mtype338.a(ctimer.o)
 .debug_aranges
                0x00000000000002c0       0x20 obj_cooja/mtype338.a(etimer.o)
 .debug_aranges
                0x00000000000002e0       0x20 obj_cooja/mtype338.a(process.o)
 .debug_aranges
                0x0000000000000300       0x20 obj_cooja/mtype338.a(rtimer.o)
 .debug_aranges
                0x0000000000000320       0x20 obj_cooja/mtype338.a(timer.o)
 .debug_aranges
                0x0000000000000340       0x20 obj_cooja/mtype338.a(serial-line.o)
 .debug_aranges
                0x0000000000000360       0x20 obj_cooja/mtype338.a(list.o)
 .debug_aranges
                0x0000000000000380       0x20 obj_cooja/mtype338.a(ringbuf.o)
 .debug_aranges
                0x00000000000003a0       0x20 obj_cooja/mtype338.a(sicslowpan.o)
 .debug_aranges
                0x00000000000003c0       0x20 obj_cooja/mtype338.a(uip-ds6-nbr.o)
 .debug_aranges
                0x00000000000003e0       0x20 obj_cooja/mtype338.a(uip-ds6.o)
 .debug_aranges
                0x0000000000000400       0x20 obj_cooja/mtype338.a(uip6.o)
 .debug_aranges
                0x0000000000000420       0x20 obj_cooja/mtype338.a(tcpip.o)
 .debug_aranges
                0x0000000000000440       0x20 obj_cooja/mtype338.a(uip-packetqueue)
 .debug_aranges
                0x0000000000000460       0x20 obj_cooja/mtype338.a(rpl-dag.o)
 .debug_aranges
                0x0000000000000480       0x20 obj_cooja/mtype338.a(rpl-ext-header.)
 .debug_aranges
                0x00000000000004a0       0x20 obj_cooja/mtype338.a(rpl-icmp6.o)
 .debug_aranges
                0x00000000000004c0       0x20 obj_cooja/mtype338.a(rpl-mrhof.o)
 .debug_aranges
                0x00000000000004e0       0x20 obj_cooja/mtype338.a(rpl-timers.o)
 .debug_aranges
                0x0000000000000500       0x20 obj_cooja/mtype338.a(rpl.o)
 .debug_aranges
                0x0000000000000520       0x20 obj_cooja/mtype338.a(link-stats.o)
 .debug_aranges
                0x0000000000000540       0x20 obj_cooja/mtype338.a(linkaddr.o)
 .debug_aranges
                0x0000000000000560       0x20 obj_cooja/mtype338.a(nbr-table.o)
 .debug_aranges
                0x0000000000000580       0x20 obj_cooja/mtype338.a(netstack.o)
 .debug_aranges
                0x00000000000005a0       0x20 obj_cooja/mtype338.a(packetbuf.o)
 .debug_aranges
                0x00000000000005c0       0x20 obj_cooja/mtype338.a(queuebuf.o)
 .debug_aranges
                0x00000000000005e0       0x20 obj_cooja/mtype338.a(csma.o)
 .debug_aranges
                0x0000000000000600       0x20 obj_cooja/mtype338.a(framer-802154.o)
 .debug_aranges
                0x0000000000000620       0x20 obj_cooja/mtype338.a(mac.o)
 .debug_aranges
                0x0000000000000640       0x20 obj_cooja/mtype338.a(nullrdc.o)
 .debug_aranges
                0x0000000000000660       0x20 obj_cooja/mtype338.a(nullsec.o)
 .debug_aranges
                0x0000000000000680       0x20 obj_cooja/mtype338.a(watchdog.o)
 .debug_aranges
                0x00000000000006a0       0x18 obj_cooja/mtype338.a(rimestats.o)
 .debug_aranges
                0x00000000000006b8       0x20 obj_cooja/mtype338.a(stimer.o)
 .debug_aranges
                0x00000000000006d8       0x20 obj_cooja/mtype338.a(memb.o)
 .debug_aranges
                0x00000000000006f8       0x20 obj_cooja/mtype338.a(uip-ds6-route.o)
 .debug_aranges
                0x0000000000000718       0x20 obj_cooja/mtype338.a(uip-icmp6.o)
 .debug_aranges
                0x0000000000000738       0x20 obj_cooja/mtype338.a(uip-nd6.o)
 .debug_aranges
                0x0000000000000758       0x20 obj_cooja/mtype338.a(uip-debug.o)
 .debug_aranges
                0x0000000000000778       0x20 obj_cooja/mtype338.a(rpl-nbr-policy.)
 .debug_aranges
                0x0000000000000798       0x20 obj_cooja/mtype338.a(frame802154.o)
 .debug_aranges
                0x00000000000007b8       0x20 obj_cooja/mtype338.a(mac-sequence.o)

.debug_pubnames
 *(.debug_pubnames)

.debug_info     0x0000000000000000    0x1ae62
 *(.debug_info .gnu.linkonce.wi.*)
 .debug_info    0x0000000000000000      0x1d7 hello-world.co
 .debug_info    0x00000000000001d7     0x36d8 obj_cooja/mtype338.o
 .debug_info    0x00000000000038af      0x15a obj_cooja/mtype338.a(simEnvChange.o)
 .debug_info    0x0000000000003a09      0x1e2 obj_cooja/mtype338.a(cooja_mt.o)
 .debug_info    0x0000000000003beb      0x2e7 obj_cooja/mtype338.a(cooja_mtarch.o)
 .debug_info    0x0000000000003ed2      0x14a obj_cooja/mtype338.a(rtimer-arch.o)
 .debug_info    0x000000000000401c      0x1f3 obj_cooja/mtype338.a(beep.o)
 .debug_info    0x000000000000420f      0x257 obj_cooja/mtype338.a(button-sensor.o)
 .debug_info    0x0000000000004466      0x132 obj_cooja/mtype338.a(leds-arch.o)
 .debug_info    0x0000000000004598      0x10a obj_cooja/mtype338.a(moteid.o)
 .debug_info    0x00000000000046a2      0x216 obj_cooja/mtype338.a(pir-sensor.o)
 .debug_info    0x00000000000048b8      0x21e obj_cooja/mtype338.a(rs232.o)
 .debug_info    0x0000000000004ad6      0x216 obj_cooja/mtype338.a(vib-sensor.o)
 .debug_info    0x0000000000004cec      0x152 obj_cooja/mtype338.a(clock.o)
 .debug_info    0x0000000000004e3e      0x2bb obj_cooja/mtype338.a(log.o)
 .debug_info    0x00000000000050f9      0x3cf obj_cooja/mtype338.a(cfs-cooja.o)
 .debug_info    0x00000000000054c8      0xd1b obj_cooja/mtype338.a(cooja-radio.o)
 .debug_info    0x00000000000061e3      0x1d5 obj_cooja/mtype338.a(eeprom.o)
 .debug_info    0x00000000000063b8       0xb3 obj_cooja/mtype338.a(random.o)
 .debug_info    0x000000000000646b      0x36d obj_cooja/mtype338.a(sensors.o)
 .debug_info    0x00000000000067d8      0x1a5 obj_cooja/mtype338.a(autostart.o)
 .debug_info    0x000000000000697d      0x46c obj_cooja/mtype338.a(ctimer.o)
 .debug_info    0x0000000000006de9      0x49c obj_cooja/mtype338.a(etimer.o)
 .debug_info    0x0000000000007285      0x4ab obj_cooja/mtype338.a(process.o)
 .debug_info    0x0000000000007730      0x1b6 obj_cooja/mtype338.a(rtimer.o)
 .debug_info    0x00000000000078e6      0x16c obj_cooja/mtype338.a(timer.o)
 .debug_info    0x0000000000007a52      0x2de obj_cooja/mtype338.a(serial-line.o)
 .debug_info    0x0000000000007d30      0x2ed obj_cooja/mtype338.a(list.o)
 .debug_info    0x000000000000801d      0x1aa obj_cooja/mtype338.a(ringbuf.o)
 .debug_info    0x00000000000081c7     0x105d obj_cooja/mtype338.a(sicslowpan.o)
 .debug_info    0x0000000000009224      0x84e obj_cooja/mtype338.a(uip-ds6-nbr.o)
 .debug_info    0x0000000000009a72      0xa4b obj_cooja/mtype338.a(uip-ds6.o)
 .debug_info    0x000000000000a4bd      0xe68 obj_cooja/mtype338.a(uip6.o)
 .debug_info    0x000000000000b325     0x141d obj_cooja/mtype338.a(tcpip.o)
 .debug_info    0x000000000000c742      0x470 obj_cooja/mtype338.a(uip-packetqueue)
 .debug_info    0x000000000000cbb2     0x1b03 obj_cooja/mtype338.a(rpl-dag.o)
 .debug_info    0x000000000000e6b5      0xf73 obj_cooja/mtype338.a(rpl-ext-header.)
 .debug_info    0x000000000000f628     0x16b7 obj_cooja/mtype338.a(rpl-icmp6.o)
 .debug_info    0x0000000000010cdf      0xa3d obj_cooja/mtype338.a(rpl-mrhof.o)
 .debug_info    0x000000000001171c      0xcc0 obj_cooja/mtype338.a(rpl-timers.o)
 .debug_info    0x00000000000123dc      0xce9 obj_cooja/mtype338.a(rpl.o)
 .debug_info    0x00000000000130c5      0x691 obj_cooja/mtype338.a(link-stats.o)
 .debug_info    0x0000000000013756      0x165 obj_cooja/mtype338.a(linkaddr.o)
 .debug_info    0x00000000000138bb      0x969 obj_cooja/mtype338.a(nbr-table.o)
 .debug_info    0x0000000000014224      0x4b9 obj_cooja/mtype338.a(netstack.o)
 .debug_info    0x00000000000146dd      0x48d obj_cooja/mtype338.a(packetbuf.o)
 .debug_info    0x0000000000014b6a      0x57d obj_cooja/mtype338.a(queuebuf.o)
 .debug_info    0x00000000000150e7      0xc0d obj_cooja/mtype338.a(csma.o)
 .debug_info    0x0000000000015cf4      0x5ed obj_cooja/mtype338.a(framer-802154.o)
 .debug_info    0x00000000000162e1      0x112 obj_cooja/mtype338.a(mac.o)
 .debug_info    0x00000000000163f3      0xc3c obj_cooja/mtype338.a(nullrdc.o)
 .debug_info    0x000000000001702f      0x3aa obj_cooja/mtype338.a(nullsec.o)
 .debug_info    0x00000000000173d9       0x7b obj_cooja/mtype338.a(watchdog.o)
 .debug_info    0x0000000000017454      0x119 obj_cooja/mtype338.a(rimestats.o)
 .debug_info    0x000000000001756d      0x179 obj_cooja/mtype338.a(stimer.o)
 .debug_info    0x00000000000176e6      0x1d7 obj_cooja/mtype338.a(memb.o)
 .debug_info    0x00000000000178bd      0xd47 obj_cooja/mtype338.a(uip-ds6-route.o)
 .debug_info    0x0000000000018604      0x761 obj_cooja/mtype338.a(uip-icmp6.o)
 .debug_info    0x0000000000018d65      0x80f obj_cooja/mtype338.a(uip-nd6.o)
 .debug_info    0x0000000000019574      0x13b obj_cooja/mtype338.a(uip-debug.o)
 .debug_info    0x00000000000196af      0xdca obj_cooja/mtype338.a(rpl-nbr-policy.)
 .debug_info    0x000000000001a479      0x72d obj_cooja/mtype338.a(frame802154.o)
 .debug_info    0x000000000001aba6      0x2bc obj_cooja/mtype338.a(mac-sequence.o)

.debug_abbrev   0x0000000000000000     0x6639
 *(.debug_abbrev)
 .debug_abbrev  0x0000000000000000      0x11e hello-world.co
 .debug_abbrev  0x000000000000011e      0x2b3 obj_cooja/mtype338.o
 .debug_abbrev  0x00000000000003d1       0xc3 obj_cooja/mtype338.a(simEnvChange.o)
 .debug_abbrev  0x0000000000000494       0xe6 obj_cooja/mtype338.a(cooja_mt.o)
 .debug_abbrev  0x000000000000057a      0x147 obj_cooja/mtype338.a(cooja_mtarch.o)
 .debug_abbrev  0x00000000000006c1       0xbd obj_cooja/mtype338.a(rtimer-arch.o)
 .debug_abbrev  0x000000000000077e       0xe3 obj_cooja/mtype338.a(beep.o)
 .debug_abbrev  0x0000000000000861      0x11c obj_cooja/mtype338.a(button-sensor.o)
 .debug_abbrev  0x000000000000097d       0xe1 obj_cooja/mtype338.a(leds-arch.o)
 .debug_abbrev  0x0000000000000a5e       0x9c obj_cooja/mtype338.a(moteid.o)
 .debug_abbrev  0x0000000000000afa       0xe6 obj_cooja/mtype338.a(pir-sensor.o)
 .debug_abbrev  0x0000000000000be0      0x14a obj_cooja/mtype338.a(rs232.o)
 .debug_abbrev  0x0000000000000d2a       0xe6 obj_cooja/mtype338.a(vib-sensor.o)
 .debug_abbrev  0x0000000000000e10       0xee obj_cooja/mtype338.a(clock.o)
 .debug_abbrev  0x0000000000000efe      0x141 obj_cooja/mtype338.a(log.o)
 .debug_abbrev  0x000000000000103f      0x139 obj_cooja/mtype338.a(cfs-cooja.o)
 .debug_abbrev  0x0000000000001178      0x324 obj_cooja/mtype338.a(cooja-radio.o)
 .debug_abbrev  0x000000000000149c       0xf5 obj_cooja/mtype338.a(eeprom.o)
 .debug_abbrev  0x0000000000001591       0x6d obj_cooja/mtype338.a(random.o)
 .debug_abbrev  0x00000000000015fe      0x1c2 obj_cooja/mtype338.a(sensors.o)
 .debug_abbrev  0x00000000000017c0       0xfb obj_cooja/mtype338.a(autostart.o)
 .debug_abbrev  0x00000000000018bb      0x1a1 obj_cooja/mtype338.a(ctimer.o)
 .debug_abbrev  0x0000000000001a5c      0x1f1 obj_cooja/mtype338.a(etimer.o)
 .debug_abbrev  0x0000000000001c4d      0x244 obj_cooja/mtype338.a(process.o)
 .debug_abbrev  0x0000000000001e91      0x124 obj_cooja/mtype338.a(rtimer.o)
 .debug_abbrev  0x0000000000001fb5       0xf5 obj_cooja/mtype338.a(timer.o)
 .debug_abbrev  0x00000000000020aa      0x190 obj_cooja/mtype338.a(serial-line.o)
 .debug_abbrev  0x000000000000223a      0x145 obj_cooja/mtype338.a(list.o)
 .debug_abbrev  0x000000000000237f       0xdb obj_cooja/mtype338.a(ringbuf.o)
 .debug_abbrev  0x000000000000245a      0x290 obj_cooja/mtype338.a(sicslowpan.o)